Archive member included to satisfy reference by file (symbol)

tinyQV-sdk/tinyQV.a(uart.o)   obj/runtime.o (uart_put_buffer)
tinyQV-sdk/tinyQV.a(uart_buf.o)
                              obj/tqv_fs.o (uart_putc)
tinyQV-sdk/tinyQV.a(mul.o)    obj/main.o (__mulsi3)
tinyQV-sdk/tinyQV.a(peripheral.o)
                              tinyQV-sdk/tinyQV.a(uart.o) (debug_uart_putc)
tinyQV-sdk/tinyQV.a(timer.o)  tinyQV-sdk/start.o (tqv_timer_interrupt)
/opt/tinyQV/riscv32-unknown-elf/lib/libc.a(libc_a-atoi.o)
                              obj/main.o (atoi)
/opt/tinyQV/riscv32-unknown-elf/lib/libc.a(libc_a-calloc.o)
                              obj/tui/termcurses/tcurses_vt100.o (calloc)
/opt/tinyQV/riscv32-unknown-elf/lib/libc.a(libc_a-callocr.o)
                              /opt/tinyQV/riscv32-unknown-elf/lib/libc.a(libc_a-calloc.o) (_calloc_r)
/opt/tinyQV/riscv32-unknown-elf/lib/libc.a(libc_a-exit.o)
                              obj/tui/pdcurses/pdc_initscr.o (exit)
/opt/tinyQV/riscv32-unknown-elf/lib/libc.a(libc_a-getenv.o)
                              obj/tui/termcurses/termcurses.o (getenv)
/opt/tinyQV/riscv32-unknown-elf/lib/libc.a(libc_a-getenv_r.o)
                              /opt/tinyQV/riscv32-unknown-elf/lib/libc.a(libc_a-getenv.o) (_findenv_r)
/opt/tinyQV/riscv32-unknown-elf/lib/libc.a(libc_a-malloc.o)
                              obj/main.o (malloc)
/opt/tinyQV/riscv32-unknown-elf/lib/libc.a(libc_a-mallocr.o)
                              /opt/tinyQV/riscv32-unknown-elf/lib/libc.a(libc_a-callocr.o) (_malloc_r)
/opt/tinyQV/riscv32-unknown-elf/lib/libc.a(libc_a-mlock.o)
                              /opt/tinyQV/riscv32-unknown-elf/lib/libc.a(libc_a-mallocr.o) (__malloc_lock)
/opt/tinyQV/riscv32-unknown-elf/lib/libc.a(libc_a-realloc.o)
                              obj/tui/Mid2Pwl.o (realloc)
/opt/tinyQV/riscv32-unknown-elf/lib/libc.a(libc_a-reallocr.o)
                              /opt/tinyQV/riscv32-unknown-elf/lib/libc.a(libc_a-realloc.o) (_realloc_r)
/opt/tinyQV/riscv32-unknown-elf/lib/libc.a(libc_a-strtol.o)
                              /opt/tinyQV/riscv32-unknown-elf/lib/libc.a(libc_a-atoi.o) (_strtol_r)
/opt/tinyQV/riscv32-unknown-elf/lib/libc.a(libc_a-strtoul.o)
                              obj/main.o (strtoul)
/opt/tinyQV/riscv32-unknown-elf/lib/libc.a(libc_a-ctype_.o)
                              obj/strsafe.o (_ctype_)
/opt/tinyQV/riscv32-unknown-elf/lib/libc.a(libc_a-isdigit.o)
                              obj/tui/Tui.o (isdigit)
/opt/tinyQV/riscv32-unknown-elf/lib/libc.a(libc_a-qsort.o)
                              obj/tui/Mid2Pwl.o (qsort)
/opt/tinyQV/riscv32-unknown-elf/lib/libc.a(libc_a-fclose.o)
                              obj/main.o (fclose)
/opt/tinyQV/riscv32-unknown-elf/lib/libc.a(libc_a-fflush.o)
                              /opt/tinyQV/riscv32-unknown-elf/lib/libc.a(libc_a-fclose.o) (__sflush_r)
/opt/tinyQV/riscv32-unknown-elf/lib/libc.a(libc_a-fgets.o)
                              obj/main.o (fgets)
/opt/tinyQV/riscv32-unknown-elf/lib/libc.a(libc_a-findfp.o)
                              /opt/tinyQV/riscv32-unknown-elf/lib/libc.a(libc_a-fflush.o) (__sglue)
/opt/tinyQV/riscv32-unknown-elf/lib/libc.a(libc_a-fopen.o)
                              obj/main.o (fopen)
/opt/tinyQV/riscv32-unknown-elf/lib/libc.a(libc_a-fprintf.o)
                              obj/tui/pdcurses/pdc_initscr.o (fprintf)
/opt/tinyQV/riscv32-unknown-elf/lib/libc.a(libc_a-fputs.o)
                              obj/main.o (fputs)
/opt/tinyQV/riscv32-unknown-elf/lib/libc.a(libc_a-fread.o)
                              obj/main.o (fread)
/opt/tinyQV/riscv32-unknown-elf/lib/libc.a(libc_a-fseek.o)
                              /opt/tinyQV/riscv32-unknown-elf/lib/libc.a(libc_a-fopen.o) (_fseek_r)
/opt/tinyQV/riscv32-unknown-elf/lib/libc.a(libc_a-ftell.o)
                              obj/tui/Mid2Pwl.o (ftell)
/opt/tinyQV/riscv32-unknown-elf/lib/libc.a(libc_a-fvwrite.o)
                              /opt/tinyQV/riscv32-unknown-elf/lib/libc.a(libc_a-fputs.o) (__sfvwrite_r)
/opt/tinyQV/riscv32-unknown-elf/lib/libc.a(libc_a-fwalk.o)
                              /opt/tinyQV/riscv32-unknown-elf/lib/libc.a(libc_a-fflush.o) (_fwalk_sglue)
/opt/tinyQV/riscv32-unknown-elf/lib/libc.a(libc_a-fwrite.o)
                              obj/tui/pdcurses/pdc_scrdump.o (fwrite)
/opt/tinyQV/riscv32-unknown-elf/lib/libc.a(libc_a-printf.o)
                              obj/main.o (printf)
/opt/tinyQV/riscv32-unknown-elf/lib/libc.a(libc_a-putchar.o)
                              obj/main.o (putchar)
/opt/tinyQV/riscv32-unknown-elf/lib/libc.a(libc_a-refill.o)
                              /opt/tinyQV/riscv32-unknown-elf/lib/libc.a(libc_a-fgets.o) (__srefill_r)
/opt/tinyQV/riscv32-unknown-elf/lib/libc.a(libc_a-setvbuf.o)
                              obj/main.o (setvbuf)
/opt/tinyQV/riscv32-unknown-elf/lib/libc.a(libc_a-snprintf.o)
                              obj/main.o (snprintf)
[...]
Memory Configuration

Name             Origin             Length             Attributes
rom              0x00000000         0x01000000         xr
ram_a            0x01000000         0x00800000         rw
ram_b            0x01800000         0x00800000         rw
*default*        0x00000000         0xffffffff

Linker script and memory map

LOAD obj/main.o
LOAD obj/song_paradise.o
LOAD obj/song_paradise_v.o
LOAD obj/song_axelf.o
LOAD obj/song_axelf_a.o
LOAD obj/song_gmlast.o
LOAD obj/song_willie.o
LOAD obj/song_skybells.o
LOAD obj/cxxrt.o
LOAD obj/strsafe.o
LOAD obj/pwl_synth.o
LOAD obj/tqv_fs.o
LOAD obj/runtime.o
LOAD obj/chroma_dutymeter.o
LOAD obj/prism.o
LOAD obj/tui/tqv_termio.o
LOAD obj/tui/tuitest.o
LOAD obj/tui/termcurses/tcurses_vt100.o
LOAD obj/tui/termcurses/termcurses.o
LOAD obj/tui/pdcurses/pdc_addch.o
LOAD obj/tui/pdcurses/pdc_addchstr.o
LOAD obj/tui/pdcurses/pdc_addstr.o
LOAD obj/tui/pdcurses/pdc_attr.o
LOAD obj/tui/pdcurses/pdc_beep.o
LOAD obj/tui/pdcurses/pdc_bkgd.o
LOAD obj/tui/pdcurses/pdc_border.o
LOAD obj/tui/pdcurses/pdc_clear.o
LOAD obj/tui/pdcurses/pdc_color.o
LOAD obj/tui/pdcurses/pdc_delch.o
LOAD obj/tui/pdcurses/pdc_deleteln.o
LOAD obj/tui/pdcurses/pdc_getch.o
LOAD obj/tui/pdcurses/pdc_getstr.o
LOAD obj/tui/pdcurses/pdc_getyx.o
LOAD obj/tui/pdcurses/pdc_inch.o
LOAD obj/tui/pdcurses/pdc_inchstr.o
LOAD obj/tui/pdcurses/pdc_initscr.o
LOAD obj/tui/pdcurses/pdc_inopts.o
LOAD obj/tui/pdcurses/pdc_insch.o
LOAD obj/tui/pdcurses/pdc_insstr.o
LOAD obj/tui/pdcurses/pdc_instr.o
LOAD obj/tui/pdcurses/pdc_kernel.o
LOAD obj/tui/pdcurses/pdc_keyname.o
LOAD obj/tui/pdcurses/pdc_mouse.o
LOAD obj/tui/pdcurses/pdc_move.o
LOAD obj/tui/pdcurses/pdc_outopts.o
LOAD obj/tui/pdcurses/pdc_overlay.o
LOAD obj/tui/pdcurses/pdc_pad.o
LOAD obj/tui/pdcurses/pdc_panel.o
LOAD obj/tui/pdcurses/pdc_printw.o
LOAD obj/tui/pdcurses/pdc_refresh.o
LOAD obj/tui/pdcurses/pdc_scanw.o
LOAD obj/tui/pdcurses/pdc_scrdump.o
LOAD obj/tui/pdcurses/pdc_scroll.o
LOAD obj/tui/pdcurses/pdc_slk.o
LOAD obj/tui/pdcurses/pdc_termattr.o
LOAD obj/tui/pdcurses/pdc_terminfo.o
LOAD obj/tui/pdcurses/pdc_touch.o
LOAD obj/tui/pdcurses/pdc_util.o
LOAD obj/tui/pdcurses/pdc_window.o
LOAD obj/tui/platform/pdcclip.o
LOAD obj/tui/platform/pdcdisp.o
LOAD obj/tui/platform/pdcgetsc.o
LOAD obj/tui/platform/pdckbd.o
LOAD obj/tui/platform/pdcscrn.o
LOAD obj/tui/platform/pdcsetsc.o
LOAD obj/tui/platform/pdcutil.o
LOAD obj/tui/History.o
LOAD obj/tui/Mid2Pwl.o
LOAD obj/tui/MidiFile.o
LOAD obj/tui/PrismWaves.o
LOAD obj/tui/PwlSynth.o
LOAD obj/tui/Tabs.o
LOAD obj/tui/Tui.o
LOAD obj/tui/TuiMain.o
LOAD tinyQV-sdk/start.o
LOAD tinyQV-sdk/tinyQV.a
LOAD /opt/tinyQV/riscv32-unknown-elf/lib/libc.a
LOAD /opt/tinyQV/lib/gcc/riscv32-unknown-elf/16.1.0/libgcc.a

.boot           0x00000000       0x9a
 *(.boot)
 .boot          0x00000000       0x9a tinyQV-sdk/start.o
                0x0000006e                tqv_user_interrupt06_raw
                0x0000006e                tqv_user_interrupt15_raw
                0x0000006e                tqv_user_interrupt08_raw
                0x0000006e                tqv_user_interrupt14_raw
                0x0000006e                tqv_user_interrupt09_raw
                0x0000006e                tqv_user_interrupt07_raw
                0x0000006e                tqv_user_interrupt11_raw
                0x0000006e                tqv_user_interrupt05_raw
                0x0000006e                tqv_user_interrupt04_raw
                0x0000006e                tqv_user_interrupt13_raw
                0x0000006e                tqv_user_interrupt12_raw
                0x0000006e                tqv_user_interrupt10_raw
 *(.boot)

.vectors        0x000000c0       0x70
 *(.vectors)
 .vectors       0x000000c0       0x70 tinyQV-sdk/start.o

.srodata        0x00000130       0xc0
 *(.srodata*)
 .srodata.phrase.0
                0x00000130        0x4 obj/main.o
 .srodata.base.1
                0x00000134        0x7 obj/main.o
 *fill*         0x0000013b        0x1 
 .srodata.modtable.0
                0x0000013c        0x7 obj/tui/termcurses/tcurses_vt100.o
 *fill*         0x00000143        0x1 
 .srodata._ZZL12emit_inst_swP7EvBuf_tmiiiiPK9MidiCvt_tiE7roleDet
                0x00000144        0x3 obj/tui/Mid2Pwl.o
 *fill*         0x00000147        0x1 
 .srodata._ZL8s_rowbit
                0x00000148        0x8 obj/tui/PrismWaves.o
 .srodata._ZZN9CPwlSynth17GetCommandTabListEPcPKcRP11TuiSortListE5names_4
                0x00000150        0x8 obj/tui/PwlSynth.o
 .srodata._ZZN9CPwlSynth17GetCommandTabListEPcPKcRP11TuiSortListE5names_3
                0x00000158        0x8 obj/tui/PwlSynth.o
 .srodata._ZZN9CPwlSynth17GetCommandTabListEPcPKcRP11TuiSortListE5names_1
                0x00000160        0x8 obj/tui/PwlSynth.o
 .srodata._ZZN9CPwlSynth10ProcessKeyEiE3cls
                0x00000168        0x7 obj/tui/PwlSynth.o
 *fill*         0x0000016f        0x1 
 .srodata._ZL12s_BrailleBit
                0x00000170        0x8 obj/tui/PwlSynth.o
 .srodata._ZL11s_MidiColor
                0x00000178        0x8 obj/tui/PwlSynth.o
 .srodata._ZL11s_ChanColor
                0x00000180        0x8 obj/tui/PwlSynth.o
 .srodata._ZZN4CTui15NextWindowFocusEvE9focus_dir
                0x00000188        0x6 obj/tui/Tui.o
 *fill*         0x0000018e        0x2 
 .srodata.cst8  0x00000190       0x60 /opt/tinyQV/riscv32-unknown-elf/lib/libc.a(libc_a-gdtoa-gdtoa.o)

.early_text     0x000001f0       0xb2
 *(.early_text*)
 .early_text    0x000001f0       0xb2 obj/runtime.o
                0x000001f0                __runtime_init

.text           0x000002a4    0x2b9e0
 *(.text*)
 .text.seq_reset
                0x000002a4       0x66 obj/main.o
 .text.parse_note
                0x0000030a       0x8c obj/main.o
 .text.parse_u32
                0x00000396       0x46 obj/main.o
 .text.perc_hat
                0x000003dc       0x52 obj/main.o
 .text.perc_kick
                0x0000042e       0x54 obj/main.o
 .text.perc_snare
                0x00000482       0x54 obj/main.o
 .text.arg_ch.constprop.0
                0x000004d6       0x6e obj/main.o
 .text.seq_quiet_arg
                0x00000544       0x4a obj/main.o
                0x00000544                seq_quiet_arg
 .text.cli_readline
                0x0000058e       0x96 obj/main.o
                0x0000058e                cli_readline
 .text.note_name
                0x00000624       0x4e obj/main.o
                0x00000624                note_name
 .text.pwl_preset_count
                0x00000672        0x4 obj/main.o
                0x00000672                pwl_preset_count
 .text.pwl_preset_name
                0x00000676       0x1a obj/main.o
                0x00000676                pwl_preset_name
 .text.pwl_apply_preset
                0x00000690       0x2e obj/main.o
                0x00000690                pwl_apply_preset
 .text.pwl_match_preset
                0x000006be       0x62 obj/main.o
                0x000006be                pwl_match_preset
 .text.seq_play
                0x00000720      0x902 obj/main.o
                0x00000720                seq_play
 .text.cli_execute
                0x00001022     0x185e obj/main.o
                0x00001022                cli_execute
 .text.startup.main
                0x00002880      0x130 obj/main.o
                0x00002880                main
 .text._Znwj    0x000029b0        0x4 obj/cxxrt.o
                0x000029b0                operator new(unsigned int)
 .text._Znaj    0x000029b4        0x4 obj/cxxrt.o
                0x000029b4                operator new[](unsigned int)
 .text._ZdaPv   0x000029b8        0x4 obj/cxxrt.o
                0x000029b8                operator delete[](void*)
 .text._ZdlPvj  0x000029bc        0x4 obj/cxxrt.o
                0x000029bc                operator delete(void*, unsigned int)
 .text.strlen   0x000029c0       0x16 obj/strsafe.o
                0x000029c0                strlen
 .text.strcmp   0x000029d6       0x18 obj/strsafe.o
                0x000029d6                strcmp
 .text.strncmp  0x000029ee       0x20 obj/strsafe.o
                0x000029ee                strncmp
 .text.strcpy   0x00002a0e       0x10 obj/strsafe.o
                0x00002a0e                strcpy
 .text.strncpy  0x00002a1e       0x24 obj/strsafe.o
                0x00002a1e                strncpy
 .text.strcat   0x00002a42       0x28 obj/strsafe.o
                0x00002a42                strcat
 .text.strchr   0x00002a6a       0x1a obj/strsafe.o
                0x00002a6a                strchr
 .text.strrchr  0x00002a84       0x1e obj/strsafe.o
                0x00002a84                strrchr
 .text.strcasecmp
                0x00002aa2       0xb4 obj/strsafe.o
                0x00002aa2                strcasecmp
 .text.strncasecmp
                0x00002b56       0x8a obj/strsafe.o
                0x00002b56                strncasecmp
 .text.pwl_apply_waveform
                0x00002be0       0x50 obj/pwl_synth.o
 .text.pwl_env_aim
                0x00002c30       0x6e obj/pwl_synth.o
 .text.pwl_ws_effective
                0x00002c9e       0x7e obj/pwl_synth.o
 .text.pwl_timbre_env_start
                0x00002d1c      0x240 obj/pwl_synth.o
 .text.pwl_note_fperiod
                0x00002f5c       0xd0 obj/pwl_synth.o
                0x00002f5c                pwl_note_fperiod
 .text.pwl_pitch_env_start
                0x0000302c      0x114 obj/pwl_synth.o
 .text.pwl_arp_arm
                0x00003140       0xbe obj/pwl_synth.o
 .text.pwl_set_waveform
                0x000031fe       0x2a obj/pwl_synth.o
                0x000031fe                pwl_set_waveform
 .text.pwl_set_sweeps
                0x00003228       0x4e obj/pwl_synth.o
                0x00003228                pwl_set_sweeps
 .text.pwl_set_adsr
                0x00003276       0x36 obj/pwl_synth.o
                0x00003276                pwl_set_adsr
 .text.pwl_adsr_off
                0x000032ac       0x1c obj/pwl_synth.o
                0x000032ac                pwl_adsr_off
 .text.pwl_set_pitch_env
                0x000032c8       0x28 obj/pwl_synth.o
                0x000032c8                pwl_set_pitch_env
 .text.pwl_pitch_env_off
                0x000032f0       0x84 obj/pwl_synth.o
                0x000032f0                pwl_pitch_env_off
 .text.pwl_set_timbre_env
                0x00003374       0x62 obj/pwl_synth.o
                0x00003374                pwl_set_timbre_env
 .text.pwl_timbre_env_off
                0x000033d6       0xa4 obj/pwl_synth.o
                0x000033d6                pwl_timbre_env_off
 .text.pwl_set_vibrato
                0x0000347a       0xe0 obj/pwl_synth.o
                0x0000347a                pwl_set_vibrato
 .text.pwl_vibrato_off
                0x0000355a       0x5e obj/pwl_synth.o
                0x0000355a                pwl_vibrato_off
 .text.pwl_vibrato_arm
                0x000035b8       0xa4 obj/pwl_synth.o
                0x000035b8                pwl_vibrato_arm
 .text.pwl_env_service
                0x0000365c      0x556 obj/pwl_synth.o
                0x0000365c                pwl_env_service
 .text.pwl_note_on
                0x00003bb2      0x486 obj/pwl_synth.o
                0x00003bb2                pwl_note_on
 .text.pwl_set_arp
                0x00004038       0x2c obj/pwl_synth.o
                0x00004038                pwl_set_arp
 .text.pwl_set_arp_rate
                0x00004064       0x18 obj/pwl_synth.o
                0x00004064                pwl_set_arp_rate
 .text.pwl_note_slur
                0x0000407c       0xa2 obj/pwl_synth.o
                0x0000407c                pwl_note_slur
 .text.pwl_note_off
                0x0000411e      0x124 obj/pwl_synth.o
                0x0000411e                pwl_note_off
 .text.pwl_all_off
                0x00004242       0x1c obj/pwl_synth.o
                0x00004242                pwl_all_off
 .text.pwl_set_cfg
                0x0000425e       0x10 obj/pwl_synth.o
                0x0000425e                pwl_set_cfg
 .text.pwl_get_cfg
                0x0000426e        0x6 obj/pwl_synth.o
                0x0000426e                pwl_get_cfg
 .text.fs_num.constprop.0
                0x00004274       0x54 obj/tqv_fs.o
 .text.fs_request
                0x000042c8       0x8e obj/tqv_fs.o
 .text.fs_response
                0x00004356      0x184 obj/tqv_fs.o
 .text.tqv_fs_reprobe
                0x000044da       0x6c obj/tqv_fs.o
                0x000044da                tqv_fs_reprobe
 .text.tqv_fs_available
                0x00004546       0x20 obj/tqv_fs.o
                0x00004546                tqv_fs_available
 .text.tqv_fs_probe_wait
                0x00004566       0x46 obj/tqv_fs.o
                0x00004566                tqv_fs_probe_wait
 .text.tqv_fs_host
                0x000045ac        0xa obj/tqv_fs.o
                0x000045ac                tqv_fs_host
 .text.tqv_fs_open
                0x000045b6       0x62 obj/tqv_fs.o
                0x000045b6                tqv_fs_open
 .text.tqv_fs_close
                0x00004618       0x5e obj/tqv_fs.o
                0x00004618                tqv_fs_close
 .text.tqv_fs_read
                0x00004676       0x76 obj/tqv_fs.o
                0x00004676                tqv_fs_read
 .text.tqv_fs_write
                0x000046ec       0x84 obj/tqv_fs.o
                0x000046ec                tqv_fs_write
 .text.tqv_fs_seek
                0x00004770       0x76 obj/tqv_fs.o
                0x00004770                tqv_fs_seek
 .text.tqv_fs_list
                0x000047e6       0x6a obj/tqv_fs.o
                0x000047e6                tqv_fs_list
 .text.__tinyqv_fs_open
                0x00004850       0xae obj/tqv_fs.o
                0x00004850                __tinyqv_fs_open
 .text.__tinyqv_fs_close
                0x000048fe        0x4 obj/tqv_fs.o
                0x000048fe                __tinyqv_fs_close
 .text.__tinyqv_fs_read
                0x00004902        0x4 obj/tqv_fs.o
                0x00004902                __tinyqv_fs_read
 .text.__tinyqv_fs_write
                0x00004906        0x4 obj/tqv_fs.o
                0x00004906                __tinyqv_fs_write
 .text.__tinyqv_fs_lseek
                0x0000490a        0x4 obj/tqv_fs.o
                0x0000490a                __tinyqv_fs_lseek
 .text._sbrk    0x0000490e       0x20 obj/runtime.o
                0x0000490e                _sbrk
 .text._getpid  0x0000492e        0x4 obj/runtime.o
                0x0000492e                _getpid
 .text._kill    0x00004932        0x4 obj/runtime.o
                0x00004932                _kill
 .text._exit    0x00004936        0x2 obj/runtime.o
                0x00004936                _exit
 .text._read    0x00004938       0x42 obj/runtime.o
                0x00004938                _read
 .text._write   0x0000497a       0x52 obj/runtime.o
                0x0000497a                _write
 .text._open    0x000049cc       0x14 obj/runtime.o
                0x000049cc                _open
 .text._close   0x000049e0        0xc obj/runtime.o
                0x000049e0                _close
 .text._lseek   0x000049ec        0xc obj/runtime.o
                0x000049ec                _lseek
 .text._fstat   0x000049f8        0x4 obj/runtime.o
                0x000049f8                _fstat
 .text._isatty  0x000049fc        0x6 obj/runtime.o
                0x000049fc                _isatty
 .text.prism_load_config
                0x00004a02       0xae obj/prism.o
                0x00004a02                prism_load_config
 .text.prism_load_chroma
                0x00004ab0       0x60 obj/prism.o
                0x00004ab0                prism_load_chroma
 .text.prism_enable
                0x00004b10       0x18 obj/prism.o
                0x00004b10                prism_enable
 .text.prism_disable
                0x00004b28       0x12 obj/prism.o
                0x00004b28                prism_disable
 .text.prism_set_count1_preload
                0x00004b3a        0xe obj/prism.o
                0x00004b3a                prism_set_count1_preload
 .text.prism_get_count1
                0x00004b48        0xe obj/prism.o
                0x00004b48                prism_get_count1
 .text.prism_host_write
                0x00004b56        0xc obj/prism.o
                0x00004b56                prism_host_write
 .text.write    0x00004b62       0x16 obj/tui/tqv_termio.o
                0x00004b62                write
 .text.read     0x00004b78       0x64 obj/tui/tqv_termio.o
                0x00004b78                read
 .text.select   0x00004bdc       0x7e obj/tui/tqv_termio.o
                0x00004bdc                select
 .text.fcntl    0x00004c5a       0x42 obj/tui/tqv_termio.o
                0x00004c5a                fcntl
 .text.usleep   0x00004c9c       0x12 obj/tui/tqv_termio.o
                0x00004c9c                usleep
 .text.ioctl    0x00004cae       0x14 obj/tui/tqv_termio.o
                0x00004cae                ioctl
 .text.tui_smoke_test
                0x00004cc2      0x19e obj/tui/tuitest.o
                0x00004cc2                tui_smoke_test
 .text.tcurses_vt100_getcolorindex
                0x00004e60      0x168 obj/tui/termcurses/tcurses_vt100.o
 .text.tcurses_vt100_checkkey
                0x00004fc8       0x56 obj/tui/termcurses/tcurses_vt100.o
 .text.tcurses_vt100_getkeycode
                0x0000501e      0x466 obj/tui/termcurses/tcurses_vt100.o
 .text.tcurses_vt100_clear
                0x00005484       0x88 obj/tui/termcurses/tcurses_vt100.o
 .text.tcurses_vt100_setattributes
                0x0000550c       0xfe obj/tui/termcurses/tcurses_vt100.o
 .text.tcurses_vt100_setcolors
                0x0000560a       0x9e obj/tui/termcurses/tcurses_vt100.o
 .text.tcurses_vt100_move
                0x000056a8      0x11e obj/tui/termcurses/tcurses_vt100.o
 .text.tcurses_vt100_initialize
                0x000057c6       0x3e obj/tui/termcurses/tcurses_vt100.o
 .text.tcurses_vt100_getwinsize
                0x00005804      0x160 obj/tui/termcurses/tcurses_vt100.o
 .text.termcurses_initterm
                0x00005964       0x72 obj/tui/termcurses/termcurses.o
                0x00005964                termcurses_initterm
 .text.termcurses_deinitterm
                0x000059d6       0x48 obj/tui/termcurses/termcurses.o
                0x000059d6                termcurses_deinitterm
 .text.termcurses_moveyx
                0x00005a1e       0x12 obj/tui/termcurses/termcurses.o
                0x00005a1e                termcurses_moveyx
 .text.termcurses_setcolors
                0x00005a30       0x14 obj/tui/termcurses/termcurses.o
                0x00005a30                termcurses_setcolors
 .text.termcurses_setattribute
                0x00005a44        0xe obj/tui/termcurses/termcurses.o
                0x00005a44                termcurses_setattribute
 .text.termcurses_getwinsize
                0x00005a52        0xe obj/tui/termcurses/termcurses.o
                0x00005a52                termcurses_getwinsize
 .text.termcurses_getkeycode
                0x00005a60        0xc obj/tui/termcurses/termcurses.o
                0x00005a60                termcurses_getkeycode
 .text.termcurses_checkkey
                0x00005a6c        0xc obj/tui/termcurses/termcurses.o
                0x00005a6c                termcurses_checkkey
 .text.waddch   0x00005a78      0x25a obj/tui/pdcurses/pdc_addch.o
                0x00005a78                waddch
 .text.mvwaddch
                0x00005cd2       0x2e obj/tui/pdcurses/pdc_addch.o
                0x00005cd2                mvwaddch
 .text.waddnstr
                0x00005d00       0x42 obj/tui/pdcurses/pdc_addstr.o
                0x00005d00                waddnstr
 .text.waddstr  0x00005d42        0x4 obj/tui/pdcurses/pdc_addstr.o
                0x00005d42                waddstr
 .text.wattroff
                0x00005d46       0x16 obj/tui/pdcurses/pdc_attr.o
                0x00005d46                wattroff
 .text.attroff  0x00005d5c       0x1a obj/tui/pdcurses/pdc_attr.o
                0x00005d5c                attroff
 .text.wattron  0x00005d76       0x38 obj/tui/pdcurses/pdc_attr.o
                0x00005d76                wattron
 .text.attron   0x00005dae       0x40 obj/tui/pdcurses/pdc_attr.o
                0x00005dae                attron
 .text.wattrset
                0x00005dee       0x10 obj/tui/pdcurses/pdc_attr.o
                0x00005dee                wattrset
 .text.attrset  0x00005dfe       0x14 obj/tui/pdcurses/pdc_attr.o
                0x00005dfe                attrset
 .text.wbkgd    0x00005e12      0x10c obj/tui/pdcurses/pdc_bkgd.o
                0x00005e12                wbkgd
 .text.wborder  0x00005f1e      0x360 obj/tui/pdcurses/pdc_border.o
                0x00005f1e                wborder
 .text.box      0x0000627e       0x1a obj/tui/pdcurses/pdc_border.o
                0x0000627e                box
 .text.whline   0x00006298       0xd6 obj/tui/pdcurses/pdc_border.o
                0x00006298                whline
 .text.mvwhline
                0x0000636e       0x32 obj/tui/pdcurses/pdc_border.o
                0x0000636e                mvwhline
 .text.wvline   0x000063a0       0xd0 obj/tui/pdcurses/pdc_border.o
                0x000063a0                wvline
 .text.mvwvline
                0x00006470       0x32 obj/tui/pdcurses/pdc_border.o
                0x00006470                mvwvline
 .text.wclrtoeol
                0x000064a2       0x66 obj/tui/pdcurses/pdc_clear.o
                0x000064a2                wclrtoeol
 .text.wclrtobot
                0x00006508       0x56 obj/tui/pdcurses/pdc_clear.o
                0x00006508                wclrtobot
 .text.werase   0x0000655e       0x28 obj/tui/pdcurses/pdc_clear.o
                0x0000655e                werase
 .text.wclear   0x00006586       0x3a obj/tui/pdcurses/pdc_clear.o
                0x00006586                wclear
 .text.init_pair
                0x000065c0      0x102 obj/tui/pdcurses/pdc_color.o
                0x000065c0                init_pair
 .text.init_color
                0x000066c2       0x6e obj/tui/pdcurses/pdc_color.o
                0x000066c2                init_color
 .text.PDC_init_atrtab
                0x00006730       0x54 obj/tui/pdcurses/pdc_color.o
                0x00006730                PDC_init_atrtab
 .text.start_color
                0x00006784       0x3c obj/tui/pdcurses/pdc_color.o
                0x00006784                start_color
 .text.wgetch   0x000067c0      0x392 obj/tui/pdcurses/pdc_getch.o
                0x000067c0                wgetch
 .text.getbegy  0x00006b52        0xc obj/tui/pdcurses/pdc_getyx.o
                0x00006b52                getbegy
 .text.getbegx  0x00006b5e        0xc obj/tui/pdcurses/pdc_getyx.o
                0x00006b5e                getbegx
 .text.getmaxy  0x00006b6a        0xc obj/tui/pdcurses/pdc_getyx.o
                0x00006b6a                getmaxy
 .text.getmaxx  0x00006b76        0xc obj/tui/pdcurses/pdc_getyx.o
                0x00006b76                getmaxx
 .text.Xinitscr
                0x00006b82      0x27e obj/tui/pdcurses/pdc_initscr.o
                0x00006b82                Xinitscr
 .text.initscr  0x00006e00        0x6 obj/tui/pdcurses/pdc_initscr.o
                0x00006e00                initscr
 .text.endwin   0x00006e06       0x1e obj/tui/pdcurses/pdc_initscr.o
                0x00006e06                endwin
 .text.isendwin
                0x00006e24       0x10 obj/tui/pdcurses/pdc_initscr.o
                0x00006e24                isendwin
 .text.delscreen
                0x00006e34       0x4e obj/tui/pdcurses/pdc_initscr.o
                0x00006e34                delscreen
 .text.resize_term
                0x00006e82      0x104 obj/tui/pdcurses/pdc_initscr.o
                0x00006e82                resize_term
 .text.cbreak   0x00006f86       0x10 obj/tui/pdcurses/pdc_inopts.o
                0x00006f86                cbreak
 .text.noecho   0x00006f96        0xe obj/tui/pdcurses/pdc_inopts.o
                0x00006f96                noecho
 .text.keypad   0x00006fa4       0x1c obj/tui/pdcurses/pdc_inopts.o
                0x00006fa4                keypad
 .text.nl       0x00006fc0       0x10 obj/tui/pdcurses/pdc_inopts.o
                0x00006fc0                nl
 .text.nodelay  0x00006fd0       0x1a obj/tui/pdcurses/pdc_inopts.o
                0x00006fd0                nodelay
 .text.raw      0x00006fea       0x1e obj/tui/pdcurses/pdc_inopts.o
                0x00006fea                raw
 .text.timeout  0x00007008       0x32 obj/tui/pdcurses/pdc_inopts.o
                0x00007008                timeout
 .text._restore_mode
                0x0000703a       0xa8 obj/tui/pdcurses/pdc_kernel.o
 .text.def_prog_mode
                0x000070e2       0x34 obj/tui/pdcurses/pdc_kernel.o
                0x000070e2                def_prog_mode
 .text.def_shell_mode
                0x00007116       0x30 obj/tui/pdcurses/pdc_kernel.o
                0x00007116                def_shell_mode
 .text.reset_prog_mode
                0x00007146       0x14 obj/tui/pdcurses/pdc_kernel.o
                0x00007146                reset_prog_mode
 .text.curs_set
                0x0000715a       0x48 obj/tui/pdcurses/pdc_kernel.o
                0x0000715a                curs_set
 .text.napms    0x000071a2       0x16 obj/tui/pdcurses/pdc_kernel.o
                0x000071a2                napms
 .text.move     0x000071b8       0x2a obj/tui/pdcurses/pdc_move.o
                0x000071b8                move
 .text.wmove    0x000071e2       0x2a obj/tui/pdcurses/pdc_move.o
                0x000071e2                wmove
 .text._copy_win
                0x0000720c      0x15c obj/tui/pdcurses/pdc_overlay.o
 .text.copywin  0x00007368       0x98 obj/tui/pdcurses/pdc_overlay.o
                0x00007368                copywin
 .text.subpad   0x00007400      0x13e obj/tui/pdcurses/pdc_pad.o
                0x00007400                subpad
 .text.vwprintw
                0x0000753e       0x4a obj/tui/pdcurses/pdc_printw.o
                0x0000753e                vwprintw
 .text.wprintw  0x00007588       0x1c obj/tui/pdcurses/pdc_printw.o
                0x00007588                wprintw
 .text.mvwprintw
                0x000075a4       0x2c obj/tui/pdcurses/pdc_printw.o
                0x000075a4                mvwprintw
 .text.wnoutrefresh
                0x000075d0      0x1ba obj/tui/pdcurses/pdc_refresh.o
                0x000075d0                wnoutrefresh
 .text.doupdate
                0x0000778a      0x1c6 obj/tui/pdcurses/pdc_refresh.o
                0x0000778a                doupdate
 .text.wrefresh
                0x00007950       0x9e obj/tui/pdcurses/pdc_refresh.o
                0x00007950                wrefresh
 .text.refresh  0x000079ee       0xa4 obj/tui/pdcurses/pdc_refresh.o
                0x000079ee                refresh
 .text.wscrl    0x00007a92       0xee obj/tui/pdcurses/pdc_scroll.o
                0x00007a92                wscrl
 .text._drawone.part.0
                0x00007b80       0xbe obj/tui/pdcurses/pdc_slk.o
 .text.slk_noutrefresh
                0x00007c3e        0x8 obj/tui/pdcurses/pdc_slk.o
                0x00007c3e                slk_noutrefresh
 .text.PDC_slk_initialize
                0x00007c46      0x2ba obj/tui/pdcurses/pdc_slk.o
                0x00007c46                PDC_slk_initialize
 .text.PDC_slk_free
                0x00007f00       0x48 obj/tui/pdcurses/pdc_slk.o
                0x00007f00                PDC_slk_free
 .text.PDC_mouse_in_slk
                0x00007f48       0x4c obj/tui/pdcurses/pdc_slk.o
                0x00007f48                PDC_mouse_in_slk
 .text.touchwin
                0x00007f94       0x2e obj/tui/pdcurses/pdc_touch.o
                0x00007f94                touchwin
 .text.touchline
                0x00007fc2       0x42 obj/tui/pdcurses/pdc_touch.o
                0x00007fc2                touchline
 .text.untouchwin
                0x00008004       0x28 obj/tui/pdcurses/pdc_touch.o
                0x00008004                untouchwin
 .text.is_wintouched
                0x0000802c       0x28 obj/tui/pdcurses/pdc_touch.o
                0x0000802c                is_wintouched
 .text.PDC_makenew
                0x00008054       0xb4 obj/tui/pdcurses/pdc_window.o
                0x00008054                PDC_makenew
 .text.PDC_makelines
                0x00008108       0x8e obj/tui/pdcurses/pdc_window.o
                0x00008108                PDC_makelines
 .text.PDC_sync
                0x00008196       0x3c obj/tui/pdcurses/pdc_window.o
                0x00008196                PDC_sync
 .text.newwin   0x000081d2       0x54 obj/tui/pdcurses/pdc_window.o
                0x000081d2                newwin
 .text.delwin   0x00008226       0x60 obj/tui/pdcurses/pdc_window.o
                0x00008226                delwin
 .text.mvwin    0x00008286       0x48 obj/tui/pdcurses/pdc_window.o
                0x00008286                mvwin
 .text.subwin   0x000082ce      0x14a obj/tui/pdcurses/pdc_window.o
                0x000082ce                subwin
 .text.resize_window
                0x00008418      0x2c6 obj/tui/pdcurses/pdc_window.o
                0x00008418                resize_window
 .text.wresize  0x000086de       0x14 obj/tui/pdcurses/pdc_window.o
                0x000086de                wresize
 .text.wsyncup  0x000086f2       0x1c obj/tui/pdcurses/pdc_window.o
                0x000086f2                wsyncup
 .text.PDC_gotoyx
                0x0000870e       0x18 obj/tui/platform/pdcdisp.o
                0x0000870e                PDC_gotoyx
 .text.PDC_transform_line
                0x00008726      0x2f0 obj/tui/platform/pdcdisp.o
                0x00008726                PDC_transform_line
 .text.PDC_get_rows
                0x00008a16       0x3a obj/tui/platform/pdcgetsc.o
                0x00008a16                PDC_get_rows
 .text.PDC_get_columns
                0x00008a50       0x3a obj/tui/platform/pdcgetsc.o
                0x00008a50                PDC_get_columns
 .text.PDC_get_cursor_mode
                0x00008a8a        0x4 obj/tui/platform/pdcgetsc.o
                0x00008a8a                PDC_get_cursor_mode
 .text.PDC_check_key
                0x00008a8e       0x68 obj/tui/platform/pdckbd.o
                0x00008a8e                PDC_check_key
 .text.PDC_get_key
                0x00008af6       0x3a obj/tui/platform/pdckbd.o
                0x00008af6                PDC_get_key
 .text.PDC_set_keyboard_binary
                0x00008b30        0x2 obj/tui/platform/pdckbd.o
                0x00008b30                PDC_set_keyboard_binary
 .text.PDC_input_open
                0x00008b32        0x4 obj/tui/platform/pdckbd.o
                0x00008b32                PDC_input_open
 .text.PDC_input_close
                0x00008b36        0x2 obj/tui/platform/pdckbd.o
                0x00008b36                PDC_input_close
 .text.PDC_scr_close
                0x00008b38       0x1c obj/tui/platform/pdcscrn.o
                0x00008b38                PDC_scr_close
 .text.PDC_scr_free
                0x00008b54       0x42 obj/tui/platform/pdcscrn.o
                0x00008b54                PDC_scr_free
 .text.PDC_scr_open
                0x00008b96      0x16c obj/tui/platform/pdcscrn.o
                0x00008b96                PDC_scr_open
 .text.PDC_resize_screen
                0x00008d02        0x4 obj/tui/platform/pdcscrn.o
                0x00008d02                PDC_resize_screen
 .text.PDC_reset_prog_mode
                0x00008d06        0x2 obj/tui/platform/pdcscrn.o
                0x00008d06                PDC_reset_prog_mode
 .text.PDC_restore_screen_mode
                0x00008d08        0x2 obj/tui/platform/pdcscrn.o
                0x00008d08                PDC_restore_screen_mode
 .text.PDC_save_screen_mode
                0x00008d0a        0x2 obj/tui/platform/pdcscrn.o
                0x00008d0a                PDC_save_screen_mode
 .text.PDC_init_pair
                0x00008d0c       0x1a obj/tui/platform/pdcscrn.o
                0x00008d0c                PDC_init_pair
 .text.PDC_pair_content
                0x00008d26       0x26 obj/tui/platform/pdcscrn.o
                0x00008d26                PDC_pair_content
 .text.PDC_can_change_color
                0x00008d4c        0x4 obj/tui/platform/pdcscrn.o
                0x00008d4c                PDC_can_change_color
 .text.PDC_init_color
                0x00008d50       0x72 obj/tui/platform/pdcscrn.o
                0x00008d50                PDC_init_color
 .text.PDC_curs_set
                0x00008dc2       0x8c obj/tui/platform/pdcsetsc.o
                0x00008dc2                PDC_curs_set
 .text.PDC_set_blink
                0x00008e4e        0xc obj/tui/platform/pdcsetsc.o
                0x00008e4e                PDC_set_blink
 .text.PDC_napms
                0x00008e5a       0x10 obj/tui/platform/pdcutil.o
                0x00008e5a                PDC_napms
 .text.PDC_sysname
                0x00008e6a        0xa obj/tui/platform/pdcutil.o
                0x00008e6a                PDC_sysname
 .text._ZN8CHistoryC2Ev
                0x00008e74       0x22 obj/tui/History.o
                0x00008e74                CHistory::CHistory()
                0x00008e74                CHistory::CHistory()
 .text._ZN8CHistoryD2Ev
                0x00008e96       0x2e obj/tui/History.o
                0x00008e96                CHistory::~CHistory()
                0x00008e96                CHistory::~CHistory()
 .text._ZN8CHistory11SaveHistoryEPKc
                0x00008ec4       0xac obj/tui/History.o
                0x00008ec4                CHistory::SaveHistory(char const*)
 .text._ZN8CHistory3AddEPKc
                0x00008f70       0xce obj/tui/History.o
                0x00008f70                CHistory::Add(char const*)
 .text._ZN8CHistory11ReadHistoryEPKc
                0x0000903e       0x92 obj/tui/History.o
                0x0000903e                CHistory::ReadHistory(char const*)
 .text._ZN8CHistory19GetFirstHistoryItemEPPKc
                0x000090d0       0x18 obj/tui/History.o
                0x000090d0                CHistory::GetFirstHistoryItem(char const**)
 .text._ZN8CHistory14GetHistoryItemEiPPKc
                0x000090e8       0x16 obj/tui/History.o
                0x000090e8                CHistory::GetHistoryItem(int, char const**)
 .text._ZN8CHistory19GetOlderHistoryItemEiPPKc
                0x000090fe       0x32 obj/tui/History.o
                0x000090fe                CHistory::GetOlderHistoryItem(int, char const**)
 .text._ZN8CHistory19GetNewerHistoryItemEiPPKc
                0x00009130       0x26 obj/tui/History.o
                0x00009130                CHistory::GetNewerHistoryItem(int, char const**)
 .text._ZL11mono_reduceP2Nti
                0x00009156       0x66 obj/tui/Mid2Pwl.o
 .text._ZL6nt_cmpPKvS0_
                0x000091bc       0x12 obj/tui/Mid2Pwl.o
 .text._ZL11derive_roleP9MidiCvt_tiiPK10RoleProf_t
                0x000091ce      0x1f2 obj/tui/Mid2Pwl.o
 .text._ZL12role_profilePK9CMidiFileiP10RoleProf_t
                0x000093c0      0x21c obj/tui/Mid2Pwl.o
 .text._ZL7ev_pushP7EvBuf_tmiiiii
                0x000095dc       0x8a obj/tui/Mid2Pwl.o
 .text._ZL9emit_instP7EvBuf_tiiiPK9MidiCvt_t
                0x00009666      0x1bc obj/tui/Mid2Pwl.o
 .text._ZL9emit_lineP7EvBuf_tPK2NtiiiPK9MidiCvt_tiiiPKai
                0x00009822      0x482 obj/tui/Mid2Pwl.o
 .text._ZL12evbuf_to_seqPK7EvBuf_tPP8seq_ev_t
                0x00009ca4      0x168 obj/tui/Mid2Pwl.o
 .text._ZL6ev_cmpPKvS0_
                0x00009e0c       0x3a obj/tui/Mid2Pwl.o
 .text._ZL9pick_instP9MidiCvt_tiPKc
                0x00009e46       0x5c obj/tui/Mid2Pwl.o
 .text._Z18mid2pwl_inst_countv
                0x00009ea2        0x4 obj/tui/Mid2Pwl.o
                0x00009ea2                mid2pwl_inst_count()
 .text._Z12mid2pwl_insti
                0x00009ea6       0x26 obj/tui/Mid2Pwl.o
                0x00009ea6                mid2pwl_inst(int)
 .text._Z17mid2pwl_inst_findPKc
                0x00009ecc       0x4a obj/tui/Mid2Pwl.o
                0x00009ecc                mid2pwl_inst_find(char const*)
 .text._Z20mid2pwl_inst_defaulti
                0x00009f16       0x10 obj/tui/Mid2Pwl.o
                0x00009f16                mid2pwl_inst_default(int)
 .text._Z19mid2pwl_skip_windowPK9CMidiFileiPmS2_
                0x00009f26       0xf8 obj/tui/Mid2Pwl.o
                0x00009f26                mid2pwl_skip_window(CMidiFile const*, int, unsigned long*, unsigned long*)
 .text._ZL10chan_notesPK9CMidiFileiP2Nti
                0x0000a01e      0x136 obj/tui/Mid2Pwl.o
 .text._Z15mid2pwl_automapP9CMidiFilePci
                0x0000a154      0xe42 obj/tui/Mid2Pwl.o
                0x0000a154                mid2pwl_automap(CMidiFile*, char*, int)
 .text._Z15mid2pwl_convertP9CMidiFilePci
                0x0000af96      0xd56 obj/tui/Mid2Pwl.o
                0x0000af96                mid2pwl_convert(CMidiFile*, char*, int)
 .text._Z16mid2pwl_auditionP9CMidiFileiiPP8seq_ev_tPci
                0x0000bcec      0x180 obj/tui/Mid2Pwl.o
                0x0000bcec                mid2pwl_audition(CMidiFile*, int, int, seq_ev_t**, char*, int)
 .text._Z16mid2pwl_save_pwlPK9CMidiFilePKc
                0x0000be6c       0x84 obj/tui/Mid2Pwl.o
                0x0000be6c                mid2pwl_save_pwl(CMidiFile const*, char const*)
 .text._Z14mid2pwl_save_cPK9CMidiFilePKc
                0x0000bef0      0x280 obj/tui/Mid2Pwl.o
                0x0000bef0                mid2pwl_save_c(CMidiFile const*, char const*)
 .text._ZL7raw_cmpPKvS0_
                0x0000c170       0x22 obj/tui/MidiFile.o
 .text._ZL9tempo_cmpPKvS0_
                0x0000c192       0x12 obj/tui/MidiFile.o
 .text._ZL8note_cmpPKvS0_
                0x0000c1a4       0x12 obj/tui/MidiFile.o
 .text._ZL10walk_trackP11MidiTrack_tPKhS2_mmPmb
                0x0000c1b6      0x40a obj/tui/MidiFile.o
 .text._ZN9CMidiFileC2Ev
                0x0000c5c0       0xae obj/tui/MidiFile.o
                0x0000c5c0                CMidiFile::CMidiFile()
                0x0000c5c0                CMidiFile::CMidiFile()
 .text._ZN9CMidiFileD2Ev
                0x0000c66e       0x46 obj/tui/MidiFile.o
                0x0000c66e                CMidiFile::~CMidiFile()
                0x0000c66e                CMidiFile::~CMidiFile()
 .text._ZN9CMidiFile6ScrollEii
                0x0000c6b4       0x40 obj/tui/MidiFile.o
                0x0000c6b4                CMidiFile::Scroll(int, int)
 .text._ZN9CMidiFile4LoadEPKcPci
                0x0000c6f4     0x1052 obj/tui/MidiFile.o
                0x0000c6f4                CMidiFile::Load(char const*, char*, int)
 .text._ZNK9CMidiFile8TickToMsEm
                0x0000d746       0xb0 obj/tui/MidiFile.o
                0x0000d746                CMidiFile::TickToMs(unsigned long) const
 .text._ZNK9CMidiFile8BeatToMsEm
                0x0000d7f6       0x1c obj/tui/MidiFile.o
                0x0000d7f6                CMidiFile::BeatToMs(unsigned long) const
 .text._ZNK9CMidiFile7CfgPathEPciPKc
                0x0000d812       0x82 obj/tui/MidiFile.o
                0x0000d812                CMidiFile::CfgPath(char*, int, char const*) const
 .text._ZN9CMidiFile7LoadCfgEv
                0x0000d894      0x4c0 obj/tui/MidiFile.o
                0x0000d894                CMidiFile::LoadCfg()
 .text._ZNK9CMidiFile7SaveCfgEv
                0x0000dd54      0x2ba obj/tui/MidiFile.o
                0x0000dd54                CMidiFile::SaveCfg() const
 .text._ZNK9CMidiFile10InstrumentEi
                0x0000e00e       0x72 obj/tui/MidiFile.o
                0x0000e00e                CMidiFile::Instrument(int) const
 .text._ZNK9CMidiFile5BeatsEi
                0x0000e080       0x38 obj/tui/MidiFile.o
                0x0000e080                CMidiFile::Beats(int) const
 .text._Z10MidiGmNamei
                0x0000e0b8       0x22 obj/tui/MidiFile.o
                0x0000e0b8                MidiGmName(int)
 .text._ZNK9CMidiFile8TempoBpmEv
                0x0000e0da       0x1e obj/tui/MidiFile.o
                0x0000e0da                CMidiFile::TempoBpm() const
 .text._ZN11CPrismWavesC2Ev
                0x0000e0f8       0x1e obj/tui/PrismWaves.o
                0x0000e0f8                CPrismWaves::CPrismWaves()
                0x0000e0f8                CPrismWaves::CPrismWaves()
 .text._ZN11CPrismWaves6RebaseEv
                0x0000e116       0x34 obj/tui/PrismWaves.o
                0x0000e116                CPrismWaves::Rebase()
 .text._ZN11CPrismWaves6EnableEv
                0x0000e14a       0x60 obj/tui/PrismWaves.o
                0x0000e14a                CPrismWaves::Enable()
 .text._ZN11CPrismWaves7DisableEv
                0x0000e1aa       0x34 obj/tui/PrismWaves.o
                0x0000e1aa                CPrismWaves::Disable()
 .text._ZN11CPrismWaves6SampleEv
                0x0000e1de       0x9c obj/tui/PrismWaves.o
                0x0000e1de                CPrismWaves::Sample()
 .text._ZN11CPrismWaves10BuildFrameEi
                0x0000e27a      0x1ac obj/tui/PrismWaves.o
                0x0000e27a                CPrismWaves::BuildFrame(int)
 .text._ZN11CPrismWaves10DrawBorderEP4_winiii
                0x0000e426       0xae obj/tui/PrismWaves.o
                0x0000e426                CPrismWaves::DrawBorder(_win*, int, int, int)
 .text._ZN11CPrismWaves8DrawRowsEP4_winiiiii
                0x0000e4d4      0x13e obj/tui/PrismWaves.o
                0x0000e4d4                CPrismWaves::DrawRows(_win*, int, int, int, int, int)
 .text._ZN11CPrismWaves9DrawFrameEP4_winii
                0x0000e612       0x62 obj/tui/PrismWaves.o
                0x0000e612                CPrismWaves::DrawFrame(_win*, int, int)
 .text._ZN11CPrismWaves9DrawChunkEP4_winii
                0x0000e674       0xc6 obj/tui/PrismWaves.o
                0x0000e674                CPrismWaves::DrawChunk(_win*, int, int)
 .text._ZN11CPrismWaves7ServiceEP4_winii
                0x0000e73a      0x26e obj/tui/PrismWaves.o
                0x0000e73a                CPrismWaves::Service(_win*, int, int)
 .text._ZN10CTuiSource11GetFilenameEv
                0x0000e9a8        0x4 obj/tui/PwlSynth.o
                0x0000e9a8                CTuiSource::GetFilename()
 .text._ZN10CTuiSource16GetPrefsFilenameEv
                0x0000e9ac        0x6 obj/tui/PwlSynth.o
                0x0000e9ac                CTuiSource::GetPrefsFilename()
 .text._ZN10CTuiSource13GetWorkingDirEv
                0x0000e9b2        0x6 obj/tui/PwlSynth.o
                0x0000e9b2                CTuiSource::GetWorkingDir()
 .text._ZN10CTuiSource10SingleStepEv
                0x0000e9b8        0x2 obj/tui/PwlSynth.o
                0x0000e9b8                CTuiSource::SingleStep()
 .text._ZN10CTuiSource8StepOverEv
                0x0000e9ba        0x2 obj/tui/PwlSynth.o
                0x0000e9ba                CTuiSource::StepOver()
 .text._ZN10CTuiSource4ContEv
                0x0000e9bc        0x2 obj/tui/PwlSynth.o
                0x0000e9bc                CTuiSource::Cont()
 .text._ZN10CTuiSource9SetParentEP4CTui
                0x0000e9be        0x4 obj/tui/PwlSynth.o
                0x0000e9be                CTuiSource::SetParent(CTui*)
 .text._ZN10CTuiSource7UIReadyEv
                0x0000e9c2        0x2 obj/tui/PwlSynth.o
                0x0000e9c2                CTuiSource::UIReady()
 .text._ZN10CTuiSource16RestoreOtherPrefEPcS0_
                0x0000e9c4        0x2 obj/tui/PwlSynth.o
                0x0000e9c4                CTuiSource::RestoreOtherPref(char*, char*)
 .text._ZN9CPwlSynth11DebugPrintfEPKcz
                0x0000e9c6        0xe obj/tui/PwlSynth.o
                0x0000e9c6                CPwlSynth::DebugPrintf(char const*, ...)
 .text._ZL11studio_intsPKcPii
                0x0000e9d4       0xee obj/tui/PwlSynth.o
 .text._ZN9CPwlSynth14WantProcessKeyEv
                0x0000eac2       0x1e obj/tui/PwlSynth.o
                0x0000eac2                CPwlSynth::WantProcessKey()
 .text._ZN9CPwlSynth9WantFocusEv
                0x0000eae0       0x1e obj/tui/PwlSynth.o
                0x0000eae0                CPwlSynth::WantFocus()
 .text._ZN9CPwlSynth15GetCommandTableEv
                0x0000eafe        0xa obj/tui/PwlSynth.o
                0x0000eafe                CPwlSynth::GetCommandTable()
 .text._ZN9CPwlSynth11ProcessLineEPc
                0x0000eb08        0x4 obj/tui/PwlSynth.o
                0x0000eb08                CPwlSynth::ProcessLine(char*)
 .text._ZN9CPwlSynth11HandleCtrlCEv
                0x0000eb0c        0x4 obj/tui/PwlSynth.o
                0x0000eb0c                CPwlSynth::HandleCtrlC()
 .text._ZL14notes_set_rowsi
                0x0000eb10       0xcc obj/tui/PwlSynth.o
 .text._ZL17notes_draw_gutterP4_winiii
                0x0000ebdc       0x6c obj/tui/PwlSynth.o
 .text._ZL14studio_captureP11StudioRec_t
                0x0000ec48      0x12a obj/tui/PwlSynth.o
 .text._ZN9CPwlSynth16RestoreWatchItemEPc
                0x0000ed72       0x20 obj/tui/PwlSynth.o
                0x0000ed72                CPwlSynth::RestoreWatchItem(char*)
 .text._ZN9CPwlSynth14SaveWatchItemsEP7__sFILE
                0x0000ed92       0x12 obj/tui/PwlSynth.o
                0x0000ed92                CPwlSynth::SaveWatchItems(__sFILE*)
 .text._ZL12studio_applyPK11StudioRec_t
                0x0000eda4      0x124 obj/tui/PwlSynth.o
 .text._ZL16studio_draw_recsP4_wini
                0x0000eec8       0xe2 obj/tui/PwlSynth.o
 .text._ZL16studio_draw_songP4_wini
                0x0000efaa       0xd0 obj/tui/PwlSynth.o
 .text._ZN9CPwlSynth5ClearEiPPc
                0x0000f07a       0x30 obj/tui/PwlSynth.o
                0x0000f07a                CPwlSynth::Clear(int, char**)
 .text._ZN9CPwlSynth12ScrollSourceEib
                0x0000f0aa       0xaa obj/tui/PwlSynth.o
                0x0000f0aa                CPwlSynth::ScrollSource(int, bool)
 .text._ZN9CPwlSynth15DrawWatchWindowEP4_wini
                0x0000f154      0x918 obj/tui/PwlSynth.o
                0x0000f154                CPwlSynth::DrawWatchWindow(_win*, int)
 .text._ZL9song_pushhht
                0x0000fa6c       0x4c obj/tui/PwlSynth.o
 .text._ZN9CPwlSynth11FreeTabListEP11TuiSortList
                0x0000fab8       0x32 obj/tui/PwlSynth.o
                0x0000fab8                CPwlSynth::FreeTabList(TuiSortList*)
 .text._ZN9CPwlSynth10DrawSplashEP4_win
                0x0000faea       0xd4 obj/tui/PwlSynth.o
                0x0000faea                CPwlSynth::DrawSplash(_win*)
 .text._ZN9CPwlSynth11StdoutChunkEPKci.part.0
                0x0000fbbe       0xb2 obj/tui/PwlSynth.o
 .text._ZN9CPwlSynth12ScopeServiceEb.part.0
                0x0000fc70       0xa6 obj/tui/PwlSynth.o
 .text._ZL14pwl_scope_hookv
                0x0000fd16        0xa obj/tui/PwlSynth.o
 .text._ZN9CPwlSynth18GetSourceLineCountEPv
                0x0000fd20       0x3a obj/tui/PwlSynth.o
                0x0000fd20                CPwlSynth::GetSourceLineCount(void*)
 .text._ZN9CPwlSynth8CloseTabEP4CTab
                0x0000fd5a       0x5c obj/tui/PwlSynth.o
                0x0000fd5a                CPwlSynth::CloseTab(CTab*)
 .text._ZL15pwl_stdout_hookPKci
                0x0000fdb6       0x2c obj/tui/PwlSynth.o
 .text._ZL8song_tapi
                0x0000fde2       0x90 obj/tui/PwlSynth.o
 .text._ZN9CPwlSynth14InitNoteColorsEv
                0x0000fe72       0x62 obj/tui/PwlSynth.o
                0x0000fe72                CPwlSynth::InitNoteColors()
 .text._ZN9CPwlSynthC2Ev
                0x0000fed4       0x70 obj/tui/PwlSynth.o
                0x0000fed4                CPwlSynth::CPwlSynth()
                0x0000fed4                CPwlSynth::CPwlSynth()
 .text._ZN9CPwlSynth17InstallStdoutHookEv
                0x0000ff44       0x28 obj/tui/PwlSynth.o
                0x0000ff44                CPwlSynth::InstallStdoutHook()
 .text._ZN9CPwlSynth16RemoveStdoutHookEv
                0x0000ff6c       0x8a obj/tui/PwlSynth.o
                0x0000ff6c                CPwlSynth::RemoveStdoutHook()
 .text._ZN9CPwlSynthD2Ev
                0x0000fff6       0x50 obj/tui/PwlSynth.o
                0x0000fff6                CPwlSynth::~CPwlSynth()
                0x0000fff6                CPwlSynth::~CPwlSynth()
 .text._ZN9CPwlSynthD0Ev
                0x00010046       0x16 obj/tui/PwlSynth.o
                0x00010046                CPwlSynth::~CPwlSynth()
 .text._ZN9CPwlSynth9CmdPrintfEPKcz
                0x0001005c       0x60 obj/tui/PwlSynth.o
                0x0001005c                CPwlSynth::CmdPrintf(char const*, ...)
 .text._ZN9CPwlSynth5WatchEiPPc
                0x000100bc       0x52 obj/tui/PwlSynth.o
                0x000100bc                CPwlSynth::Watch(int, char**)
 .text._ZN9CPwlSynth4OpenEiPPc
                0x0001010e      0x1cc obj/tui/PwlSynth.o
                0x0001010e                CPwlSynth::Open(int, char**)
 .text._ZN9CPwlSynth5CloseEiPPc
                0x000102da       0x36 obj/tui/PwlSynth.o
                0x000102da                CPwlSynth::Close(int, char**)
 .text._ZN9CPwlSynth14NoteLineUpdateEii
                0x00010310      0x16c obj/tui/PwlSynth.o
                0x00010310                CPwlSynth::NoteLineUpdate(int, int)
 .text._ZN9CPwlSynth9NoteChunkEiPKc.part.0
                0x0001047c      0x1ec obj/tui/PwlSynth.o
 .text._ZL13pwl_note_sinkiPKc
                0x00010668       0x20 obj/tui/PwlSynth.o
 .text._ZN9CPwlSynth10NotesClearEv
                0x00010688       0x76 obj/tui/PwlSynth.o
                0x00010688                CPwlSynth::NotesClear()
 .text._ZL19pwl_note_clear_sinkv
                0x000106fe        0xa obj/tui/PwlSynth.o
 .text._ZN9CPwlSynth14EnsureNotesTabEv
                0x00010708       0x5e obj/tui/PwlSynth.o
                0x00010708                CPwlSynth::EnsureNotesTab()
 .text._ZN9CPwlSynth6LegacyEiPPc
                0x00010766       0x84 obj/tui/PwlSynth.o
                0x00010766                CPwlSynth::Legacy(int, char**)
 .text._ZN9CPwlSynth4HelpEiPPc
                0x000107ea      0x23c obj/tui/PwlSynth.o
                0x000107ea                CPwlSynth::Help(int, char**)
 .text._ZN9CPwlSynth5NotesEiPPc
                0x00010a26       0x14 obj/tui/PwlSynth.o
                0x00010a26                CPwlSynth::Notes(int, char**)
 .text._ZN9CPwlSynth5ScopeEiPPc
                0x00010a3a      0x19a obj/tui/PwlSynth.o
                0x00010a3a                CPwlSynth::Scope(int, char**)
 .text._ZN9CPwlSynth14EnsureInstrTabEv
                0x00010bd4      0x5e8 obj/tui/PwlSynth.o
                0x00010bd4                CPwlSynth::EnsureInstrTab()
 .text._ZN9CPwlSynth6StudioEiPPc
                0x000111bc       0x14 obj/tui/PwlSynth.o
                0x000111bc                CPwlSynth::Studio(int, char**)
 .text._ZN9CPwlSynth12InstrSetNoteEi
                0x000111d0       0xd4 obj/tui/PwlSynth.o
                0x000111d0                CPwlSynth::InstrSetNote(int)
 .text._ZN9CPwlSynth12InstrRowTextEiPcS0_PiS1_
                0x000112a4      0x79e obj/tui/PwlSynth.o
                0x000112a4                CPwlSynth::InstrRowText(int, char*, char*, int*, int*)
 .text._ZN9CPwlSynth11InstrAdjustEiib
                0x00011a42      0x8c6 obj/tui/PwlSynth.o
                0x00011a42                CPwlSynth::InstrAdjust(int, int, bool)
 .text._ZN9CPwlSynth15InstrRowRepaintEi
                0x00012308      0x22a obj/tui/PwlSynth.o
                0x00012308                CPwlSynth::InstrRowRepaint(int)
 .text._ZN9CPwlSynth16InstrRecsRepaintEv
                0x00012532       0x90 obj/tui/PwlSynth.o
                0x00012532                CPwlSynth::InstrRecsRepaint()
 .text._ZN9CPwlSynth16InstrSongRepaintEv
                0x000125c2       0x90 obj/tui/PwlSynth.o
                0x000125c2                CPwlSynth::InstrSongRepaint()
 .text._ZN9CPwlSynth10ProcessKeyEi
                0x00012652      0x876 obj/tui/PwlSynth.o
                0x00012652                CPwlSynth::ProcessKey(int)
 .text._ZN9CPwlSynth8IdlePollEv
                0x00012ec8      0x4e8 obj/tui/PwlSynth.o
                0x00012ec8                CPwlSynth::IdlePoll()
 .text._ZN9CPwlSynth14DrawInstrPanelEP4_wini
                0x000133b0      0x34c obj/tui/PwlSynth.o
                0x000133b0                CPwlSynth::DrawInstrPanel(_win*, int)
 .text._ZN9CPwlSynth8SetFocusEPvP4_winii
                0x000136fc       0x1e obj/tui/PwlSynth.o
                0x000136fc                CPwlSynth::SetFocus(void*, _win*, int, int)
 .text._ZN9CPwlSynth10ActiveMidiEb
                0x0001371a       0xc2 obj/tui/PwlSynth.o
                0x0001371a                CPwlSynth::ActiveMidi(bool)
 .text._ZN9CPwlSynth7ConvertEiPPc
                0x000137dc       0xae obj/tui/PwlSynth.o
                0x000137dc                CPwlSynth::Convert(int, char**)
 .text._ZN9CPwlSynth4SaveEiPPc
                0x0001388a      0x170 obj/tui/PwlSynth.o
                0x0001388a                CPwlSynth::Save(int, char**)
 .text._ZN9CPwlSynth4PlayEiPPc
                0x000139fa      0x31a obj/tui/PwlSynth.o
                0x000139fa                CPwlSynth::Play(int, char**)
 .text._ZN9CPwlSynth7AutomapEiPPc
                0x00013d14       0xb4 obj/tui/PwlSynth.o
                0x00013d14                CPwlSynth::Automap(int, char**)
 .text._ZN9CPwlSynth3AmpEiPPc
                0x00013dc8      0x140 obj/tui/PwlSynth.o
                0x00013dc8                CPwlSynth::Amp(int, char**)
 .text._ZN9CPwlSynth3MapEiPPc
                0x00013f08      0x2a4 obj/tui/PwlSynth.o
                0x00013f08                CPwlSynth::Map(int, char**)
 .text._ZN9CPwlSynth4InstEiPPc
                0x000141ac      0x236 obj/tui/PwlSynth.o
                0x000141ac                CPwlSynth::Inst(int, char**)
 .text._ZN9CPwlSynth4SkipEiPPc
                0x000143e2      0x310 obj/tui/PwlSynth.o
                0x000143e2                CPwlSynth::Skip(int, char**)
 .text._ZN9CPwlSynth4CsetEiPPc
                0x000146f2      0x162 obj/tui/PwlSynth.o
                0x000146f2                CPwlSynth::Cset(int, char**)
 .text._ZN9CPwlSynth4TrimEiPPc
                0x00014854      0x12e obj/tui/PwlSynth.o
                0x00014854                CPwlSynth::Trim(int, char**)
 .text._ZN9CPwlSynth11DrawMidiTabEP9CMidiFileP4_winii
                0x00014982      0x762 obj/tui/PwlSynth.o
                0x00014982                CPwlSynth::DrawMidiTab(CMidiFile*, _win*, int, int)
 .text._ZN9CPwlSynth16DrawSourceWindowEPvP4_winii
                0x000150e4      0x1a8 obj/tui/PwlSynth.o
                0x000150e4                CPwlSynth::DrawSourceWindow(void*, _win*, int, int)
 .text._ZN9CPwlSynth14AddTuiSortItemEP11TuiSortListPKc
                0x0001528c       0x9a obj/tui/PwlSynth.o
                0x0001528c                CPwlSynth::AddTuiSortItem(TuiSortList*, char const*)
 .text._ZN9CPwlSynth18BuildListFromNamesEPKPKc
                0x00015326       0x3a obj/tui/PwlSynth.o
                0x00015326                CPwlSynth::BuildListFromNames(char const* const*)
 .text._ZN9CPwlSynth14BuildFsTabListEPKc
                0x00015360      0x1f2 obj/tui/PwlSynth.o
                0x00015360                CPwlSynth::BuildFsTabList(char const*)
 .text._ZN9CPwlSynth17GetCommandTabListEPcPKcRP11TuiSortList
                0x00015552      0x3a2 obj/tui/PwlSynth.o
                0x00015552                CPwlSynth::GetCommandTabList(char*, char const*, TuiSortList*&)
 .text.startup._GLOBAL__sub_I__ZN9CPwlSynth14InitNoteColorsEv
                0x000158f4        0xc obj/tui/PwlSynth.o
 .text._ZN10CTuiSource10DrawSplashEP4_win
                0x00015900        0x2 obj/tui/Tabs.o
                0x00015900                CTuiSource::DrawSplash(_win*)
 .text._ZN4CTab7GetNameEv
                0x00015902        0x4 obj/tui/Tabs.o
                0x00015902                CTab::GetName()
 .text._ZN4CTabD2Ev
                0x00015906        0x2 obj/tui/Tabs.o
                0x00015906                CTab::~CTab()
                0x00015906                CTab::~CTab()
 .text._ZN4CTab9GetWindowEv
                0x00015908        0x8 obj/tui/Tabs.o
                0x00015908                CTab::GetWindow()
 .text._ZN4CTabD0Ev
                0x00015910        0x8 obj/tui/Tabs.o
                0x00015910                CTab::~CTab()
 .text._ZN13CTabContainerD2Ev
                0x00015918       0x4c obj/tui/Tabs.o
                0x00015918                CTabContainer::~CTabContainer()
                0x00015918                CTabContainer::~CTabContainer()
 .text._ZN13CTabContainerD0Ev
                0x00015964       0x56 obj/tui/Tabs.o
                0x00015964                CTabContainer::~CTabContainer()
 .text._ZN4CTab10GetPrevTabEv
                0x000159ba       0x18 obj/tui/Tabs.o
                0x000159ba                CTab::GetPrevTab()
 .text._ZN4CTab21SourceWindowLineCountEv
                0x000159d2       0x66 obj/tui/Tabs.o
                0x000159d2                CTab::SourceWindowLineCount()
 .text._ZN4CTab18GetSourceLineCountEv
                0x00015a38       0x16 obj/tui/Tabs.o
                0x00015a38                CTab::GetSourceLineCount()
 .text._ZN13CTabContainerC2EP4CTuiP4_win
                0x00015a4e       0x70 obj/tui/Tabs.o
                0x00015a4e                CTabContainer::CTabContainer(CTui*, _win*)
                0x00015a4e                CTabContainer::CTabContainer(CTui*, _win*)
 .text._ZN13CTabContainer6ResizeEv
                0x00015abe       0x78 obj/tui/Tabs.o
                0x00015abe                CTabContainer::Resize()
 .text._ZN13CTabContainer6RedrawEv
                0x00015b36      0x362 obj/tui/Tabs.o
                0x00015b36                CTabContainer::Redraw()
 .text._ZN13CTabContainer19FindFirstVisibleTabEv
                0x00015e98       0xb6 obj/tui/Tabs.o
                0x00015e98                CTabContainer::FindFirstVisibleTab()
 .text._ZN13CTabContainer12CreateNewTabEPKc
                0x00015f4e       0x76 obj/tui/Tabs.o
                0x00015f4e                CTabContainer::CreateNewTab(char const*)
 .text._ZN13CTabContainer9DeleteTabEP4CTab
                0x00015fc4       0x8e obj/tui/Tabs.o
                0x00015fc4                CTabContainer::DeleteTab(CTab*)
 .text._ZN13CTabContainer13MakeTabActiveEP4CTab
                0x00016052       0x46 obj/tui/Tabs.o
                0x00016052                CTabContainer::MakeTabActive(CTab*)
 .text._ZN4CTab8SetFocusEv
                0x00016098        0x8 obj/tui/Tabs.o
                0x00016098                CTab::SetFocus()
 .text._ZN9CSimEventD2Ev
                0x000160a0        0x2 obj/tui/Tui.o
                0x000160a0                CSimEvent::~CSimEvent()
                0x000160a0                CSimEvent::~CSimEvent()
 .text._ZN7CThread10StopThreadEv
                0x000160a2        0x2 obj/tui/Tui.o
                0x000160a2                CThread::StopThread()
 .text._ZN10CTuiSource14WantProcessKeyEv
                0x000160a4        0x4 obj/tui/Tui.o
                0x000160a4                CTuiSource::WantProcessKey()
 .text._ZN10CTuiSource10ProcessKeyEi
                0x000160a8        0x4 obj/tui/Tui.o
                0x000160a8                CTuiSource::ProcessKey(int)
 .text._ZN10CTuiSource11ProcessLineEPc
                0x000160ac        0x4 obj/tui/Tui.o
                0x000160ac                CTuiSource::ProcessLine(char*)
 .text._ZN10CTuiSource8CloseTabEP4CTab
                0x000160b0        0x2 obj/tui/Tui.o
                0x000160b0                CTuiSource::CloseTab(CTab*)
 .text._ZN10CTuiSource9WantFocusEv
                0x000160b2        0x4 obj/tui/Tui.o
                0x000160b2                CTuiSource::WantFocus()
 .text._ZN10CTuiSource8SetFocusEPvP4_winii
                0x000160b6        0x2 obj/tui/Tui.o
                0x000160b6                CTuiSource::SetFocus(void*, _win*, int, int)
 .text._ZN10CTuiSource8IdlePollEv
                0x000160b8        0x2 obj/tui/Tui.o
                0x000160b8                CTuiSource::IdlePoll()
 .text._ZN10CTuiSource11HandleCtrlCEv
                0x000160ba        0x4 obj/tui/Tui.o
                0x000160ba                CTuiSource::HandleCtrlC()
 .text._ZN10CTuiSource12ScrollSourceEib
                0x000160be        0x4 obj/tui/Tui.o
                0x000160be                CTuiSource::ScrollSource(int, bool)
 .text._ZN10CTuiSource14SaveWatchItemsEP7__sFILE
                0x000160c2        0x2 obj/tui/Tui.o
                0x000160c2                CTuiSource::SaveWatchItems(__sFILE*)
 .text._ZN10CTuiSource16RestoreWatchItemEPc
                0x000160c4        0x2 obj/tui/Tui.o
                0x000160c4                CTuiSource::RestoreWatchItem(char*)
 .text._ZN4CTui18GetSourceTopLineNoEv
                0x000160c6        0xa obj/tui/Tui.o
                0x000160c6                CTui::GetSourceTopLineNo()
 .text._ZN4CTui19DisplaySourceAtLineEi
                0x000160d0        0x4 obj/tui/Tui.o
                0x000160d0                CTui::DisplaySourceAtLine(int)
 .text._ZN4CTui18SetSourceTopLineNoEi
                0x000160d4       0x1a obj/tui/Tui.o
                0x000160d4                CTui::SetSourceTopLineNo(int)
 .text._ZN9CSimEventD0Ev
                0x000160ee        0x6 obj/tui/Tui.o
                0x000160ee                CSimEvent::~CSimEvent()
 .text._ZN4CTuiD2Ev
                0x000160f4       0x50 obj/tui/Tui.o
                0x000160f4                CTui::~CTui()
                0x000160f4                CTui::~CTui()
 .text._ZN4CTuiD0Ev
                0x00016144       0x18 obj/tui/Tui.o
                0x00016144                CTui::~CTui()
 .text._ZN4CTui18UpdateWatchWindowsEv
                0x0001615c      0x130 obj/tui/Tui.o
                0x0001615c                CTui::UpdateWatchWindows()
 .text._ZN4CTuiC2Ev
                0x0001628c       0xd8 obj/tui/Tui.o
                0x0001628c                CTui::CTui()
                0x0001628c                CTui::CTui()
 .text._ZN4CTui15AttachTuiSourceEP10CTuiSource
                0x00016364       0x58 obj/tui/Tui.o
                0x00016364                CTui::AttachTuiSource(CTuiSource*)
 .text._ZN4CTui17ReadUIPreferencesEv
                0x000163bc      0x14e obj/tui/Tui.o
                0x000163bc                CTui::ReadUIPreferences()
 .text._ZN4CTui6UIInitEv
                0x0001650a      0x468 obj/tui/Tui.o
                0x0001650a                CTui::UIInit()
 .text._ZN4CTui18WriteUIPreferencesEv
                0x00016972       0xce obj/tui/Tui.o
                0x00016972                CTui::WriteUIPreferences()
 .text._ZN4CTui14SetSourceFocusEv
                0x00016a40       0x80 obj/tui/Tui.o
                0x00016a40                CTui::SetSourceFocus()
 .text._ZN4CTui16DrawSourceWindowEv
                0x00016ac0       0xae obj/tui/Tui.o
                0x00016ac0                CTui::DrawSourceWindow()
 .text._ZN4CTui16MoveFocusWinLeftEv.part.0
                0x00016b6e       0xd8 obj/tui/Tui.o
 .text._ZN4CTui17MoveFocusWinRightEv.part.0
                0x00016c46       0xda obj/tui/Tui.o
 .text._ZN4CTui15CalculateCmdColEPKcbi
                0x00016d20       0x98 obj/tui/Tui.o
                0x00016d20                CTui::CalculateCmdCol(char const*, bool, int)
 .text._ZN4CTui22CommandProcessLastLineEv
                0x00016db8       0xbe obj/tui/Tui.o
                0x00016db8                CTui::CommandProcessLastLine()
 .text._ZN4CTui21UIDisplaySourceAtLineEi
                0x00016e76       0x9e obj/tui/Tui.o
                0x00016e76                CTui::UIDisplaySourceAtLine(int)
 .text._ZN4CTui15NextWindowFocusEv
                0x00016f14      0x20a obj/tui/Tui.o
                0x00016f14                CTui::NextWindowFocus()
 .text._ZN4CTui20UISetSourceTopLineNoEi
                0x0001711e       0x8a obj/tui/Tui.o
                0x0001711e                CTui::UISetSourceTopLineNo(int)
 .text._ZN4CTui9SelectTabEi
                0x000171a8       0x3a obj/tui/Tui.o
                0x000171a8                CTui::SelectTab(int)
 .text._ZN4CTui13MakeTabActiveEP4CTab
                0x000171e2       0x22 obj/tui/Tui.o
                0x000171e2                CTui::MakeTabActive(CTab*)
 .text._ZN4CTui17GetCmdWinGeometryERiS0_
                0x00017204       0x2e obj/tui/Tui.o
                0x00017204                CTui::GetCmdWinGeometry(int&, int&)
 .text._ZN4CTui14PrintFormatStrEP4_winiiPKcb
                0x00017232      0x136 obj/tui/Tui.o
                0x00017232                CTui::PrintFormatStr(_win*, int, int, char const*, bool)
 .text._ZN4CTui19RedrawCommandWindowEb
                0x00017368      0x160 obj/tui/Tui.o
                0x00017368                CTui::RedrawCommandWindow(bool)
 .text._ZN4CTui12RedrawScreenEv
                0x000174c8      0x1ac obj/tui/Tui.o
                0x000174c8                CTui::RedrawScreen()
 .text._ZN4CTui13ResizeWindowsEv
                0x00017674      0x1f0 obj/tui/Tui.o
                0x00017674                CTui::ResizeWindows()
 .text._ZN4CTui20UICommandPrintStringEPKc
                0x00017864       0xaa obj/tui/Tui.o
                0x00017864                CTui::UICommandPrintString(char const*)
 .text._ZN4CTui15PauseCmdListingEv
                0x0001790e       0x58 obj/tui/Tui.o
                0x0001790e                CTui::PauseCmdListing()
 .text._ZN4CTui14ProcessCommandEPc
                0x00017966      0x1d0 obj/tui/Tui.o
                0x00017966                CTui::ProcessCommand(char*)
 .text._ZN4CTui21UICommandAppendStringEPKc
                0x00017b36       0x5a obj/tui/Tui.o
                0x00017b36                CTui::UICommandAppendString(char const*)
 .text._ZN4CTui11CancelCtrlREv
                0x00017b90       0xa2 obj/tui/Tui.o
                0x00017b90                CTui::CancelCtrlR()
 .text._ZN4CTui17ShowRSearchPromptEPKci
                0x00017c32       0xf4 obj/tui/Tui.o
                0x00017c32                CTui::ShowRSearchPrompt(char const*, int)
 .text._ZN4CTui22DoReverseHistorySearchEb
                0x00017d26       0xbe obj/tui/Tui.o
                0x00017d26                CTui::DoReverseHistorySearch(bool)
 .text._ZN4CTui11HandleCtrlREPci
                0x00017de4       0xbe obj/tui/Tui.o
                0x00017de4                CTui::HandleCtrlR(char*, int)
 .text._ZN4CTui15ProcessCtrlRKeyEiPcRii
                0x00017ea2      0x1d0 obj/tui/Tui.o
                0x00017ea2                CTui::ProcessCtrlRKey(int, char*, int&, int)
 .text._ZN4CTui17DoSecondTabSearchEPci
                0x00018072      0x396 obj/tui/Tui.o
                0x00018072                CTui::DoSecondTabSearch(char*, int)
 .text._ZN4CTui16DoFirstTabSearchEPci
                0x00018408      0x35e obj/tui/Tui.o
                0x00018408                CTui::DoFirstTabSearch(char*, int)
 .text._ZN4CTui13ProcessTabKeyEPci
                0x00018766      0x17e obj/tui/Tui.o
                0x00018766                CTui::ProcessTabKey(char*, int)
 .text._ZN4CTui23ProcessAsSpecialModeKeyEiPciRi
                0x000188e4      0xab0 obj/tui/Tui.o
                0x000188e4                CTui::ProcessAsSpecialModeKey(int, char*, int, int&)
 .text._ZN4CTui19UIWindowPrintStringEP4_winiiPKc
                0x00019394       0x5c obj/tui/Tui.o
                0x00019394                CTui::UIWindowPrintString(_win*, int, int, char const*)
 .text._ZN4CTui12ProcessInputEPcRii
                0x000193f0      0x864 obj/tui/Tui.o
                0x000193f0                CTui::ProcessInput(char*, int&, int)
 .text._ZN4CTui9RunThreadEv
                0x00019c54      0x380 obj/tui/Tui.o
                0x00019c54                CTui::RunThread()
 .text.tui_run  0x00019fd4       0xc6 obj/tui/TuiMain.o
                0x00019fd4                tui_run
 .text          0x0001a09a       0x30 tinyQV-sdk/start.o
                0x0001a09a                isr_in1
                0x0001a09a                isr_in0
                0x0001a0ba                tqv_user_interrupt12
                0x0001a0ba                tqv_user_interrupt10
                0x0001a0ba                tqv_user_interrupt14
                0x0001a0ba                tqv_user_interrupt08
                0x0001a0ba                tqv_user_interrupt11
                0x0001a0ba                tqv_user_interrupt15
                0x0001a0ba                tqv_user_interrupt05
                0x0001a0ba                tqv_user_interrupt13
                0x0001a0ba                tqv_user_interrupt09
                0x0001a0ba                tqv_user_interrupt04
                0x0001a0ba                tqv_user_interrupt06
                0x0001a0ba                tqv_user_interrupt07
                0x0001a0be                tqv_user_interrupt
 .text.uart_put_buffer
                0x0001a0ca       0x3e tinyQV-sdk/tinyQV.a(uart.o)
                0x0001a0ca                uart_put_buffer
 .text.debug_uart_put_buffer
                0x0001a108       0x3e tinyQV-sdk/tinyQV.a(uart.o)
                0x0001a108                debug_uart_put_buffer
 .text          0x0001a146      0x13a tinyQV-sdk/tinyQV.a(uart_buf.o)
                0x0001a146                isr_uart_writable
                0x0001a18a                uart_putc
                0x0001a1d6                isr_uart_byte_available
                0x0001a234                uart_getc
                0x0001a270                uart_is_char_available
 .text          0x0001a280       0x68 tinyQV-sdk/tinyQV.a(mul.o)
                0x0001a280                __mulsi3
                0x0001a280                mul32x32
                0x0001a28e                __muldi3
 .text          0x0001a2e8       0x40 tinyQV-sdk/tinyQV.a(peripheral.o)
                0x0001a2e8                debug_uart_putc
                0x0001a2f2                spi_send_data
                0x0001a304                spi_send_recv_data
                0x0001a322                spi_set_config
 .text.tqv_timer_interrupt
                0x0001a328       0x4a tinyQV-sdk/tinyQV.a(timer.o)
                0x0001a328                tqv_timer_interrupt
 .text.atoi     0x0001a372        0x8 /opt/tinyQV/riscv32-unknown-elf/lib/libc.a(libc_a-atoi.o)
                0x0001a372                atoi
 .text.calloc   0x0001a37a        0xc /opt/tinyQV/riscv32-unknown-elf/lib/libc.a(libc_a-calloc.o)
                0x0001a37a                calloc
 .text._calloc_r
                0x0001a386      0x10a /opt/tinyQV/riscv32-unknown-elf/lib/libc.a(libc_a-callocr.o)
                0x0001a386                _calloc_r
 .text.exit     0x0001a490       0x1c /opt/tinyQV/riscv32-unknown-elf/lib/libc.a(libc_a-exit.o)
                0x0001a490                exit
 .text.getenv   0x0001a4ac       0x14 /opt/tinyQV/riscv32-unknown-elf/lib/libc.a(libc_a-getenv.o)
                0x0001a4ac                getenv
 .text._findenv_r
                0x0001a4c0       0xa4 /opt/tinyQV/riscv32-unknown-elf/lib/libc.a(libc_a-getenv_r.o)
                0x0001a4c0                _findenv_r
 .text.malloc   0x0001a564        0x8 /opt/tinyQV/riscv32-unknown-elf/lib/libc.a(libc_a-malloc.o)
                0x0001a564                malloc
 .text.free     0x0001a56c        0xa /opt/tinyQV/riscv32-unknown-elf/lib/libc.a(libc_a-malloc.o)
                0x0001a56c                free
 .text._malloc_r
                0x0001a576      0x5fe /opt/tinyQV/riscv32-unknown-elf/lib/libc.a(libc_a-mallocr.o)
                0x0001a576                _malloc_r
 .text.__malloc_lock
                0x0001ab74        0x2 /opt/tinyQV/riscv32-unknown-elf/lib/libc.a(libc_a-mlock.o)
                0x0001ab74                __malloc_lock
 .text.__malloc_unlock
                0x0001ab76        0x2 /opt/tinyQV/riscv32-unknown-elf/lib/libc.a(libc_a-mlock.o)
                0x0001ab76                __malloc_unlock
 .text.realloc  0x0001ab78        0xc /opt/tinyQV/riscv32-unknown-elf/lib/libc.a(libc_a-realloc.o)
                0x0001ab78                realloc
 .text._realloc_r
                0x0001ab84      0x3ec /opt/tinyQV/riscv32-unknown-elf/lib/libc.a(libc_a-reallocr.o)
                0x0001ab84                _realloc_r
 .text._strtol_l.part.0
                0x0001af70      0x338 /opt/tinyQV/riscv32-unknown-elf/lib/libc.a(libc_a-strtol.o)
 .text.strtol   0x0001b2a8       0x36 /opt/tinyQV/riscv32-unknown-elf/lib/libc.a(libc_a-strtol.o)
                0x0001b2a8                strtol
 .text._strtoul_l.isra.0
                0x0001b2de      0x18c /opt/tinyQV/riscv32-unknown-elf/lib/libc.a(libc_a-strtoul.o)
 .text.strtoul  0x0001b46a        0xe /opt/tinyQV/riscv32-unknown-elf/lib/libc.a(libc_a-strtoul.o)
                0x0001b46a                strtoul
 .text.isdigit  0x0001b478       0x10 /opt/tinyQV/riscv32-unknown-elf/lib/libc.a(libc_a-isdigit.o)
                0x0001b478                isdigit
 .text.qsort    0x0001b488      0x6ee /opt/tinyQV/riscv32-unknown-elf/lib/libc.a(libc_a-qsort.o)
                0x0001b488                qsort
 .text._fclose_r
                0x0001bb76       0xa4 /opt/tinyQV/riscv32-unknown-elf/lib/libc.a(libc_a-fclose.o)
                0x0001bb76                _fclose_r
 .text.fclose   0x0001bc1a        0x8 /opt/tinyQV/riscv32-unknown-elf/lib/libc.a(libc_a-fclose.o)
                0x0001bc1a                fclose
 .text.__sflush_r
                0x0001bc22      0x19c /opt/tinyQV/riscv32-unknown-elf/lib/libc.a(libc_a-fflush.o)
                0x0001bc22                __sflush_r
 .text._fflush_r
                0x0001bdbe       0x3a /opt/tinyQV/riscv32-unknown-elf/lib/libc.a(libc_a-fflush.o)
                0x0001bdbe                _fflush_r
 .text.fflush   0x0001bdf8       0x4e /opt/tinyQV/riscv32-unknown-elf/lib/libc.a(libc_a-fflush.o)
                0x0001bdf8                fflush
 .text._fgets_r
                0x0001be46       0xe2 /opt/tinyQV/riscv32-unknown-elf/lib/libc.a(libc_a-fgets.o)
                0x0001be46                _fgets_r
 .text.fgets    0x0001bf28        0xe /opt/tinyQV/riscv32-unknown-elf/lib/libc.a(libc_a-fgets.o)
                0x0001bf28                fgets
 .text.stdio_exit_handler
                0x0001bf36       0x12 /opt/tinyQV/riscv32-unknown-elf/lib/libc.a(libc_a-findfp.o)
 .text.cleanup_stdio
                0x0001bf48       0x4a /opt/tinyQV/riscv32-unknown-elf/lib/libc.a(libc_a-findfp.o)
 .text.global_stdio_init.part.0
                0x0001bf92      0x13a /opt/tinyQV/riscv32-unknown-elf/lib/libc.a(libc_a-findfp.o)
 .text.__sfp    0x0001c0cc       0xcc /opt/tinyQV/riscv32-unknown-elf/lib/libc.a(libc_a-findfp.o)
                0x0001c0cc                __sfp
 .text.__sinit  0x0001c198       0x16 /opt/tinyQV/riscv32-unknown-elf/lib/libc.a(libc_a-findfp.o)
                0x0001c198                __sinit
 .text.__sfp_lock_acquire
                0x0001c1ae        0x2 /opt/tinyQV/riscv32-unknown-elf/lib/libc.a(libc_a-findfp.o)
                0x0001c1ae                __sfp_lock_acquire
 .text.__sfp_lock_release
                0x0001c1b0        0x2 /opt/tinyQV/riscv32-unknown-elf/lib/libc.a(libc_a-findfp.o)
                0x0001c1b0                __sfp_lock_release
 .text._fopen_r
                0x0001c1b2       0xa6 /opt/tinyQV/riscv32-unknown-elf/lib/libc.a(libc_a-fopen.o)
                0x0001c1b2                _fopen_r
 .text.fopen    0x0001c258        0xc /opt/tinyQV/riscv32-unknown-elf/lib/libc.a(libc_a-fopen.o)
                0x0001c258                fopen
 .text.fprintf  0x0001c264       0x2a /opt/tinyQV/riscv32-unknown-elf/lib/libc.a(libc_a-fprintf.o)
                0x0001c264                fprintf
 .text._fputs_r
                0x0001c28e       0x68 /opt/tinyQV/riscv32-unknown-elf/lib/libc.a(libc_a-fputs.o)
                0x0001c28e                _fputs_r
 .text.fputs    0x0001c2f6        0xc /opt/tinyQV/riscv32-unknown-elf/lib/libc.a(libc_a-fputs.o)
                0x0001c2f6                fputs
 .text._fread_r
                0x0001c302      0x1bc /opt/tinyQV/riscv32-unknown-elf/lib/libc.a(libc_a-fread.o)
                0x0001c302                _fread_r
 .text.fread    0x0001c4be       0x10 /opt/tinyQV/riscv32-unknown-elf/lib/libc.a(libc_a-fread.o)
                0x0001c4be                fread
 .text._fseek_r
                0x0001c4ce        0x4 /opt/tinyQV/riscv32-unknown-elf/lib/libc.a(libc_a-fseek.o)
                0x0001c4ce                _fseek_r
 .text.fseek    0x0001c4d2       0x10 /opt/tinyQV/riscv32-unknown-elf/lib/libc.a(libc_a-fseek.o)
                0x0001c4d2                fseek
 .text.ftell    0x0001c4e2        0xa /opt/tinyQV/riscv32-unknown-elf/lib/libc.a(libc_a-ftell.o)
                0x0001c4e2                ftell
 .text.__sfvwrite_r
                0x0001c4ec      0x3f2 /opt/tinyQV/riscv32-unknown-elf/lib/libc.a(libc_a-fvwrite.o)
                0x0001c4ec                __sfvwrite_r
 .text._fwalk_sglue
                0x0001c8de       0x5e /opt/tinyQV/riscv32-unknown-elf/lib/libc.a(libc_a-fwalk.o)
                0x0001c8de                _fwalk_sglue
 .text.fwrite   0x0001c93c       0xa0 /opt/tinyQV/riscv32-unknown-elf/lib/libc.a(libc_a-fwrite.o)
                0x0001c93c                fwrite
 .text.printf   0x0001c9dc       0x28 /opt/tinyQV/riscv32-unknown-elf/lib/libc.a(libc_a-printf.o)
                0x0001c9dc                printf
 .text.putchar  0x0001ca04        0xe /opt/tinyQV/riscv32-unknown-elf/lib/libc.a(libc_a-putchar.o)
                0x0001ca04                putchar
 .text.lflush   0x0001ca12       0x18 /opt/tinyQV/riscv32-unknown-elf/lib/libc.a(libc_a-refill.o)
 .text.__srefill_r
                0x0001ca2a      0x114 /opt/tinyQV/riscv32-unknown-elf/lib/libc.a(libc_a-refill.o)
                0x0001ca2a                __srefill_r
 .text.setvbuf  0x0001cb3e      0x19c /opt/tinyQV/riscv32-unknown-elf/lib/libc.a(libc_a-setvbuf.o)
                0x0001cb3e                setvbuf
 .text.snprintf
                0x0001ccda       0x7a /opt/tinyQV/riscv32-unknown-elf/lib/libc.a(libc_a-snprintf.o)
                0x0001ccda                snprintf
 .text.sprintf  0x0001cd54       0x42 /opt/tinyQV/riscv32-unknown-elf/lib/libc.a(libc_a-sprintf.o)
                0x0001cd54                sprintf
 .text.__sread  0x0001cd96       0x38 /opt/tinyQV/riscv32-unknown-elf/lib/libc.a(libc_a-stdio.o)
                0x0001cd96                __sread
 .text.__swrite
                0x0001cdce       0x54 /opt/tinyQV/riscv32-unknown-elf/lib/libc.a(libc_a-stdio.o)
                0x0001cdce                __swrite
 .text.__sseek  0x0001ce22       0x3e /opt/tinyQV/riscv32-unknown-elf/lib/libc.a(libc_a-stdio.o)
                0x0001ce22                __sseek
 .text.__sclose
                0x0001ce60        0x8 /opt/tinyQV/riscv32-unknown-elf/lib/libc.a(libc_a-stdio.o)
                0x0001ce60                __sclose
 .text.vsnprintf
                0x0001ce68       0x70 /opt/tinyQV/riscv32-unknown-elf/lib/libc.a(libc_a-vsnprintf.o)
                0x0001ce68                vsnprintf
 .text.__swsetup_r
                0x0001ced8       0xee /opt/tinyQV/riscv32-unknown-elf/lib/libc.a(libc_a-wsetup.o)
                0x0001ced8                __swsetup_r
 .text._fseeko_r
                0x0001cfc6      0x36e /opt/tinyQV/riscv32-unknown-elf/lib/libc.a(libc_a-fseeko.o)
                0x0001cfc6                _fseeko_r
 .text._ftello_r
                0x0001d334       0xb6 /opt/tinyQV/riscv32-unknown-elf/lib/libc.a(libc_a-ftello.o)
                0x0001d334                _ftello_r
 .text.memcmp   0x0001d3ea       0x38 /opt/tinyQV/riscv32-unknown-elf/lib/libc.a(libc_a-memcmp.o)
                0x0001d3ea                memcmp
 .text.strtok   0x0001d422        0xc /opt/tinyQV/riscv32-unknown-elf/lib/libc.a(libc_a-strtok.o)
                0x0001d422                strtok
 .text.__strtok_r
                0x0001d42e       0x6a /opt/tinyQV/riscv32-unknown-elf/lib/libc.a(libc_a-strtok_r.o)
                0x0001d42e                __strtok_r
 .text.strtok_r
                0x0001d498        0x4 /opt/tinyQV/riscv32-unknown-elf/lib/libc.a(libc_a-strtok_r.o)
                0x0001d498                strtok_r
 .text.critical_factorization
                0x0001d49c       0xcc /opt/tinyQV/riscv32-unknown-elf/lib/libc.a(libc_a-strstr.o)
 .text.two_way_long_needle
                0x0001d568      0x270 /opt/tinyQV/riscv32-unknown-elf/lib/libc.a(libc_a-strstr.o)
 .text.strstr   0x0001d7d8      0x1d2 /opt/tinyQV/riscv32-unknown-elf/lib/libc.a(libc_a-strstr.o)
                0x0001d7d8                strstr
 .text.critical_factorization
                0x0001d9aa      0x156 /opt/tinyQV/riscv32-unknown-elf/lib/libc.a(libc_a-strcasestr.o)
 .text.two_way_short_needle
                0x0001db00      0x27a /opt/tinyQV/riscv32-unknown-elf/lib/libc.a(libc_a-strcasestr.o)
 .text.two_way_long_needle
                0x0001dd7a      0x33e /opt/tinyQV/riscv32-unknown-elf/lib/libc.a(libc_a-strcasestr.o)
 .text.strcasestr
                0x0001e0b8       0xae /opt/tinyQV/riscv32-unknown-elf/lib/libc.a(libc_a-strcasestr.o)
                0x0001e0b8                strcasestr
 .text._close_r
                0x0001e166       0x36 /opt/tinyQV/riscv32-unknown-elf/lib/libc.a(libc_a-closer.o)
                0x0001e166                _close_r
 .text._fstat_r
                0x0001e19c       0x3a /opt/tinyQV/riscv32-unknown-elf/lib/libc.a(libc_a-fstatr.o)
                0x0001e19c                _fstat_r
 .text._lseek_r
                0x0001e1d6       0x3c /opt/tinyQV/riscv32-unknown-elf/lib/libc.a(libc_a-lseekr.o)
                0x0001e1d6                _lseek_r
 .text._open_r  0x0001e212       0x3c /opt/tinyQV/riscv32-unknown-elf/lib/libc.a(libc_a-openr.o)
                0x0001e212                _open_r
 .text._read_r  0x0001e24e       0x3c /opt/tinyQV/riscv32-unknown-elf/lib/libc.a(libc_a-readr.o)
                0x0001e24e                _read_r
 .text._sbrk_r  0x0001e28a       0x36 /opt/tinyQV/riscv32-unknown-elf/lib/libc.a(libc_a-sbrkr.o)
                0x0001e28a                _sbrk_r
 .text._write_r
                0x0001e2c0       0x3c /opt/tinyQV/riscv32-unknown-elf/lib/libc.a(libc_a-writer.o)
                0x0001e2c0                _write_r
 .text.__errno  0x0001e2fc        0x6 /opt/tinyQV/riscv32-unknown-elf/lib/libc.a(libc_a-errno.o)
                0x0001e2fc                __errno
 .text.close    0x0001e302        0x8 /opt/tinyQV/riscv32-unknown-elf/lib/libc.a(libc_a-sysclose.o)
                0x0001e302                close
 .text.memmove  0x0001e30a      0x2b8 /opt/tinyQV/riscv32-unknown-elf/lib/libc.a(libc_a-memmove.o)
                0x0001e30a                memmove
 *fill*         0x0001e5c2        0x2 
 .text          0x0001e5c4      0x190 /opt/tinyQV/riscv32-unknown-elf/lib/libc.a(libc_a-memset.o)
                0x0001e5c4                memset
 .text.memcpy   0x0001e754      0x16e /opt/tinyQV/riscv32-unknown-elf/lib/libc.a(libc_a-memcpy.o)
                0x0001e754                memcpy
 .text.memchr   0x0001e8c2      0x176 /opt/tinyQV/riscv32-unknown-elf/lib/libc.a(libc_a-memchr.o)
                0x0001e8c2                memchr
 .text.startup.register_fini
                0x0001ea38       0x12 /opt/tinyQV/riscv32-unknown-elf/lib/libc.a(libc_a-__call_atexit.o)
 .text.__call_exitprocs
                0x0001ea4a       0xde /opt/tinyQV/riscv32-unknown-elf/lib/libc.a(libc_a-__call_atexit.o)
                0x0001ea4a                __call_exitprocs
 .text.atexit   0x0001eb28        0xc /opt/tinyQV/riscv32-unknown-elf/lib/libc.a(libc_a-atexit.o)
                0x0001eb28                atexit
 .text.__env_lock
                0x0001eb34        0x2 /opt/tinyQV/riscv32-unknown-elf/lib/libc.a(libc_a-envlock.o)
                0x0001eb34                __env_lock
 .text.__env_unlock
                0x0001eb36        0x2 /opt/tinyQV/riscv32-unknown-elf/lib/libc.a(libc_a-envlock.o)
                0x0001eb36                __env_unlock
 .text._malloc_trim_r
                0x0001eb38       0xc8 /opt/tinyQV/riscv32-unknown-elf/lib/libc.a(libc_a-freer.o)
                0x0001eb38                _malloc_trim_r
 .text._free_r  0x0001ec00      0x21a /opt/tinyQV/riscv32-unknown-elf/lib/libc.a(libc_a-freer.o)
                0x0001ec00                _free_r
 .text._svfprintf_r
                0x0001ee1a     0x2654 /opt/tinyQV/riscv32-unknown-elf/lib/libc.a(libc_a-svfprintf.o)
                0x0001ee1a                _svfprintf_r
 .text._vfprintf_r
                0x0002146e     0x266c /opt/tinyQV/riscv32-unknown-elf/lib/libc.a(libc_a-vfprintf.o)
                0x0002146e                _vfprintf_r
 .text.__sbprintf
                0x00023ada       0x8e /opt/tinyQV/riscv32-unknown-elf/lib/libc.a(libc_a-vfprintf.o)
 .text.__sprint_r
                0x00023b68       0x26 /opt/tinyQV/riscv32-unknown-elf/lib/libc.a(libc_a-sprint_r.o)
                0x00023b68                __sprint_r
 .text.__ssprint_r
                0x00023b8e       0x72 /opt/tinyQV/riscv32-unknown-elf/lib/libc.a(libc_a-ssprint_r.o)
                0x00023b8e                __ssprint_r
 .text.__sflags
                0x00023c00       0x98 /opt/tinyQV/riscv32-unknown-elf/lib/libc.a(libc_a-flags.o)
                0x00023c00                __sflags
 .text.__smakebuf_r
                0x00023c98      0x110 /opt/tinyQV/riscv32-unknown-elf/lib/libc.a(libc_a-makebuf.o)
                0x00023c98                __smakebuf_r
 .text.__swhatbuf_r
                0x00023da8       0x98 /opt/tinyQV/riscv32-unknown-elf/lib/libc.a(libc_a-makebuf.o)
                0x00023da8                __swhatbuf_r
 .text._putc_r  0x00023e40       0x98 /opt/tinyQV/riscv32-unknown-elf/lib/libc.a(libc_a-putc.o)
                0x00023e40                _putc_r
 .text.__swbuf_r
                0x00023ed8       0xf4 /opt/tinyQV/riscv32-unknown-elf/lib/libc.a(libc_a-wbuf.o)
                0x00023ed8                __swbuf_r
 .text.strnlen  0x00023fcc       0x1e /opt/tinyQV/riscv32-unknown-elf/lib/libc.a(libc_a-strnlen.o)
                0x00023fcc                strnlen
 .text._localeconv_r
                0x00023fea        0x6 /opt/tinyQV/riscv32-unknown-elf/lib/libc.a(libc_a-localeconv.o)
                0x00023fea                _localeconv_r
 .text._isatty_r
                0x00023ff0       0x36 /opt/tinyQV/riscv32-unknown-elf/lib/libc.a(libc_a-isattyr.o)
                0x00023ff0                _isatty_r
 .text.__libc_fini_array
                0x00024026       0x30 /opt/tinyQV/riscv32-unknown-elf/lib/libc.a(libc_a-fini.o)
                0x00024026                __libc_fini_array
 .text.frexpl   0x00024056      0x104 /opt/tinyQV/riscv32-unknown-elf/lib/libc.a(libm_a-frexpl.o)
                0x00024056                frexpl
 .text.__register_exitproc
                0x0002415a       0x6c /opt/tinyQV/riscv32-unknown-elf/lib/libc.a(libc_a-__atexit.o)
                0x0002415a                __register_exitproc
 .text._ldtoa_r
                0x000241c6      0x192 /opt/tinyQV/riscv32-unknown-elf/lib/libc.a(libc_a-gdtoa-ldtoa.o)
                0x000241c6                _ldtoa_r
 .text._ldcheck
                0x00024358       0x92 /opt/tinyQV/riscv32-unknown-elf/lib/libc.a(libc_a-gdtoa-ldtoa.o)
                0x00024358                _ldcheck
 .text.__gdtoa  0x000243ea     0x1312 /opt/tinyQV/riscv32-unknown-elf/lib/libc.a(libc_a-gdtoa-gdtoa.o)
                0x000243ea                __gdtoa
 .text.__rv_alloc_D2A.part.0
                0x000256fc       0x1e /opt/tinyQV/riscv32-unknown-elf/lib/libc.a(libc_a-gdtoa-dmisc.o)
 .text.__rv_alloc_D2A
                0x0002571a       0x3e /opt/tinyQV/riscv32-unknown-elf/lib/libc.a(libc_a-gdtoa-dmisc.o)
                0x0002571a                __rv_alloc_D2A
 .text.__nrv_alloc_D2A
                0x00025758       0x64 /opt/tinyQV/riscv32-unknown-elf/lib/libc.a(libc_a-gdtoa-dmisc.o)
                0x00025758                __nrv_alloc_D2A
 .text.__freedtoa
                0x000257bc        0xe /opt/tinyQV/riscv32-unknown-elf/lib/libc.a(libc_a-gdtoa-dmisc.o)
                0x000257bc                __freedtoa
 .text.__quorem_D2A
                0x000257ca      0x1a0 /opt/tinyQV/riscv32-unknown-elf/lib/libc.a(libc_a-gdtoa-dmisc.o)
                0x000257ca                __quorem_D2A
 .text.__rshift_D2A
                0x0002596a       0xc8 /opt/tinyQV/riscv32-unknown-elf/lib/libc.a(libc_a-gdtoa-gmisc.o)
                0x0002596a                __rshift_D2A
 .text.__trailz_D2A
                0x00025a32       0x3e /opt/tinyQV/riscv32-unknown-elf/lib/libc.a(libc_a-gdtoa-gmisc.o)
                0x00025a32                __trailz_D2A
 .text.__ascii_mbtowc
                0x00025a70       0x34 /opt/tinyQV/riscv32-unknown-elf/lib/libc.a(libc_a-mbtowc_r.o)
                0x00025a70                __ascii_mbtowc
 .text._Balloc  0x00025aa4       0x72 /opt/tinyQV/riscv32-unknown-elf/lib/libc.a(libc_a-mprec.o)
                0x00025aa4                _Balloc
 .text._Bfree   0x00025b16       0x12 /opt/tinyQV/riscv32-unknown-elf/lib/libc.a(libc_a-mprec.o)
                0x00025b16                _Bfree
 .text.__multadd
                0x00025b28       0xe4 /opt/tinyQV/riscv32-unknown-elf/lib/libc.a(libc_a-mprec.o)
                0x00025b28                __multadd
 .text.__hi0bits
                0x00025c0c       0x66 /opt/tinyQV/riscv32-unknown-elf/lib/libc.a(libc_a-mprec.o)
                0x00025c0c                __hi0bits
 .text.__lo0bits
                0x00025c72       0xa8 /opt/tinyQV/riscv32-unknown-elf/lib/libc.a(libc_a-mprec.o)
                0x00025c72                __lo0bits
 .text.__i2b    0x00025d1a       0x7e /opt/tinyQV/riscv32-unknown-elf/lib/libc.a(libc_a-mprec.o)
                0x00025d1a                __i2b
 .text.__multiply
                0x00025d98      0x204 /opt/tinyQV/riscv32-unknown-elf/lib/libc.a(libc_a-mprec.o)
                0x00025d98                __multiply
 .text.__pow5mult
                0x00025f9c       0xca /opt/tinyQV/riscv32-unknown-elf/lib/libc.a(libc_a-mprec.o)
                0x00025f9c                __pow5mult
 .text.__lshift
                0x00026066      0x10c /opt/tinyQV/riscv32-unknown-elf/lib/libc.a(libc_a-mprec.o)
                0x00026066                __lshift
 .text.__mcmp   0x00026172       0x3e /opt/tinyQV/riscv32-unknown-elf/lib/libc.a(libc_a-mprec.o)
                0x00026172                __mcmp
 .text.__mdiff  0x000261b0      0x1ac /opt/tinyQV/riscv32-unknown-elf/lib/libc.a(libc_a-mprec.o)
                0x000261b0                __mdiff
 .text.__b2d    0x0002635c       0xf4 /opt/tinyQV/riscv32-unknown-elf/lib/libc.a(libc_a-mprec.o)
                0x0002635c                __b2d
 .text.__ascii_wctomb
                0x00026450       0x1e /opt/tinyQV/riscv32-unknown-elf/lib/libc.a(libc_a-wctomb_r.o)
                0x00026450                __ascii_wctomb
 .text.__ssputs_r
                0x0002646e      0x102 /opt/tinyQV/riscv32-unknown-elf/lib/libc.a(libc_a-ssputs_r.o)
                0x0002646e                __ssputs_r
 .text.__assert_func
                0x00026570       0x3c /opt/tinyQV/riscv32-unknown-elf/lib/libc.a(libc_a-assert.o)
                0x00026570                __assert_func
 .text.fiprintf
                0x000265ac       0x28 /opt/tinyQV/riscv32-unknown-elf/lib/libc.a(libc_a-fiprintf.o)
                0x000265ac                fiprintf
 .text._vfiprintf_r
                0x000265d4      0xffe /opt/tinyQV/riscv32-unknown-elf/lib/libc.a(libc_a-vfiprintf.o)
                0x000265d4                _vfiprintf_r
 .text.__sbprintf
                0x000275d2       0x8e /opt/tinyQV/riscv32-unknown-elf/lib/libc.a(libc_a-vfiprintf.o)
 .text.abort    0x00027660        0xe /opt/tinyQV/riscv32-unknown-elf/lib/libc.a(libc_a-abort.o)
                0x00027660                abort
 .text.raise    0x0002766e       0x66 /opt/tinyQV/riscv32-unknown-elf/lib/libc.a(libc_a-signal.o)
                0x0002766e                raise
 .text._kill_r  0x000276d4       0x3a /opt/tinyQV/riscv32-unknown-elf/lib/libc.a(libc_a-signalr.o)
                0x000276d4                _kill_r
 .text._getpid_r
                0x0002770e        0x4 /opt/tinyQV/riscv32-unknown-elf/lib/libc.a(libc_a-signalr.o)
                0x0002770e                _getpid_r
 .text          0x00027712      0x43e /opt/tinyQV/lib/gcc/riscv32-unknown-elf/16.1.0/libgcc.a(_udivdi3.o)
                0x00027712                __udivdi3
 .text          0x00027b50      0x452 /opt/tinyQV/lib/gcc/riscv32-unknown-elf/16.1.0/libgcc.a(_umoddi3.o)
                0x00027b50                __umoddi3
 .text          0x00027fa2      0x5ae /opt/tinyQV/lib/gcc/riscv32-unknown-elf/16.1.0/libgcc.a(adddf3.o)
                0x00027fa2                __adddf3
 .text          0x00028550      0x632 /opt/tinyQV/lib/gcc/riscv32-unknown-elf/16.1.0/libgcc.a(divdf3.o)
                0x00028550                __divdf3
 .text          0x00028b82       0x74 /opt/tinyQV/lib/gcc/riscv32-unknown-elf/16.1.0/libgcc.a(eqdf2.o)
                0x00028b82                __eqdf2
                0x00028b82                __nedf2
 .text          0x00028bf6       0xd2 /opt/tinyQV/lib/gcc/riscv32-unknown-elf/16.1.0/libgcc.a(gedf2.o)
                0x00028bf6                __gtdf2
                0x00028bf6                __gedf2
 .text          0x00028cc8       0xd2 /opt/tinyQV/lib/gcc/riscv32-unknown-elf/16.1.0/libgcc.a(ledf2.o)
                0x00028cc8                __ltdf2
                0x00028cc8                __ledf2
 .text          0x00028d9a      0x50c /opt/tinyQV/lib/gcc/riscv32-unknown-elf/16.1.0/libgcc.a(muldf3.o)
                0x00028d9a                __muldf3
 .text          0x000292a6      0x5bc /opt/tinyQV/lib/gcc/riscv32-unknown-elf/16.1.0/libgcc.a(subdf3.o)
                0x000292a6                __subdf3
 .text          0x00029862       0x64 /opt/tinyQV/lib/gcc/riscv32-unknown-elf/16.1.0/libgcc.a(fixdfsi.o)
                0x00029862                __fixdfsi
 .text          0x000298c6       0x64 /opt/tinyQV/lib/gcc/riscv32-unknown-elf/16.1.0/libgcc.a(floatsidf.o)
                0x000298c6                __floatsidf
 .text          0x0002992a       0xd6 /opt/tinyQV/lib/gcc/riscv32-unknown-elf/16.1.0/libgcc.a(eqtf2.o)
                0x0002992a                __eqtf2
                0x0002992a                __netf2
 .text          0x00029a00      0x120 /opt/tinyQV/lib/gcc/riscv32-unknown-elf/16.1.0/libgcc.a(getf2.o)
                0x00029a00                __getf2
                0x00029a00                __gttf2
 .text          0x00029b20      0x120 /opt/tinyQV/lib/gcc/riscv32-unknown-elf/16.1.0/libgcc.a(letf2.o)