Archive member included to satisfy reference by file (symbol)

tinyQV-sdk/tinyQV.a(uart.o)   obj/runtime.o (uart_put_buffer)
tinyQV-sdk/tinyQV.a(uart_buf.o)
                              obj/tqv_fs.o (uart_putc)
tinyQV-sdk/tinyQV.a(mul.o)    obj/pwl_synth.o (__mulsi3)
tinyQV-sdk/tinyQV.a(peripheral.o)
                              tinyQV-sdk/tinyQV.a(uart.o) (debug_uart_putc)
tinyQV-sdk/tinyQV.a(timer.o)  tinyQV-sdk/start.o (tqv_timer_interrupt)
/opt/tinyQV/riscv32-unknown-elf/lib/libc.a(libc_a-atoi.o)
                              obj/main.o (atoi)
/opt/tinyQV/riscv32-unknown-elf/lib/libc.a(libc_a-calloc.o)
                              obj/tui/termcurses/tcurses_vt100.o (calloc)
/opt/tinyQV/riscv32-unknown-elf/lib/libc.a(libc_a-callocr.o)
                              /opt/tinyQV/riscv32-unknown-elf/lib/libc.a(libc_a-calloc.o) (_calloc_r)
/opt/tinyQV/riscv32-unknown-elf/lib/libc.a(libc_a-exit.o)
                              obj/tui/pdcurses/pdc_initscr.o (exit)
/opt/tinyQV/riscv32-unknown-elf/lib/libc.a(libc_a-getenv.o)
                              obj/tui/termcurses/termcurses.o (getenv)
/opt/tinyQV/riscv32-unknown-elf/lib/libc.a(libc_a-getenv_r.o)
                              /opt/tinyQV/riscv32-unknown-elf/lib/libc.a(libc_a-getenv.o) (_findenv_r)
/opt/tinyQV/riscv32-unknown-elf/lib/libc.a(libc_a-malloc.o)
                              obj/main.o (malloc)
/opt/tinyQV/riscv32-unknown-elf/lib/libc.a(libc_a-mallocr.o)
                              /opt/tinyQV/riscv32-unknown-elf/lib/libc.a(libc_a-callocr.o) (_malloc_r)
/opt/tinyQV/riscv32-unknown-elf/lib/libc.a(libc_a-mlock.o)
                              /opt/tinyQV/riscv32-unknown-elf/lib/libc.a(libc_a-mallocr.o) (__malloc_lock)
/opt/tinyQV/riscv32-unknown-elf/lib/libc.a(libc_a-realloc.o)
                              obj/tui/Mid2Pwl.o (realloc)
/opt/tinyQV/riscv32-unknown-elf/lib/libc.a(libc_a-reallocr.o)
                              /opt/tinyQV/riscv32-unknown-elf/lib/libc.a(libc_a-realloc.o) (_realloc_r)
/opt/tinyQV/riscv32-unknown-elf/lib/libc.a(libc_a-strtol.o)
                              /opt/tinyQV/riscv32-unknown-elf/lib/libc.a(libc_a-atoi.o) (_strtol_r)
/opt/tinyQV/riscv32-unknown-elf/lib/libc.a(libc_a-strtoul.o)
                              obj/main.o (strtoul)
/opt/tinyQV/riscv32-unknown-elf/lib/libc.a(libc_a-ctype_.o)
                              obj/strsafe.o (_ctype_)
/opt/tinyQV/riscv32-unknown-elf/lib/libc.a(libc_a-isdigit.o)
                              obj/tui/Tui.o (isdigit)
/opt/tinyQV/riscv32-unknown-elf/lib/libc.a(libc_a-qsort.o)
                              obj/tui/Mid2Pwl.o (qsort)
/opt/tinyQV/riscv32-unknown-elf/lib/libc.a(libc_a-fclose.o)
                              obj/main.o (fclose)
/opt/tinyQV/riscv32-unknown-elf/lib/libc.a(libc_a-fflush.o)
                              /opt/tinyQV/riscv32-unknown-elf/lib/libc.a(libc_a-fclose.o) (__sflush_r)
/opt/tinyQV/riscv32-unknown-elf/lib/libc.a(libc_a-fgets.o)
                              obj/main.o (fgets)
/opt/tinyQV/riscv32-unknown-elf/lib/libc.a(libc_a-findfp.o)
                              /opt/tinyQV/riscv32-unknown-elf/lib/libc.a(libc_a-fflush.o) (__sglue)
/opt/tinyQV/riscv32-unknown-elf/lib/libc.a(libc_a-fopen.o)
                              obj/main.o (fopen)
/opt/tinyQV/riscv32-unknown-elf/lib/libc.a(libc_a-fprintf.o)
                              obj/tui/pdcurses/pdc_initscr.o (fprintf)
/opt/tinyQV/riscv32-unknown-elf/lib/libc.a(libc_a-fputs.o)
                              obj/main.o (fputs)
/opt/tinyQV/riscv32-unknown-elf/lib/libc.a(libc_a-fread.o)
                              obj/main.o (fread)
/opt/tinyQV/riscv32-unknown-elf/lib/libc.a(libc_a-fseek.o)
                              /opt/tinyQV/riscv32-unknown-elf/lib/libc.a(libc_a-fopen.o) (_fseek_r)
/opt/tinyQV/riscv32-unknown-elf/lib/libc.a(libc_a-ftell.o)
                              obj/tui/Mid2Pwl.o (ftell)
/opt/tinyQV/riscv32-unknown-elf/lib/libc.a(libc_a-fvwrite.o)
                              /opt/tinyQV/riscv32-unknown-elf/lib/libc.a(libc_a-fputs.o) (__sfvwrite_r)
/opt/tinyQV/riscv32-unknown-elf/lib/libc.a(libc_a-fwalk.o)
                              /opt/tinyQV/riscv32-unknown-elf/lib/libc.a(libc_a-fflush.o) (_fwalk_sglue)
/opt/tinyQV/riscv32-unknown-elf/lib/libc.a(libc_a-fwrite.o)
                              obj/tui/pdcurses/pdc_scrdump.o (fwrite)
/opt/tinyQV/riscv32-unknown-elf/lib/libc.a(libc_a-printf.o)
                              obj/main.o (printf)
/opt/tinyQV/riscv32-unknown-elf/lib/libc.a(libc_a-putchar.o)
                              obj/main.o (putchar)
/opt/tinyQV/riscv32-unknown-elf/lib/libc.a(libc_a-refill.o)
                              /opt/tinyQV/riscv32-unknown-elf/lib/libc.a(libc_a-fgets.o) (__srefill_r)
/opt/tinyQV/riscv32-unknown-elf/lib/libc.a(libc_a-setvbuf.o)
                              obj/main.o (setvbuf)
/opt/tinyQV/riscv32-unknown-elf/lib/libc.a(libc_a-snprintf.o)
                              obj/main.o (snprintf)
[...]
Memory Configuration

Name             Origin             Length             Attributes
rom              0x00000000         0x01000000         xr
ram_a            0x01000000         0x00800000         rw
ram_b            0x01800000         0x00800000         rw
*default*        0x00000000         0xffffffff

Linker script and memory map

LOAD obj/main.o
LOAD obj/song_paradise.o
LOAD obj/song_paradise_v.o
LOAD obj/song_axelf.o
LOAD obj/song_axelf_a.o
LOAD obj/song_gmlast.o
LOAD obj/song_willie.o
LOAD obj/song_skybells.o
LOAD obj/cxxrt.o
LOAD obj/strsafe.o
LOAD obj/pwl_synth.o
LOAD obj/tqv_fs.o
LOAD obj/runtime.o
LOAD obj/tui/tqv_termio.o
LOAD obj/tui/tuitest.o
LOAD obj/tui/termcurses/tcurses_vt100.o
LOAD obj/tui/termcurses/termcurses.o
LOAD obj/tui/pdcurses/pdc_addch.o
LOAD obj/tui/pdcurses/pdc_addchstr.o
LOAD obj/tui/pdcurses/pdc_addstr.o
LOAD obj/tui/pdcurses/pdc_attr.o
LOAD obj/tui/pdcurses/pdc_beep.o
LOAD obj/tui/pdcurses/pdc_bkgd.o
LOAD obj/tui/pdcurses/pdc_border.o
LOAD obj/tui/pdcurses/pdc_clear.o
LOAD obj/tui/pdcurses/pdc_color.o
LOAD obj/tui/pdcurses/pdc_delch.o
LOAD obj/tui/pdcurses/pdc_deleteln.o
LOAD obj/tui/pdcurses/pdc_getch.o
LOAD obj/tui/pdcurses/pdc_getstr.o
LOAD obj/tui/pdcurses/pdc_getyx.o
LOAD obj/tui/pdcurses/pdc_inch.o
LOAD obj/tui/pdcurses/pdc_inchstr.o
LOAD obj/tui/pdcurses/pdc_initscr.o
LOAD obj/tui/pdcurses/pdc_inopts.o
LOAD obj/tui/pdcurses/pdc_insch.o
LOAD obj/tui/pdcurses/pdc_insstr.o
LOAD obj/tui/pdcurses/pdc_instr.o
LOAD obj/tui/pdcurses/pdc_kernel.o
LOAD obj/tui/pdcurses/pdc_keyname.o
LOAD obj/tui/pdcurses/pdc_mouse.o
LOAD obj/tui/pdcurses/pdc_move.o
LOAD obj/tui/pdcurses/pdc_outopts.o
LOAD obj/tui/pdcurses/pdc_overlay.o
LOAD obj/tui/pdcurses/pdc_pad.o
LOAD obj/tui/pdcurses/pdc_panel.o
LOAD obj/tui/pdcurses/pdc_printw.o
LOAD obj/tui/pdcurses/pdc_refresh.o
LOAD obj/tui/pdcurses/pdc_scanw.o
LOAD obj/tui/pdcurses/pdc_scrdump.o
LOAD obj/tui/pdcurses/pdc_scroll.o
LOAD obj/tui/pdcurses/pdc_slk.o
LOAD obj/tui/pdcurses/pdc_termattr.o
LOAD obj/tui/pdcurses/pdc_terminfo.o
LOAD obj/tui/pdcurses/pdc_touch.o
LOAD obj/tui/pdcurses/pdc_util.o
LOAD obj/tui/pdcurses/pdc_window.o
LOAD obj/tui/platform/pdcclip.o
LOAD obj/tui/platform/pdcdisp.o
LOAD obj/tui/platform/pdcgetsc.o
LOAD obj/tui/platform/pdckbd.o
LOAD obj/tui/platform/pdcscrn.o
LOAD obj/tui/platform/pdcsetsc.o
LOAD obj/tui/platform/pdcutil.o
LOAD obj/tui/History.o
LOAD obj/tui/Mid2Pwl.o
LOAD obj/tui/MidiFile.o
LOAD obj/tui/PwlSynth.o
LOAD obj/tui/Tabs.o
LOAD obj/tui/Tui.o
LOAD obj/tui/TuiMain.o
LOAD tinyQV-sdk/start.o
LOAD tinyQV-sdk/tinyQV.a
LOAD /opt/tinyQV/riscv32-unknown-elf/lib/libc.a
LOAD /opt/tinyQV/lib/gcc/riscv32-unknown-elf/16.1.0/libgcc.a

.boot           0x00000000       0x9a
 *(.boot)
 .boot          0x00000000       0x9a tinyQV-sdk/start.o
                0x0000006e                tqv_user_interrupt06_raw
                0x0000006e                tqv_user_interrupt15_raw
                0x0000006e                tqv_user_interrupt08_raw
                0x0000006e                tqv_user_interrupt14_raw
                0x0000006e                tqv_user_interrupt09_raw
                0x0000006e                tqv_user_interrupt07_raw
                0x0000006e                tqv_user_interrupt11_raw
                0x0000006e                tqv_user_interrupt05_raw
                0x0000006e                tqv_user_interrupt04_raw
                0x0000006e                tqv_user_interrupt13_raw
                0x0000006e                tqv_user_interrupt12_raw
                0x0000006e                tqv_user_interrupt10_raw
 *(.boot)

.vectors        0x000000c0       0x70
 *(.vectors)
 .vectors       0x000000c0       0x70 tinyQV-sdk/start.o

.srodata        0x00000130       0xb8
 *(.srodata*)
 .srodata.phrase.0
                0x00000130        0x4 obj/main.o
 .srodata.base.1
                0x00000134        0x7 obj/main.o
 *fill*         0x0000013b        0x1 
 .srodata.modtable.0
                0x0000013c        0x7 obj/tui/termcurses/tcurses_vt100.o
 *fill*         0x00000143        0x1 
 .srodata._ZZL12emit_inst_swP7EvBuf_tmiiiiPK9MidiCvt_tiE7roleDet
                0x00000144        0x3 obj/tui/Mid2Pwl.o
 *fill*         0x00000147        0x1 
 .srodata._ZZN9CPwlSynth17GetCommandTabListEPcPKcRP11TuiSortListE5names_4
                0x00000148        0x8 obj/tui/PwlSynth.o
 .srodata._ZZN9CPwlSynth17GetCommandTabListEPcPKcRP11TuiSortListE5names_3
                0x00000150        0x8 obj/tui/PwlSynth.o
 .srodata._ZZN9CPwlSynth17GetCommandTabListEPcPKcRP11TuiSortListE5names_1
                0x00000158        0x8 obj/tui/PwlSynth.o
 .srodata._ZZN9CPwlSynth10ProcessKeyEiE3cls
                0x00000160        0x7 obj/tui/PwlSynth.o
 *fill*         0x00000167        0x1 
 .srodata._ZL12s_BrailleBit
                0x00000168        0x8 obj/tui/PwlSynth.o
 .srodata._ZL11s_MidiColor
                0x00000170        0x8 obj/tui/PwlSynth.o
 .srodata._ZL11s_ChanColor
                0x00000178        0x8 obj/tui/PwlSynth.o
 .srodata._ZZN4CTui15NextWindowFocusEvE9focus_dir
                0x00000180        0x6 obj/tui/Tui.o
 *fill*         0x00000186        0x2 
 .srodata.cst8  0x00000188       0x60 /opt/tinyQV/riscv32-unknown-elf/lib/libc.a(libc_a-gdtoa-gdtoa.o)

.early_text     0x000001e8       0xb2
 *(.early_text*)
 .early_text    0x000001e8       0xb2 obj/runtime.o
                0x000001e8                __runtime_init

.text           0x0000029c    0x2a440
 *(.text*)
 .text.seq_reset
                0x0000029c       0x66 obj/main.o
 .text.parse_note
                0x00000302       0x8c obj/main.o
 .text.parse_u32
                0x0000038e       0x46 obj/main.o
 .text.perc_hat
                0x000003d4       0x52 obj/main.o
 .text.perc_kick
                0x00000426       0x54 obj/main.o
 .text.perc_snare
                0x0000047a       0x54 obj/main.o
 .text.arg_ch.constprop.0
                0x000004ce       0x6e obj/main.o
 .text.seq_quiet_arg
                0x0000053c       0x4a obj/main.o
                0x0000053c                seq_quiet_arg
 .text.cli_readline
                0x00000586       0x96 obj/main.o
                0x00000586                cli_readline
 .text.note_name
                0x0000061c       0x4e obj/main.o
                0x0000061c                note_name
 .text.pwl_preset_count
                0x0000066a        0x4 obj/main.o
                0x0000066a                pwl_preset_count
 .text.pwl_preset_name
                0x0000066e       0x1a obj/main.o
                0x0000066e                pwl_preset_name
 .text.pwl_apply_preset
                0x00000688       0x2e obj/main.o
                0x00000688                pwl_apply_preset
 .text.pwl_match_preset
                0x000006b6       0x62 obj/main.o
                0x000006b6                pwl_match_preset
 .text.seq_play
                0x00000718      0x5be obj/main.o
                0x00000718                seq_play
 .text.cli_execute
                0x00000cd6     0x16b2 obj/main.o
                0x00000cd6                cli_execute
 .text.startup.main
                0x00002388      0x130 obj/main.o
                0x00002388                main
 .text._Znwj    0x000024b8        0x4 obj/cxxrt.o
                0x000024b8                operator new(unsigned int)
 .text._Znaj    0x000024bc        0x4 obj/cxxrt.o
                0x000024bc                operator new[](unsigned int)
 .text._ZdaPv   0x000024c0        0x4 obj/cxxrt.o
                0x000024c0                operator delete[](void*)
 .text._ZdlPvj  0x000024c4        0x4 obj/cxxrt.o
                0x000024c4                operator delete(void*, unsigned int)
 .text.strlen   0x000024c8       0x16 obj/strsafe.o
                0x000024c8                strlen
 .text.strcmp   0x000024de       0x18 obj/strsafe.o
                0x000024de                strcmp
 .text.strncmp  0x000024f6       0x20 obj/strsafe.o
                0x000024f6                strncmp
 .text.strcpy   0x00002516       0x10 obj/strsafe.o
                0x00002516                strcpy
 .text.strncpy  0x00002526       0x24 obj/strsafe.o
                0x00002526                strncpy
 .text.strcat   0x0000254a       0x28 obj/strsafe.o
                0x0000254a                strcat
 .text.strchr   0x00002572       0x1a obj/strsafe.o
                0x00002572                strchr
 .text.strrchr  0x0000258c       0x1e obj/strsafe.o
                0x0000258c                strrchr
 .text.strcasecmp
                0x000025aa       0xb4 obj/strsafe.o
                0x000025aa                strcasecmp
 .text.strncasecmp
                0x0000265e       0x8a obj/strsafe.o
                0x0000265e                strncasecmp
 .text.pwl_apply_waveform
                0x000026e8       0x50 obj/pwl_synth.o
 .text.pwl_env_aim
                0x00002738       0x6e obj/pwl_synth.o
 .text.pwl_ws_effective
                0x000027a6       0x7e obj/pwl_synth.o
 .text.pwl_timbre_env_start
                0x00002824      0x240 obj/pwl_synth.o
 .text.pwl_arp_arm
                0x00002a64      0x1f8 obj/pwl_synth.o
 .text.pwl_pitch_env_start
                0x00002c5c      0x1e8 obj/pwl_synth.o
 .text.pwl_note_fperiod
                0x00002e44       0x82 obj/pwl_synth.o
                0x00002e44                pwl_note_fperiod
 .text.pwl_set_waveform
                0x00002ec6       0x2c obj/pwl_synth.o
                0x00002ec6                pwl_set_waveform
 .text.pwl_set_sweeps
                0x00002ef2       0x4e obj/pwl_synth.o
                0x00002ef2                pwl_set_sweeps
 .text.pwl_set_adsr
                0x00002f40       0x36 obj/pwl_synth.o
                0x00002f40                pwl_set_adsr
 .text.pwl_adsr_off
                0x00002f76       0x1c obj/pwl_synth.o
                0x00002f76                pwl_adsr_off
 .text.pwl_set_pitch_env
                0x00002f92       0x28 obj/pwl_synth.o
                0x00002f92                pwl_set_pitch_env
 .text.pwl_pitch_env_off
                0x00002fba       0x84 obj/pwl_synth.o
                0x00002fba                pwl_pitch_env_off
 .text.pwl_set_timbre_env
                0x0000303e       0x62 obj/pwl_synth.o
                0x0000303e                pwl_set_timbre_env
 .text.pwl_timbre_env_off
                0x000030a0       0xa6 obj/pwl_synth.o
                0x000030a0                pwl_timbre_env_off
 .text.pwl_set_vibrato
                0x00003146       0xe0 obj/pwl_synth.o
                0x00003146                pwl_set_vibrato
 .text.pwl_vibrato_off
                0x00003226       0x5e obj/pwl_synth.o
                0x00003226                pwl_vibrato_off
 .text.pwl_vibrato_arm
                0x00003284      0x108 obj/pwl_synth.o
                0x00003284                pwl_vibrato_arm
 .text.pwl_env_service
                0x0000338c      0x540 obj/pwl_synth.o
                0x0000338c                pwl_env_service
 .text.pwl_note_on
                0x000038cc      0x540 obj/pwl_synth.o
                0x000038cc                pwl_note_on
 .text.pwl_set_arp
                0x00003e0c       0x2c obj/pwl_synth.o
                0x00003e0c                pwl_set_arp
 .text.pwl_set_arp_rate
                0x00003e38       0x18 obj/pwl_synth.o
                0x00003e38                pwl_set_arp_rate
 .text.pwl_note_slur
                0x00003e50      0x10a obj/pwl_synth.o
                0x00003e50                pwl_note_slur
 .text.pwl_note_off
                0x00003f5a      0x124 obj/pwl_synth.o
                0x00003f5a                pwl_note_off
 .text.pwl_all_off
                0x0000407e       0x1c obj/pwl_synth.o
                0x0000407e                pwl_all_off
 .text.pwl_set_cfg
                0x0000409a       0x10 obj/pwl_synth.o
                0x0000409a                pwl_set_cfg
 .text.pwl_get_cfg
                0x000040aa        0x6 obj/pwl_synth.o
                0x000040aa                pwl_get_cfg
 .text.fs_num.constprop.0
                0x000040b0       0x54 obj/tqv_fs.o
 .text.fs_request
                0x00004104       0x8e obj/tqv_fs.o
 .text.fs_response
                0x00004192      0x184 obj/tqv_fs.o
 .text.tqv_fs_reprobe
                0x00004316       0x6c obj/tqv_fs.o
                0x00004316                tqv_fs_reprobe
 .text.tqv_fs_available
                0x00004382       0x20 obj/tqv_fs.o
                0x00004382                tqv_fs_available
 .text.tqv_fs_probe_wait
                0x000043a2       0x46 obj/tqv_fs.o
                0x000043a2                tqv_fs_probe_wait
 .text.tqv_fs_host
                0x000043e8        0xa obj/tqv_fs.o
                0x000043e8                tqv_fs_host
 .text.tqv_fs_open
                0x000043f2       0x62 obj/tqv_fs.o
                0x000043f2                tqv_fs_open
 .text.tqv_fs_close
                0x00004454       0x5e obj/tqv_fs.o
                0x00004454                tqv_fs_close
 .text.tqv_fs_read
                0x000044b2       0x76 obj/tqv_fs.o
                0x000044b2                tqv_fs_read
 .text.tqv_fs_write
                0x00004528       0x84 obj/tqv_fs.o
                0x00004528                tqv_fs_write
 .text.tqv_fs_seek
                0x000045ac       0x76 obj/tqv_fs.o
                0x000045ac                tqv_fs_seek
 .text.tqv_fs_list
                0x00004622       0x6a obj/tqv_fs.o
                0x00004622                tqv_fs_list
 .text.__tinyqv_fs_open
                0x0000468c       0xae obj/tqv_fs.o
                0x0000468c                __tinyqv_fs_open
 .text.__tinyqv_fs_close
                0x0000473a        0x4 obj/tqv_fs.o
                0x0000473a                __tinyqv_fs_close
 .text.__tinyqv_fs_read
                0x0000473e        0x4 obj/tqv_fs.o
                0x0000473e                __tinyqv_fs_read
 .text.__tinyqv_fs_write
                0x00004742        0x4 obj/tqv_fs.o
                0x00004742                __tinyqv_fs_write
 .text.__tinyqv_fs_lseek
                0x00004746        0x4 obj/tqv_fs.o
                0x00004746                __tinyqv_fs_lseek
 .text._sbrk    0x0000474a       0x20 obj/runtime.o
                0x0000474a                _sbrk
 .text._getpid  0x0000476a        0x4 obj/runtime.o
                0x0000476a                _getpid
 .text._kill    0x0000476e        0x4 obj/runtime.o
                0x0000476e                _kill
 .text._exit    0x00004772        0x2 obj/runtime.o
                0x00004772                _exit
 .text._read    0x00004774       0x42 obj/runtime.o
                0x00004774                _read
 .text._write   0x000047b6       0x52 obj/runtime.o
                0x000047b6                _write
 .text._open    0x00004808       0x14 obj/runtime.o
                0x00004808                _open
 .text._close   0x0000481c        0xc obj/runtime.o
                0x0000481c                _close
 .text._lseek   0x00004828        0xc obj/runtime.o
                0x00004828                _lseek
 .text._fstat   0x00004834        0x4 obj/runtime.o
                0x00004834                _fstat
 .text._isatty  0x00004838        0x6 obj/runtime.o
                0x00004838                _isatty
 .text.write    0x0000483e       0x16 obj/tui/tqv_termio.o
                0x0000483e                write
 .text.read     0x00004854       0x64 obj/tui/tqv_termio.o
                0x00004854                read
 .text.select   0x000048b8       0x7e obj/tui/tqv_termio.o
                0x000048b8                select
 .text.fcntl    0x00004936       0x42 obj/tui/tqv_termio.o
                0x00004936                fcntl
 .text.usleep   0x00004978       0x12 obj/tui/tqv_termio.o
                0x00004978                usleep
 .text.ioctl    0x0000498a       0x14 obj/tui/tqv_termio.o
                0x0000498a                ioctl
 .text.tui_smoke_test
                0x0000499e      0x19e obj/tui/tuitest.o
                0x0000499e                tui_smoke_test
 .text.tcurses_vt100_getcolorindex
                0x00004b3c      0x168 obj/tui/termcurses/tcurses_vt100.o
 .text.tcurses_vt100_checkkey
                0x00004ca4       0x56 obj/tui/termcurses/tcurses_vt100.o
 .text.tcurses_vt100_getkeycode
                0x00004cfa      0x466 obj/tui/termcurses/tcurses_vt100.o
 .text.tcurses_vt100_clear
                0x00005160       0x88 obj/tui/termcurses/tcurses_vt100.o
 .text.tcurses_vt100_setattributes
                0x000051e8       0xfe obj/tui/termcurses/tcurses_vt100.o
 .text.tcurses_vt100_setcolors
                0x000052e6       0x9e obj/tui/termcurses/tcurses_vt100.o
 .text.tcurses_vt100_move
                0x00005384      0x11e obj/tui/termcurses/tcurses_vt100.o
 .text.tcurses_vt100_initialize
                0x000054a2       0x3e obj/tui/termcurses/tcurses_vt100.o
 .text.tcurses_vt100_getwinsize
                0x000054e0      0x160 obj/tui/termcurses/tcurses_vt100.o
 .text.termcurses_initterm
                0x00005640       0x72 obj/tui/termcurses/termcurses.o
                0x00005640                termcurses_initterm
 .text.termcurses_deinitterm
                0x000056b2       0x48 obj/tui/termcurses/termcurses.o
                0x000056b2                termcurses_deinitterm
 .text.termcurses_moveyx
                0x000056fa       0x12 obj/tui/termcurses/termcurses.o
                0x000056fa                termcurses_moveyx
 .text.termcurses_setcolors
                0x0000570c       0x14 obj/tui/termcurses/termcurses.o
                0x0000570c                termcurses_setcolors
 .text.termcurses_setattribute
                0x00005720        0xe obj/tui/termcurses/termcurses.o
                0x00005720                termcurses_setattribute
 .text.termcurses_getwinsize
                0x0000572e        0xe obj/tui/termcurses/termcurses.o
                0x0000572e                termcurses_getwinsize
 .text.termcurses_getkeycode
                0x0000573c        0xc obj/tui/termcurses/termcurses.o
                0x0000573c                termcurses_getkeycode
 .text.termcurses_checkkey
                0x00005748        0xc obj/tui/termcurses/termcurses.o
                0x00005748                termcurses_checkkey
 .text.waddch   0x00005754      0x25a obj/tui/pdcurses/pdc_addch.o
                0x00005754                waddch
 .text.mvwaddch
                0x000059ae       0x2e obj/tui/pdcurses/pdc_addch.o
                0x000059ae                mvwaddch
 .text.waddnstr
                0x000059dc       0x42 obj/tui/pdcurses/pdc_addstr.o
                0x000059dc                waddnstr
 .text.waddstr  0x00005a1e        0x4 obj/tui/pdcurses/pdc_addstr.o
                0x00005a1e                waddstr
 .text.wattroff
                0x00005a22       0x16 obj/tui/pdcurses/pdc_attr.o
                0x00005a22                wattroff
 .text.attroff  0x00005a38       0x1a obj/tui/pdcurses/pdc_attr.o
                0x00005a38                attroff
 .text.wattron  0x00005a52       0x38 obj/tui/pdcurses/pdc_attr.o
                0x00005a52                wattron
 .text.attron   0x00005a8a       0x40 obj/tui/pdcurses/pdc_attr.o
                0x00005a8a                attron
 .text.wattrset
                0x00005aca       0x10 obj/tui/pdcurses/pdc_attr.o
                0x00005aca                wattrset
 .text.attrset  0x00005ada       0x14 obj/tui/pdcurses/pdc_attr.o
                0x00005ada                attrset
 .text.wbkgd    0x00005aee      0x10c obj/tui/pdcurses/pdc_bkgd.o
                0x00005aee                wbkgd
 .text.wborder  0x00005bfa      0x360 obj/tui/pdcurses/pdc_border.o
                0x00005bfa                wborder
 .text.box      0x00005f5a       0x1a obj/tui/pdcurses/pdc_border.o
                0x00005f5a                box
 .text.whline   0x00005f74       0xd6 obj/tui/pdcurses/pdc_border.o
                0x00005f74                whline
 .text.mvwhline
                0x0000604a       0x32 obj/tui/pdcurses/pdc_border.o
                0x0000604a                mvwhline
 .text.wvline   0x0000607c       0xd0 obj/tui/pdcurses/pdc_border.o
                0x0000607c                wvline
 .text.mvwvline
                0x0000614c       0x32 obj/tui/pdcurses/pdc_border.o
                0x0000614c                mvwvline
 .text.wclrtoeol
                0x0000617e       0x66 obj/tui/pdcurses/pdc_clear.o
                0x0000617e                wclrtoeol
 .text.wclrtobot
                0x000061e4       0x56 obj/tui/pdcurses/pdc_clear.o
                0x000061e4                wclrtobot
 .text.werase   0x0000623a       0x28 obj/tui/pdcurses/pdc_clear.o
                0x0000623a                werase
 .text.wclear   0x00006262       0x3a obj/tui/pdcurses/pdc_clear.o
                0x00006262                wclear
 .text.init_pair
                0x0000629c      0x102 obj/tui/pdcurses/pdc_color.o
                0x0000629c                init_pair
 .text.init_color
                0x0000639e       0x6e obj/tui/pdcurses/pdc_color.o
                0x0000639e                init_color
 .text.PDC_init_atrtab
                0x0000640c       0x54 obj/tui/pdcurses/pdc_color.o
                0x0000640c                PDC_init_atrtab
 .text.start_color
                0x00006460       0x3c obj/tui/pdcurses/pdc_color.o
                0x00006460                start_color
 .text.wgetch   0x0000649c      0x392 obj/tui/pdcurses/pdc_getch.o
                0x0000649c                wgetch
 .text.getbegy  0x0000682e        0xc obj/tui/pdcurses/pdc_getyx.o
                0x0000682e                getbegy
 .text.getbegx  0x0000683a        0xc obj/tui/pdcurses/pdc_getyx.o
                0x0000683a                getbegx
 .text.getmaxy  0x00006846        0xc obj/tui/pdcurses/pdc_getyx.o
                0x00006846                getmaxy
 .text.getmaxx  0x00006852        0xc obj/tui/pdcurses/pdc_getyx.o
                0x00006852                getmaxx
 .text.Xinitscr
                0x0000685e      0x27e obj/tui/pdcurses/pdc_initscr.o
                0x0000685e                Xinitscr
 .text.initscr  0x00006adc        0x6 obj/tui/pdcurses/pdc_initscr.o
                0x00006adc                initscr
 .text.endwin   0x00006ae2       0x1e obj/tui/pdcurses/pdc_initscr.o
                0x00006ae2                endwin
 .text.isendwin
                0x00006b00       0x10 obj/tui/pdcurses/pdc_initscr.o
                0x00006b00                isendwin
 .text.delscreen
                0x00006b10       0x4e obj/tui/pdcurses/pdc_initscr.o
                0x00006b10                delscreen
 .text.resize_term
                0x00006b5e      0x104 obj/tui/pdcurses/pdc_initscr.o
                0x00006b5e                resize_term
 .text.cbreak   0x00006c62       0x10 obj/tui/pdcurses/pdc_inopts.o
                0x00006c62                cbreak
 .text.noecho   0x00006c72        0xe obj/tui/pdcurses/pdc_inopts.o
                0x00006c72                noecho
 .text.keypad   0x00006c80       0x1c obj/tui/pdcurses/pdc_inopts.o
                0x00006c80                keypad
 .text.nl       0x00006c9c       0x10 obj/tui/pdcurses/pdc_inopts.o
                0x00006c9c                nl
 .text.nodelay  0x00006cac       0x1a obj/tui/pdcurses/pdc_inopts.o
                0x00006cac                nodelay
 .text.raw      0x00006cc6       0x1e obj/tui/pdcurses/pdc_inopts.o
                0x00006cc6                raw
 .text.timeout  0x00006ce4       0x32 obj/tui/pdcurses/pdc_inopts.o
                0x00006ce4                timeout
 .text._restore_mode
                0x00006d16       0xa8 obj/tui/pdcurses/pdc_kernel.o
 .text.def_prog_mode
                0x00006dbe       0x34 obj/tui/pdcurses/pdc_kernel.o
                0x00006dbe                def_prog_mode
 .text.def_shell_mode
                0x00006df2       0x30 obj/tui/pdcurses/pdc_kernel.o
                0x00006df2                def_shell_mode
 .text.reset_prog_mode
                0x00006e22       0x14 obj/tui/pdcurses/pdc_kernel.o
                0x00006e22                reset_prog_mode
 .text.curs_set
                0x00006e36       0x48 obj/tui/pdcurses/pdc_kernel.o
                0x00006e36                curs_set
 .text.napms    0x00006e7e       0x16 obj/tui/pdcurses/pdc_kernel.o
                0x00006e7e                napms
 .text.move     0x00006e94       0x2a obj/tui/pdcurses/pdc_move.o
                0x00006e94                move
 .text.wmove    0x00006ebe       0x2a obj/tui/pdcurses/pdc_move.o
                0x00006ebe                wmove
 .text._copy_win
                0x00006ee8      0x15c obj/tui/pdcurses/pdc_overlay.o
 .text.copywin  0x00007044       0x98 obj/tui/pdcurses/pdc_overlay.o
                0x00007044                copywin
 .text.subpad   0x000070dc      0x13e obj/tui/pdcurses/pdc_pad.o
                0x000070dc                subpad
 .text.vwprintw
                0x0000721a       0x4a obj/tui/pdcurses/pdc_printw.o
                0x0000721a                vwprintw
 .text.wprintw  0x00007264       0x1c obj/tui/pdcurses/pdc_printw.o
                0x00007264                wprintw
 .text.mvwprintw
                0x00007280       0x2c obj/tui/pdcurses/pdc_printw.o
                0x00007280                mvwprintw
 .text.wnoutrefresh
                0x000072ac      0x1ba obj/tui/pdcurses/pdc_refresh.o
                0x000072ac                wnoutrefresh
 .text.doupdate
                0x00007466      0x1c6 obj/tui/pdcurses/pdc_refresh.o
                0x00007466                doupdate
 .text.wrefresh
                0x0000762c       0x9e obj/tui/pdcurses/pdc_refresh.o
                0x0000762c                wrefresh
 .text.refresh  0x000076ca       0xa4 obj/tui/pdcurses/pdc_refresh.o
                0x000076ca                refresh
 .text.wscrl    0x0000776e       0xee obj/tui/pdcurses/pdc_scroll.o
                0x0000776e                wscrl
 .text._drawone.part.0
                0x0000785c       0xbe obj/tui/pdcurses/pdc_slk.o
 .text.slk_noutrefresh
                0x0000791a        0x8 obj/tui/pdcurses/pdc_slk.o
                0x0000791a                slk_noutrefresh
 .text.PDC_slk_initialize
                0x00007922      0x2ba obj/tui/pdcurses/pdc_slk.o
                0x00007922                PDC_slk_initialize
 .text.PDC_slk_free
                0x00007bdc       0x48 obj/tui/pdcurses/pdc_slk.o
                0x00007bdc                PDC_slk_free
 .text.PDC_mouse_in_slk
                0x00007c24       0x4c obj/tui/pdcurses/pdc_slk.o
                0x00007c24                PDC_mouse_in_slk
 .text.touchwin
                0x00007c70       0x2e obj/tui/pdcurses/pdc_touch.o
                0x00007c70                touchwin
 .text.touchline
                0x00007c9e       0x42 obj/tui/pdcurses/pdc_touch.o
                0x00007c9e                touchline
 .text.untouchwin
                0x00007ce0       0x28 obj/tui/pdcurses/pdc_touch.o
                0x00007ce0                untouchwin
 .text.is_wintouched
                0x00007d08       0x28 obj/tui/pdcurses/pdc_touch.o
                0x00007d08                is_wintouched
 .text.PDC_makenew
                0x00007d30       0xb4 obj/tui/pdcurses/pdc_window.o
                0x00007d30                PDC_makenew
 .text.PDC_makelines
                0x00007de4       0x8e obj/tui/pdcurses/pdc_window.o
                0x00007de4                PDC_makelines
 .text.PDC_sync
                0x00007e72       0x3c obj/tui/pdcurses/pdc_window.o
                0x00007e72                PDC_sync
 .text.newwin   0x00007eae       0x54 obj/tui/pdcurses/pdc_window.o
                0x00007eae                newwin
 .text.delwin   0x00007f02       0x60 obj/tui/pdcurses/pdc_window.o
                0x00007f02                delwin
 .text.mvwin    0x00007f62       0x48 obj/tui/pdcurses/pdc_window.o
                0x00007f62                mvwin
 .text.subwin   0x00007faa      0x14a obj/tui/pdcurses/pdc_window.o
                0x00007faa                subwin
 .text.resize_window
                0x000080f4      0x2c6 obj/tui/pdcurses/pdc_window.o
                0x000080f4                resize_window
 .text.wresize  0x000083ba       0x14 obj/tui/pdcurses/pdc_window.o
                0x000083ba                wresize
 .text.wsyncup  0x000083ce       0x1c obj/tui/pdcurses/pdc_window.o
                0x000083ce                wsyncup
 .text.PDC_gotoyx
                0x000083ea       0x18 obj/tui/platform/pdcdisp.o
                0x000083ea                PDC_gotoyx
 .text.PDC_transform_line
                0x00008402      0x2f0 obj/tui/platform/pdcdisp.o
                0x00008402                PDC_transform_line
 .text.PDC_get_rows
                0x000086f2       0x3a obj/tui/platform/pdcgetsc.o
                0x000086f2                PDC_get_rows
 .text.PDC_get_columns
                0x0000872c       0x3a obj/tui/platform/pdcgetsc.o
                0x0000872c                PDC_get_columns
 .text.PDC_get_cursor_mode
                0x00008766        0x4 obj/tui/platform/pdcgetsc.o
                0x00008766                PDC_get_cursor_mode
 .text.PDC_check_key
                0x0000876a       0x68 obj/tui/platform/pdckbd.o
                0x0000876a                PDC_check_key
 .text.PDC_get_key
                0x000087d2       0x3a obj/tui/platform/pdckbd.o
                0x000087d2                PDC_get_key
 .text.PDC_set_keyboard_binary
                0x0000880c        0x2 obj/tui/platform/pdckbd.o
                0x0000880c                PDC_set_keyboard_binary
 .text.PDC_input_open
                0x0000880e        0x4 obj/tui/platform/pdckbd.o
                0x0000880e                PDC_input_open
 .text.PDC_input_close
                0x00008812        0x2 obj/tui/platform/pdckbd.o
                0x00008812                PDC_input_close
 .text.PDC_scr_close
                0x00008814       0x1c obj/tui/platform/pdcscrn.o
                0x00008814                PDC_scr_close
 .text.PDC_scr_free
                0x00008830       0x42 obj/tui/platform/pdcscrn.o
                0x00008830                PDC_scr_free
 .text.PDC_scr_open
                0x00008872      0x16c obj/tui/platform/pdcscrn.o
                0x00008872                PDC_scr_open
 .text.PDC_resize_screen
                0x000089de        0x4 obj/tui/platform/pdcscrn.o
                0x000089de                PDC_resize_screen
 .text.PDC_reset_prog_mode
                0x000089e2        0x2 obj/tui/platform/pdcscrn.o
                0x000089e2                PDC_reset_prog_mode
 .text.PDC_restore_screen_mode
                0x000089e4        0x2 obj/tui/platform/pdcscrn.o
                0x000089e4                PDC_restore_screen_mode
 .text.PDC_save_screen_mode
                0x000089e6        0x2 obj/tui/platform/pdcscrn.o
                0x000089e6                PDC_save_screen_mode
 .text.PDC_init_pair
                0x000089e8       0x1a obj/tui/platform/pdcscrn.o
                0x000089e8                PDC_init_pair
 .text.PDC_pair_content
                0x00008a02       0x26 obj/tui/platform/pdcscrn.o
                0x00008a02                PDC_pair_content
 .text.PDC_can_change_color
                0x00008a28        0x4 obj/tui/platform/pdcscrn.o
                0x00008a28                PDC_can_change_color
 .text.PDC_init_color
                0x00008a2c       0x72 obj/tui/platform/pdcscrn.o
                0x00008a2c                PDC_init_color
 .text.PDC_curs_set
                0x00008a9e       0x8c obj/tui/platform/pdcsetsc.o
                0x00008a9e                PDC_curs_set
 .text.PDC_set_blink
                0x00008b2a        0xc obj/tui/platform/pdcsetsc.o
                0x00008b2a                PDC_set_blink
 .text.PDC_napms
                0x00008b36       0x10 obj/tui/platform/pdcutil.o
                0x00008b36                PDC_napms
 .text.PDC_sysname
                0x00008b46        0xa obj/tui/platform/pdcutil.o
                0x00008b46                PDC_sysname
 .text._ZN8CHistoryC2Ev
                0x00008b50       0x22 obj/tui/History.o
                0x00008b50                CHistory::CHistory()
                0x00008b50                CHistory::CHistory()
 .text._ZN8CHistoryD2Ev
                0x00008b72       0x2e obj/tui/History.o
                0x00008b72                CHistory::~CHistory()
                0x00008b72                CHistory::~CHistory()
 .text._ZN8CHistory11SaveHistoryEPKc
                0x00008ba0       0xac obj/tui/History.o
                0x00008ba0                CHistory::SaveHistory(char const*)
 .text._ZN8CHistory3AddEPKc
                0x00008c4c       0xaa obj/tui/History.o
                0x00008c4c                CHistory::Add(char const*)
 .text._ZN8CHistory11ReadHistoryEPKc
                0x00008cf6       0x92 obj/tui/History.o
                0x00008cf6                CHistory::ReadHistory(char const*)
 .text._ZN8CHistory19GetFirstHistoryItemEPPKc
                0x00008d88       0x18 obj/tui/History.o
                0x00008d88                CHistory::GetFirstHistoryItem(char const**)
 .text._ZN8CHistory14GetHistoryItemEiPPKc
                0x00008da0       0x16 obj/tui/History.o
                0x00008da0                CHistory::GetHistoryItem(int, char const**)
 .text._ZN8CHistory19GetOlderHistoryItemEiPPKc
                0x00008db6       0x32 obj/tui/History.o
                0x00008db6                CHistory::GetOlderHistoryItem(int, char const**)
 .text._ZN8CHistory19GetNewerHistoryItemEiPPKc
                0x00008de8       0x26 obj/tui/History.o
                0x00008de8                CHistory::GetNewerHistoryItem(int, char const**)
 .text._ZL11mono_reduceP2Nti
                0x00008e0e       0x66 obj/tui/Mid2Pwl.o
 .text._ZL6nt_cmpPKvS0_
                0x00008e74       0x12 obj/tui/Mid2Pwl.o
 .text._ZL11derive_roleP9MidiCvt_tiiPK10RoleProf_t
                0x00008e86      0x1f2 obj/tui/Mid2Pwl.o
 .text._ZL12role_profilePK9CMidiFileiP10RoleProf_t
                0x00009078      0x21c obj/tui/Mid2Pwl.o
 .text._ZL10chan_notesPK9CMidiFileiP2Nti
                0x00009294       0xb0 obj/tui/Mid2Pwl.o
 .text._ZL7ev_pushP7EvBuf_tmiiiii
                0x00009344       0x8a obj/tui/Mid2Pwl.o
 .text._ZL9emit_instP7EvBuf_tiiiPK9MidiCvt_t
                0x000093ce      0x1bc obj/tui/Mid2Pwl.o
 .text._ZL9emit_lineP7EvBuf_tPK2NtiiiPK9MidiCvt_tiiiPKai
                0x0000958a      0x482 obj/tui/Mid2Pwl.o
 .text._ZL12evbuf_to_seqPK7EvBuf_tPP8seq_ev_t
                0x00009a0c      0x168 obj/tui/Mid2Pwl.o
 .text._ZL6ev_cmpPKvS0_
                0x00009b74       0x3a obj/tui/Mid2Pwl.o
 .text._ZL9pick_instP9MidiCvt_tiPKc
                0x00009bae       0x5c obj/tui/Mid2Pwl.o
 .text._Z18mid2pwl_inst_countv
                0x00009c0a        0x4 obj/tui/Mid2Pwl.o
                0x00009c0a                mid2pwl_inst_count()
 .text._Z12mid2pwl_insti
                0x00009c0e       0x26 obj/tui/Mid2Pwl.o
                0x00009c0e                mid2pwl_inst(int)
 .text._Z17mid2pwl_inst_findPKc
                0x00009c34       0x4a obj/tui/Mid2Pwl.o
                0x00009c34                mid2pwl_inst_find(char const*)
 .text._Z20mid2pwl_inst_defaulti
                0x00009c7e       0x10 obj/tui/Mid2Pwl.o
                0x00009c7e                mid2pwl_inst_default(int)
 .text._Z15mid2pwl_automapP9CMidiFilePci
                0x00009c8e      0xe3e obj/tui/Mid2Pwl.o
                0x00009c8e                mid2pwl_automap(CMidiFile*, char*, int)
 .text._Z15mid2pwl_convertP9CMidiFilePci
                0x0000aacc      0xd56 obj/tui/Mid2Pwl.o
                0x0000aacc                mid2pwl_convert(CMidiFile*, char*, int)
 .text._Z16mid2pwl_auditionP9CMidiFileiiPP8seq_ev_tPci
                0x0000b822      0x180 obj/tui/Mid2Pwl.o
                0x0000b822                mid2pwl_audition(CMidiFile*, int, int, seq_ev_t**, char*, int)
 .text._Z16mid2pwl_save_pwlPK9CMidiFilePKc
                0x0000b9a2       0x84 obj/tui/Mid2Pwl.o
                0x0000b9a2                mid2pwl_save_pwl(CMidiFile const*, char const*)
 .text._Z14mid2pwl_save_cPK9CMidiFilePKc
                0x0000ba26      0x280 obj/tui/Mid2Pwl.o
                0x0000ba26                mid2pwl_save_c(CMidiFile const*, char const*)
 .text._ZL7raw_cmpPKvS0_
                0x0000bca6       0x22 obj/tui/MidiFile.o
 .text._ZL9tempo_cmpPKvS0_
                0x0000bcc8       0x12 obj/tui/MidiFile.o
 .text._ZL8note_cmpPKvS0_
                0x0000bcda       0x12 obj/tui/MidiFile.o
 .text._ZL10walk_trackP11MidiTrack_tPKhS2_mmPmb
                0x0000bcec      0x3e4 obj/tui/MidiFile.o
 .text._ZN9CMidiFileC2Ev
                0x0000c0d0       0xa6 obj/tui/MidiFile.o
                0x0000c0d0                CMidiFile::CMidiFile()
                0x0000c0d0                CMidiFile::CMidiFile()
 .text._ZN9CMidiFileD2Ev
                0x0000c176       0x46 obj/tui/MidiFile.o
                0x0000c176                CMidiFile::~CMidiFile()
                0x0000c176                CMidiFile::~CMidiFile()
 .text._ZN9CMidiFile6ScrollEii
                0x0000c1bc       0x40 obj/tui/MidiFile.o
                0x0000c1bc                CMidiFile::Scroll(int, int)
 .text._ZN9CMidiFile4LoadEPKcPci
                0x0000c1fc     0x103e obj/tui/MidiFile.o
                0x0000c1fc                CMidiFile::Load(char const*, char*, int)
 .text._ZNK9CMidiFile8TickToMsEm
                0x0000d23a       0xb0 obj/tui/MidiFile.o
                0x0000d23a                CMidiFile::TickToMs(unsigned long) const
 .text._ZNK9CMidiFile8BeatToMsEm
                0x0000d2ea       0x1c obj/tui/MidiFile.o
                0x0000d2ea                CMidiFile::BeatToMs(unsigned long) const
 .text._ZNK9CMidiFile7CfgPathEPciPKc
                0x0000d306       0x82 obj/tui/MidiFile.o
                0x0000d306                CMidiFile::CfgPath(char*, int, char const*) const
 .text._ZN9CMidiFile7LoadCfgEv
                0x0000d388      0x42c obj/tui/MidiFile.o
                0x0000d388                CMidiFile::LoadCfg()
 .text._ZNK9CMidiFile7SaveCfgEv
                0x0000d7b4      0x226 obj/tui/MidiFile.o
                0x0000d7b4                CMidiFile::SaveCfg() const
 .text._ZNK9CMidiFile10InstrumentEi
                0x0000d9da       0x72 obj/tui/MidiFile.o
                0x0000d9da                CMidiFile::Instrument(int) const
 .text._ZNK9CMidiFile5BeatsEi
                0x0000da4c       0x38 obj/tui/MidiFile.o
                0x0000da4c                CMidiFile::Beats(int) const
 .text._Z10MidiGmNamei
                0x0000da84       0x22 obj/tui/MidiFile.o
                0x0000da84                MidiGmName(int)
 .text._ZNK9CMidiFile8TempoBpmEv
                0x0000daa6       0x1e obj/tui/MidiFile.o
                0x0000daa6                CMidiFile::TempoBpm() const
 .text._ZN10CTuiSource11GetFilenameEv
                0x0000dac4        0x4 obj/tui/PwlSynth.o
                0x0000dac4                CTuiSource::GetFilename()
 .text._ZN10CTuiSource16GetPrefsFilenameEv
                0x0000dac8        0x6 obj/tui/PwlSynth.o
                0x0000dac8                CTuiSource::GetPrefsFilename()
 .text._ZN10CTuiSource13GetWorkingDirEv
                0x0000dace        0x6 obj/tui/PwlSynth.o
                0x0000dace                CTuiSource::GetWorkingDir()
 .text._ZN10CTuiSource10SingleStepEv
                0x0000dad4        0x2 obj/tui/PwlSynth.o
                0x0000dad4                CTuiSource::SingleStep()
 .text._ZN10CTuiSource8StepOverEv
                0x0000dad6        0x2 obj/tui/PwlSynth.o
                0x0000dad6                CTuiSource::StepOver()
 .text._ZN10CTuiSource4ContEv
                0x0000dad8        0x2 obj/tui/PwlSynth.o
                0x0000dad8                CTuiSource::Cont()
 .text._ZN10CTuiSource9SetParentEP4CTui
                0x0000dada        0x4 obj/tui/PwlSynth.o
                0x0000dada                CTuiSource::SetParent(CTui*)
 .text._ZN10CTuiSource7UIReadyEv
                0x0000dade        0x2 obj/tui/PwlSynth.o
                0x0000dade                CTuiSource::UIReady()
 .text._ZN10CTuiSource16RestoreOtherPrefEPcS0_
                0x0000dae0        0x2 obj/tui/PwlSynth.o
                0x0000dae0                CTuiSource::RestoreOtherPref(char*, char*)
 .text._ZN9CPwlSynth11DebugPrintfEPKcz
                0x0000dae2        0xe obj/tui/PwlSynth.o
                0x0000dae2                CPwlSynth::DebugPrintf(char const*, ...)
 .text._ZL11studio_intsPKcPii
                0x0000daf0       0xee obj/tui/PwlSynth.o
 .text._ZN9CPwlSynth14WantProcessKeyEv
                0x0000dbde       0x1e obj/tui/PwlSynth.o
                0x0000dbde                CPwlSynth::WantProcessKey()
 .text._ZN9CPwlSynth9WantFocusEv
                0x0000dbfc       0x1e obj/tui/PwlSynth.o
                0x0000dbfc                CPwlSynth::WantFocus()
 .text._ZN9CPwlSynth15GetCommandTableEv
                0x0000dc1a        0xa obj/tui/PwlSynth.o
                0x0000dc1a                CPwlSynth::GetCommandTable()
 .text._ZN9CPwlSynth11ProcessLineEPc
                0x0000dc24        0x4 obj/tui/PwlSynth.o
                0x0000dc24                CPwlSynth::ProcessLine(char*)
 .text._ZN9CPwlSynth11HandleCtrlCEv
                0x0000dc28        0x4 obj/tui/PwlSynth.o
                0x0000dc28                CPwlSynth::HandleCtrlC()
 .text._ZN9CPwlSynth18GetSourceLineCountEPv
                0x0000dc2c       0x2a obj/tui/PwlSynth.o
                0x0000dc2c                CPwlSynth::GetSourceLineCount(void*)
 .text._ZL14notes_set_rowsi
                0x0000dc56       0xdc obj/tui/PwlSynth.o
 .text._ZL17notes_draw_gutterP4_winiii
                0x0000dd32       0x6c obj/tui/PwlSynth.o
 .text._ZL14studio_captureP11StudioRec_t
                0x0000dd9e      0x12a obj/tui/PwlSynth.o
 .text._ZN9CPwlSynth16RestoreWatchItemEPc
                0x0000dec8       0x20 obj/tui/PwlSynth.o
                0x0000dec8                CPwlSynth::RestoreWatchItem(char*)
 .text._ZN9CPwlSynth14SaveWatchItemsEP7__sFILE
                0x0000dee8       0x12 obj/tui/PwlSynth.o
                0x0000dee8                CPwlSynth::SaveWatchItems(__sFILE*)
 .text._ZL12studio_applyPK11StudioRec_t
                0x0000defa      0x124 obj/tui/PwlSynth.o
 .text._ZL16studio_draw_recsP4_wini
                0x0000e01e       0xe2 obj/tui/PwlSynth.o
 .text._ZL16studio_draw_songP4_wini
                0x0000e100       0xd0 obj/tui/PwlSynth.o
 .text._ZN9CPwlSynth5ClearEiPPc
                0x0000e1d0       0x30 obj/tui/PwlSynth.o
                0x0000e1d0                CPwlSynth::Clear(int, char**)
 .text._ZN9CPwlSynth12ScrollSourceEib
                0x0000e200       0xaa obj/tui/PwlSynth.o
                0x0000e200                CPwlSynth::ScrollSource(int, bool)
 .text._ZN9CPwlSynth15DrawWatchWindowEP4_wini
                0x0000e2aa      0x918 obj/tui/PwlSynth.o
                0x0000e2aa                CPwlSynth::DrawWatchWindow(_win*, int)
 .text._ZL9song_pushhht
                0x0000ebc2       0x4c obj/tui/PwlSynth.o
 .text._ZN9CPwlSynth11FreeTabListEP11TuiSortList
                0x0000ec0e       0x32 obj/tui/PwlSynth.o
                0x0000ec0e                CPwlSynth::FreeTabList(TuiSortList*)
 .text._ZN9CPwlSynth10DrawSplashEP4_win
                0x0000ec40       0xd4 obj/tui/PwlSynth.o
                0x0000ec40                CPwlSynth::DrawSplash(_win*)
 .text._ZN9CPwlSynth11StdoutChunkEPKci.part.0
                0x0000ed14       0xb2 obj/tui/PwlSynth.o
 .text._ZN9CPwlSynth8CloseTabEP4CTab
                0x0000edc6       0x5c obj/tui/PwlSynth.o
                0x0000edc6                CPwlSynth::CloseTab(CTab*)
 .text._ZL15pwl_stdout_hookPKci
                0x0000ee22       0x2c obj/tui/PwlSynth.o
 .text._ZN9CPwlSynthD2Ev
                0x0000ee4e       0xa2 obj/tui/PwlSynth.o
                0x0000ee4e                CPwlSynth::~CPwlSynth()
                0x0000ee4e                CPwlSynth::~CPwlSynth()
 .text._ZN9CPwlSynthD0Ev
                0x0000eef0       0x16 obj/tui/PwlSynth.o
                0x0000eef0                CPwlSynth::~CPwlSynth()
 .text._ZL8song_tapi
                0x0000ef06       0x90 obj/tui/PwlSynth.o
 .text._ZN9CPwlSynth14InitNoteColorsEv
                0x0000ef96       0x62 obj/tui/PwlSynth.o
                0x0000ef96                CPwlSynth::InitNoteColors()
 .text._ZN9CPwlSynthC2Ev
                0x0000eff8       0x70 obj/tui/PwlSynth.o
                0x0000eff8                CPwlSynth::CPwlSynth()
                0x0000eff8                CPwlSynth::CPwlSynth()
 .text._ZN9CPwlSynth17InstallStdoutHookEv
                0x0000f068       0x28 obj/tui/PwlSynth.o
                0x0000f068                CPwlSynth::InstallStdoutHook()
 .text._ZN9CPwlSynth16RemoveStdoutHookEv
                0x0000f090       0x3e obj/tui/PwlSynth.o
                0x0000f090                CPwlSynth::RemoveStdoutHook()
 .text._ZN9CPwlSynth9CmdPrintfEPKcz
                0x0000f0ce       0x60 obj/tui/PwlSynth.o
                0x0000f0ce                CPwlSynth::CmdPrintf(char const*, ...)
 .text._ZN9CPwlSynth5WatchEiPPc
                0x0000f12e       0x52 obj/tui/PwlSynth.o
                0x0000f12e                CPwlSynth::Watch(int, char**)
 .text._ZN9CPwlSynth4OpenEiPPc
                0x0000f180      0x1cc obj/tui/PwlSynth.o
                0x0000f180                CPwlSynth::Open(int, char**)
 .text._ZN9CPwlSynth5CloseEiPPc
                0x0000f34c       0x36 obj/tui/PwlSynth.o
                0x0000f34c                CPwlSynth::Close(int, char**)
 .text._ZN9CPwlSynth14NoteLineUpdateEii
                0x0000f382      0x16c obj/tui/PwlSynth.o
                0x0000f382                CPwlSynth::NoteLineUpdate(int, int)
 .text._ZN9CPwlSynth9NoteChunkEiPKc.part.0
                0x0000f4ee      0x1d8 obj/tui/PwlSynth.o
 .text._ZL13pwl_note_sinkiPKc
                0x0000f6c6       0x20 obj/tui/PwlSynth.o
 .text._ZN9CPwlSynth10NotesClearEv
                0x0000f6e6       0x76 obj/tui/PwlSynth.o
                0x0000f6e6                CPwlSynth::NotesClear()
 .text._ZL19pwl_note_clear_sinkv
                0x0000f75c        0xa obj/tui/PwlSynth.o
 .text._ZN9CPwlSynth14EnsureNotesTabEv
                0x0000f766       0x5e obj/tui/PwlSynth.o
                0x0000f766                CPwlSynth::EnsureNotesTab()
 .text._ZN9CPwlSynth6LegacyEiPPc
                0x0000f7c4       0x84 obj/tui/PwlSynth.o
                0x0000f7c4                CPwlSynth::Legacy(int, char**)
 .text._ZN9CPwlSynth4HelpEiPPc
                0x0000f848      0x23c obj/tui/PwlSynth.o
                0x0000f848                CPwlSynth::Help(int, char**)
 .text._ZN9CPwlSynth5NotesEiPPc
                0x0000fa84       0x14 obj/tui/PwlSynth.o
                0x0000fa84                CPwlSynth::Notes(int, char**)
 .text._ZN9CPwlSynth14EnsureInstrTabEv
                0x0000fa98      0x5e8 obj/tui/PwlSynth.o
                0x0000fa98                CPwlSynth::EnsureInstrTab()
 .text._ZN9CPwlSynth6StudioEiPPc
                0x00010080       0x14 obj/tui/PwlSynth.o
                0x00010080                CPwlSynth::Studio(int, char**)
 .text._ZN9CPwlSynth12InstrSetNoteEi
                0x00010094       0xaa obj/tui/PwlSynth.o
                0x00010094                CPwlSynth::InstrSetNote(int)
 .text._ZN9CPwlSynth12InstrRowTextEiPcS0_PiS1_
                0x0001013e      0x79e obj/tui/PwlSynth.o
                0x0001013e                CPwlSynth::InstrRowText(int, char*, char*, int*, int*)
 .text._ZN9CPwlSynth11InstrAdjustEiib
                0x000108dc      0x8c6 obj/tui/PwlSynth.o
                0x000108dc                CPwlSynth::InstrAdjust(int, int, bool)
 .text._ZN9CPwlSynth15InstrRowRepaintEi
                0x000111a2      0x22a obj/tui/PwlSynth.o
                0x000111a2                CPwlSynth::InstrRowRepaint(int)
 .text._ZN9CPwlSynth16InstrRecsRepaintEv
                0x000113cc       0x90 obj/tui/PwlSynth.o
                0x000113cc                CPwlSynth::InstrRecsRepaint()
 .text._ZN9CPwlSynth16InstrSongRepaintEv
                0x0001145c       0x90 obj/tui/PwlSynth.o
                0x0001145c                CPwlSynth::InstrSongRepaint()
 .text._ZN9CPwlSynth10ProcessKeyEi
                0x000114ec      0x826 obj/tui/PwlSynth.o
                0x000114ec                CPwlSynth::ProcessKey(int)
 .text._ZN9CPwlSynth8IdlePollEv
                0x00011d12      0x49e obj/tui/PwlSynth.o
                0x00011d12                CPwlSynth::IdlePoll()
 .text._ZN9CPwlSynth14DrawInstrPanelEP4_wini
                0x000121b0      0x34c obj/tui/PwlSynth.o
                0x000121b0                CPwlSynth::DrawInstrPanel(_win*, int)
 .text._ZN9CPwlSynth8SetFocusEPvP4_winii
                0x000124fc       0x1e obj/tui/PwlSynth.o
                0x000124fc                CPwlSynth::SetFocus(void*, _win*, int, int)
 .text._ZN9CPwlSynth10ActiveMidiEb
                0x0001251a       0xc2 obj/tui/PwlSynth.o
                0x0001251a                CPwlSynth::ActiveMidi(bool)
 .text._ZN9CPwlSynth7ConvertEiPPc
                0x000125dc       0xae obj/tui/PwlSynth.o
                0x000125dc                CPwlSynth::Convert(int, char**)
 .text._ZN9CPwlSynth4SaveEiPPc
                0x0001268a      0x170 obj/tui/PwlSynth.o
                0x0001268a                CPwlSynth::Save(int, char**)
 .text._ZN9CPwlSynth4PlayEiPPc
                0x000127fa      0x31a obj/tui/PwlSynth.o
                0x000127fa                CPwlSynth::Play(int, char**)
 .text._ZN9CPwlSynth7AutomapEiPPc
                0x00012b14       0xb4 obj/tui/PwlSynth.o
                0x00012b14                CPwlSynth::Automap(int, char**)
 .text._ZN9CPwlSynth3AmpEiPPc
                0x00012bc8      0x140 obj/tui/PwlSynth.o
                0x00012bc8                CPwlSynth::Amp(int, char**)
 .text._ZN9CPwlSynth3MapEiPPc
                0x00012d08      0x2a4 obj/tui/PwlSynth.o
                0x00012d08                CPwlSynth::Map(int, char**)
 .text._ZN9CPwlSynth4InstEiPPc
                0x00012fac      0x236 obj/tui/PwlSynth.o
                0x00012fac                CPwlSynth::Inst(int, char**)
 .text._ZN9CPwlSynth4CsetEiPPc
                0x000131e2      0x162 obj/tui/PwlSynth.o
                0x000131e2                CPwlSynth::Cset(int, char**)
 .text._ZN9CPwlSynth4TrimEiPPc
                0x00013344      0x12e obj/tui/PwlSynth.o
                0x00013344                CPwlSynth::Trim(int, char**)
 .text._ZN9CPwlSynth11DrawMidiTabEP9CMidiFileP4_winii
                0x00013472      0x762 obj/tui/PwlSynth.o
                0x00013472                CPwlSynth::DrawMidiTab(CMidiFile*, _win*, int, int)
 .text._ZN9CPwlSynth16DrawSourceWindowEPvP4_winii
                0x00013bd4      0x15a obj/tui/PwlSynth.o
                0x00013bd4                CPwlSynth::DrawSourceWindow(void*, _win*, int, int)
 .text._ZN9CPwlSynth14AddTuiSortItemEP11TuiSortListPKc
                0x00013d2e       0x9a obj/tui/PwlSynth.o
                0x00013d2e                CPwlSynth::AddTuiSortItem(TuiSortList*, char const*)
 .text._ZN9CPwlSynth18BuildListFromNamesEPKPKc
                0x00013dc8       0x3a obj/tui/PwlSynth.o
                0x00013dc8                CPwlSynth::BuildListFromNames(char const* const*)
 .text._ZN9CPwlSynth14BuildFsTabListEPKc
                0x00013e02      0x1f2 obj/tui/PwlSynth.o
                0x00013e02                CPwlSynth::BuildFsTabList(char const*)
 .text._ZN9CPwlSynth17GetCommandTabListEPcPKcRP11TuiSortList
                0x00013ff4      0x3a2 obj/tui/PwlSynth.o
                0x00013ff4                CPwlSynth::GetCommandTabList(char*, char const*, TuiSortList*&)
 .text._ZN10CTuiSource10DrawSplashEP4_win
                0x00014396        0x2 obj/tui/Tabs.o
                0x00014396                CTuiSource::DrawSplash(_win*)
 .text._ZN4CTab7GetNameEv
                0x00014398        0x4 obj/tui/Tabs.o
                0x00014398                CTab::GetName()
 .text._ZN4CTabD2Ev
                0x0001439c        0x2 obj/tui/Tabs.o
                0x0001439c                CTab::~CTab()
                0x0001439c                CTab::~CTab()
 .text._ZN4CTab9GetWindowEv
                0x0001439e        0x8 obj/tui/Tabs.o
                0x0001439e                CTab::GetWindow()
 .text._ZN4CTabD0Ev
                0x000143a6        0x8 obj/tui/Tabs.o
                0x000143a6                CTab::~CTab()
 .text._ZN13CTabContainerD2Ev
                0x000143ae       0x4c obj/tui/Tabs.o
                0x000143ae                CTabContainer::~CTabContainer()
                0x000143ae                CTabContainer::~CTabContainer()
 .text._ZN13CTabContainerD0Ev
                0x000143fa       0x56 obj/tui/Tabs.o
                0x000143fa                CTabContainer::~CTabContainer()
 .text._ZN4CTab10GetPrevTabEv
                0x00014450       0x18 obj/tui/Tabs.o
                0x00014450                CTab::GetPrevTab()
 .text._ZN4CTab21SourceWindowLineCountEv
                0x00014468       0x66 obj/tui/Tabs.o
                0x00014468                CTab::SourceWindowLineCount()
 .text._ZN4CTab18GetSourceLineCountEv
                0x000144ce       0x16 obj/tui/Tabs.o
                0x000144ce                CTab::GetSourceLineCount()
 .text._ZN13CTabContainerC2EP4CTuiP4_win
                0x000144e4       0x70 obj/tui/Tabs.o
                0x000144e4                CTabContainer::CTabContainer(CTui*, _win*)
                0x000144e4                CTabContainer::CTabContainer(CTui*, _win*)
 .text._ZN13CTabContainer6ResizeEv
                0x00014554       0x78 obj/tui/Tabs.o
                0x00014554                CTabContainer::Resize()
 .text._ZN13CTabContainer6RedrawEv
                0x000145cc      0x362 obj/tui/Tabs.o
                0x000145cc                CTabContainer::Redraw()
 .text._ZN13CTabContainer19FindFirstVisibleTabEv
                0x0001492e       0xb6 obj/tui/Tabs.o
                0x0001492e                CTabContainer::FindFirstVisibleTab()
 .text._ZN13CTabContainer12CreateNewTabEPKc
                0x000149e4       0x76 obj/tui/Tabs.o
                0x000149e4                CTabContainer::CreateNewTab(char const*)
 .text._ZN13CTabContainer9DeleteTabEP4CTab
                0x00014a5a       0x8e obj/tui/Tabs.o
                0x00014a5a                CTabContainer::DeleteTab(CTab*)
 .text._ZN13CTabContainer13MakeTabActiveEP4CTab
                0x00014ae8       0x46 obj/tui/Tabs.o
                0x00014ae8                CTabContainer::MakeTabActive(CTab*)
 .text._ZN4CTab8SetFocusEv
                0x00014b2e        0x8 obj/tui/Tabs.o
                0x00014b2e                CTab::SetFocus()
 .text._ZN9CSimEventD2Ev
                0x00014b36        0x2 obj/tui/Tui.o
                0x00014b36                CSimEvent::~CSimEvent()
                0x00014b36                CSimEvent::~CSimEvent()
 .text._ZN7CThread10StopThreadEv
                0x00014b38        0x2 obj/tui/Tui.o
                0x00014b38                CThread::StopThread()
 .text._ZN10CTuiSource14WantProcessKeyEv
                0x00014b3a        0x4 obj/tui/Tui.o
                0x00014b3a                CTuiSource::WantProcessKey()
 .text._ZN10CTuiSource10ProcessKeyEi
                0x00014b3e        0x4 obj/tui/Tui.o
                0x00014b3e                CTuiSource::ProcessKey(int)
 .text._ZN10CTuiSource11ProcessLineEPc
                0x00014b42        0x4 obj/tui/Tui.o
                0x00014b42                CTuiSource::ProcessLine(char*)
 .text._ZN10CTuiSource8CloseTabEP4CTab
                0x00014b46        0x2 obj/tui/Tui.o
                0x00014b46                CTuiSource::CloseTab(CTab*)
 .text._ZN10CTuiSource9WantFocusEv
                0x00014b48        0x4 obj/tui/Tui.o
                0x00014b48                CTuiSource::WantFocus()
 .text._ZN10CTuiSource8SetFocusEPvP4_winii
                0x00014b4c        0x2 obj/tui/Tui.o
                0x00014b4c                CTuiSource::SetFocus(void*, _win*, int, int)
 .text._ZN10CTuiSource8IdlePollEv
                0x00014b4e        0x2 obj/tui/Tui.o
                0x00014b4e                CTuiSource::IdlePoll()
 .text._ZN10CTuiSource11HandleCtrlCEv
                0x00014b50        0x4 obj/tui/Tui.o
                0x00014b50                CTuiSource::HandleCtrlC()
 .text._ZN10CTuiSource12ScrollSourceEib
                0x00014b54        0x4 obj/tui/Tui.o
                0x00014b54                CTuiSource::ScrollSource(int, bool)
 .text._ZN10CTuiSource14SaveWatchItemsEP7__sFILE
                0x00014b58        0x2 obj/tui/Tui.o
                0x00014b58                CTuiSource::SaveWatchItems(__sFILE*)
 .text._ZN10CTuiSource16RestoreWatchItemEPc
                0x00014b5a        0x2 obj/tui/Tui.o
                0x00014b5a                CTuiSource::RestoreWatchItem(char*)
 .text._ZN4CTui18GetSourceTopLineNoEv
                0x00014b5c        0xa obj/tui/Tui.o
                0x00014b5c                CTui::GetSourceTopLineNo()
 .text._ZN4CTui19DisplaySourceAtLineEi
                0x00014b66        0x4 obj/tui/Tui.o
                0x00014b66                CTui::DisplaySourceAtLine(int)
 .text._ZN4CTui18SetSourceTopLineNoEi
                0x00014b6a       0x1a obj/tui/Tui.o
                0x00014b6a                CTui::SetSourceTopLineNo(int)
 .text._ZN9CSimEventD0Ev
                0x00014b84        0x6 obj/tui/Tui.o
                0x00014b84                CSimEvent::~CSimEvent()
 .text._ZN4CTuiD2Ev
                0x00014b8a       0x50 obj/tui/Tui.o
                0x00014b8a                CTui::~CTui()
                0x00014b8a                CTui::~CTui()
 .text._ZN4CTuiD0Ev
                0x00014bda       0x18 obj/tui/Tui.o
                0x00014bda                CTui::~CTui()
 .text._ZN4CTui18UpdateWatchWindowsEv
                0x00014bf2      0x130 obj/tui/Tui.o
                0x00014bf2                CTui::UpdateWatchWindows()
 .text._ZN4CTuiC2Ev
                0x00014d22       0xd8 obj/tui/Tui.o
                0x00014d22                CTui::CTui()
                0x00014d22                CTui::CTui()
 .text._ZN4CTui15AttachTuiSourceEP10CTuiSource
                0x00014dfa       0x58 obj/tui/Tui.o
                0x00014dfa                CTui::AttachTuiSource(CTuiSource*)
 .text._ZN4CTui17ReadUIPreferencesEv
                0x00014e52      0x14e obj/tui/Tui.o
                0x00014e52                CTui::ReadUIPreferences()
 .text._ZN4CTui6UIInitEv
                0x00014fa0      0x468 obj/tui/Tui.o
                0x00014fa0                CTui::UIInit()
 .text._ZN4CTui18WriteUIPreferencesEv
                0x00015408       0xce obj/tui/Tui.o
                0x00015408                CTui::WriteUIPreferences()
 .text._ZN4CTui14SetSourceFocusEv
                0x000154d6       0x80 obj/tui/Tui.o
                0x000154d6                CTui::SetSourceFocus()
 .text._ZN4CTui16DrawSourceWindowEv
                0x00015556       0xaa obj/tui/Tui.o
                0x00015556                CTui::DrawSourceWindow()
 .text._ZN4CTui16MoveFocusWinLeftEv.part.0
                0x00015600       0xc8 obj/tui/Tui.o
 .text._ZN4CTui17MoveFocusWinRightEv.part.0
                0x000156c8       0xca obj/tui/Tui.o
 .text._ZN4CTui15CalculateCmdColEPKcbi
                0x00015792       0x98 obj/tui/Tui.o
                0x00015792                CTui::CalculateCmdCol(char const*, bool, int)
 .text._ZN4CTui22CommandProcessLastLineEv
                0x0001582a       0xbe obj/tui/Tui.o
                0x0001582a                CTui::CommandProcessLastLine()
 .text._ZN4CTui21UIDisplaySourceAtLineEi
                0x000158e8       0x9e obj/tui/Tui.o
                0x000158e8                CTui::UIDisplaySourceAtLine(int)
 .text._ZN4CTui15NextWindowFocusEv
                0x00015986      0x1e2 obj/tui/Tui.o
                0x00015986                CTui::NextWindowFocus()
 .text._ZN4CTui20UISetSourceTopLineNoEi
                0x00015b68       0x82 obj/tui/Tui.o
                0x00015b68                CTui::UISetSourceTopLineNo(int)
 .text._ZN4CTui9SelectTabEi
                0x00015bea       0x3a obj/tui/Tui.o
                0x00015bea                CTui::SelectTab(int)
 .text._ZN4CTui13MakeTabActiveEP4CTab
                0x00015c24       0x22 obj/tui/Tui.o
                0x00015c24                CTui::MakeTabActive(CTab*)
 .text._ZN4CTui17GetCmdWinGeometryERiS0_
                0x00015c46       0x2e obj/tui/Tui.o
                0x00015c46                CTui::GetCmdWinGeometry(int&, int&)
 .text._ZN4CTui14PrintFormatStrEP4_winiiPKcb
                0x00015c74      0x136 obj/tui/Tui.o
                0x00015c74                CTui::PrintFormatStr(_win*, int, int, char const*, bool)
 .text._ZN4CTui19RedrawCommandWindowEb
                0x00015daa      0x160 obj/tui/Tui.o
                0x00015daa                CTui::RedrawCommandWindow(bool)
 .text._ZN4CTui12RedrawScreenEv
                0x00015f0a      0x1ac obj/tui/Tui.o
                0x00015f0a                CTui::RedrawScreen()
 .text._ZN4CTui13ResizeWindowsEv
                0x000160b6      0x1f0 obj/tui/Tui.o
                0x000160b6                CTui::ResizeWindows()
 .text._ZN4CTui20UICommandPrintStringEPKc
                0x000162a6       0xaa obj/tui/Tui.o
                0x000162a6                CTui::UICommandPrintString(char const*)
 .text._ZN4CTui15PauseCmdListingEv
                0x00016350       0x58 obj/tui/Tui.o
                0x00016350                CTui::PauseCmdListing()
 .text._ZN4CTui14ProcessCommandEPc
                0x000163a8      0x1d0 obj/tui/Tui.o
                0x000163a8                CTui::ProcessCommand(char*)
 .text._ZN4CTui21UICommandAppendStringEPKc
                0x00016578       0x5a obj/tui/Tui.o
                0x00016578                CTui::UICommandAppendString(char const*)
 .text._ZN4CTui11CancelCtrlREv
                0x000165d2       0xa2 obj/tui/Tui.o
                0x000165d2                CTui::CancelCtrlR()
 .text._ZN4CTui17ShowRSearchPromptEPKci
                0x00016674       0xf4 obj/tui/Tui.o
                0x00016674                CTui::ShowRSearchPrompt(char const*, int)
 .text._ZN4CTui22DoReverseHistorySearchEb
                0x00016768       0xbe obj/tui/Tui.o
                0x00016768                CTui::DoReverseHistorySearch(bool)
 .text._ZN4CTui11HandleCtrlREPci
                0x00016826       0xbe obj/tui/Tui.o
                0x00016826                CTui::HandleCtrlR(char*, int)
 .text._ZN4CTui15ProcessCtrlRKeyEiPcRii
                0x000168e4      0x1d0 obj/tui/Tui.o
                0x000168e4                CTui::ProcessCtrlRKey(int, char*, int&, int)
 .text._ZN4CTui17DoSecondTabSearchEPci
                0x00016ab4      0x396 obj/tui/Tui.o
                0x00016ab4                CTui::DoSecondTabSearch(char*, int)
 .text._ZN4CTui16DoFirstTabSearchEPci
                0x00016e4a      0x35e obj/tui/Tui.o
                0x00016e4a                CTui::DoFirstTabSearch(char*, int)
 .text._ZN4CTui13ProcessTabKeyEPci
                0x000171a8      0x17e obj/tui/Tui.o
                0x000171a8                CTui::ProcessTabKey(char*, int)
 .text._ZN4CTui23ProcessAsSpecialModeKeyEiPciRi
                0x00017326      0xaa8 obj/tui/Tui.o
                0x00017326                CTui::ProcessAsSpecialModeKey(int, char*, int, int&)
 .text._ZN4CTui12ProcessInputEPcRii
                0x00017dce      0x8ba obj/tui/Tui.o
                0x00017dce                CTui::ProcessInput(char*, int&, int)
 .text._ZN4CTui9RunThreadEv
                0x00018688      0x3a6 obj/tui/Tui.o
                0x00018688                CTui::RunThread()
 .text.tui_run  0x00018a2e       0xc6 obj/tui/TuiMain.o
                0x00018a2e                tui_run
 .text          0x00018af4       0x30 tinyQV-sdk/start.o
                0x00018af4                isr_in1
                0x00018af4                isr_in0
                0x00018b14                tqv_user_interrupt12
                0x00018b14                tqv_user_interrupt10
                0x00018b14                tqv_user_interrupt14
                0x00018b14                tqv_user_interrupt08
                0x00018b14                tqv_user_interrupt11
                0x00018b14                tqv_user_interrupt15
                0x00018b14                tqv_user_interrupt05
                0x00018b14                tqv_user_interrupt13
                0x00018b14                tqv_user_interrupt09
                0x00018b14                tqv_user_interrupt04
                0x00018b14                tqv_user_interrupt06
                0x00018b14                tqv_user_interrupt07
                0x00018b18                tqv_user_interrupt
 .text.uart_put_buffer
                0x00018b24       0x3e tinyQV-sdk/tinyQV.a(uart.o)
                0x00018b24                uart_put_buffer
 .text.debug_uart_put_buffer
                0x00018b62       0x3e tinyQV-sdk/tinyQV.a(uart.o)
                0x00018b62                debug_uart_put_buffer
 .text          0x00018ba0      0x13a tinyQV-sdk/tinyQV.a(uart_buf.o)
                0x00018ba0                isr_uart_writable
                0x00018be4                uart_putc
                0x00018c30                isr_uart_byte_available
                0x00018c8e                uart_getc
                0x00018cca                uart_is_char_available
 .text          0x00018cda       0x68 tinyQV-sdk/tinyQV.a(mul.o)
                0x00018cda                __mulsi3
                0x00018cda                mul32x32
                0x00018ce8                __muldi3
 .text          0x00018d42       0x40 tinyQV-sdk/tinyQV.a(peripheral.o)
                0x00018d42                debug_uart_putc
                0x00018d4c                spi_send_data
                0x00018d5e                spi_send_recv_data
                0x00018d7c                spi_set_config
 .text.tqv_timer_interrupt
                0x00018d82       0x4a tinyQV-sdk/tinyQV.a(timer.o)
                0x00018d82                tqv_timer_interrupt
 .text.atoi     0x00018dcc        0x8 /opt/tinyQV/riscv32-unknown-elf/lib/libc.a(libc_a-atoi.o)
                0x00018dcc                atoi
 .text.calloc   0x00018dd4        0xc /opt/tinyQV/riscv32-unknown-elf/lib/libc.a(libc_a-calloc.o)
                0x00018dd4                calloc
 .text._calloc_r
                0x00018de0      0x10a /opt/tinyQV/riscv32-unknown-elf/lib/libc.a(libc_a-callocr.o)
                0x00018de0                _calloc_r
 .text.exit     0x00018eea       0x1c /opt/tinyQV/riscv32-unknown-elf/lib/libc.a(libc_a-exit.o)
                0x00018eea                exit
 .text.getenv   0x00018f06       0x14 /opt/tinyQV/riscv32-unknown-elf/lib/libc.a(libc_a-getenv.o)
                0x00018f06                getenv
 .text._findenv_r
                0x00018f1a       0xa4 /opt/tinyQV/riscv32-unknown-elf/lib/libc.a(libc_a-getenv_r.o)
                0x00018f1a                _findenv_r
 .text.malloc   0x00018fbe        0x8 /opt/tinyQV/riscv32-unknown-elf/lib/libc.a(libc_a-malloc.o)
                0x00018fbe                malloc
 .text.free     0x00018fc6        0xa /opt/tinyQV/riscv32-unknown-elf/lib/libc.a(libc_a-malloc.o)
                0x00018fc6                free
 .text._malloc_r
                0x00018fd0      0x5fe /opt/tinyQV/riscv32-unknown-elf/lib/libc.a(libc_a-mallocr.o)
                0x00018fd0                _malloc_r
 .text.__malloc_lock
                0x000195ce        0x2 /opt/tinyQV/riscv32-unknown-elf/lib/libc.a(libc_a-mlock.o)
                0x000195ce                __malloc_lock
 .text.__malloc_unlock
                0x000195d0        0x2 /opt/tinyQV/riscv32-unknown-elf/lib/libc.a(libc_a-mlock.o)
                0x000195d0                __malloc_unlock
 .text.realloc  0x000195d2        0xc /opt/tinyQV/riscv32-unknown-elf/lib/libc.a(libc_a-realloc.o)
                0x000195d2                realloc
 .text._realloc_r
                0x000195de      0x3ec /opt/tinyQV/riscv32-unknown-elf/lib/libc.a(libc_a-reallocr.o)
                0x000195de                _realloc_r
 .text._strtol_l.part.0
                0x000199ca      0x338 /opt/tinyQV/riscv32-unknown-elf/lib/libc.a(libc_a-strtol.o)
 .text.strtol   0x00019d02       0x36 /opt/tinyQV/riscv32-unknown-elf/lib/libc.a(libc_a-strtol.o)
                0x00019d02                strtol
 .text._strtoul_l.isra.0
                0x00019d38      0x18c /opt/tinyQV/riscv32-unknown-elf/lib/libc.a(libc_a-strtoul.o)
 .text.strtoul  0x00019ec4        0xe /opt/tinyQV/riscv32-unknown-elf/lib/libc.a(libc_a-strtoul.o)
                0x00019ec4                strtoul
 .text.isdigit  0x00019ed2       0x10 /opt/tinyQV/riscv32-unknown-elf/lib/libc.a(libc_a-isdigit.o)
                0x00019ed2                isdigit
 .text.qsort    0x00019ee2      0x6ee /opt/tinyQV/riscv32-unknown-elf/lib/libc.a(libc_a-qsort.o)
                0x00019ee2                qsort
 .text._fclose_r
                0x0001a5d0       0xa4 /opt/tinyQV/riscv32-unknown-elf/lib/libc.a(libc_a-fclose.o)
                0x0001a5d0                _fclose_r
 .text.fclose   0x0001a674        0x8 /opt/tinyQV/riscv32-unknown-elf/lib/libc.a(libc_a-fclose.o)
                0x0001a674                fclose
 .text.__sflush_r
                0x0001a67c      0x19c /opt/tinyQV/riscv32-unknown-elf/lib/libc.a(libc_a-fflush.o)
                0x0001a67c                __sflush_r
 .text._fflush_r
                0x0001a818       0x3a /opt/tinyQV/riscv32-unknown-elf/lib/libc.a(libc_a-fflush.o)
                0x0001a818                _fflush_r
 .text.fflush   0x0001a852       0x4e /opt/tinyQV/riscv32-unknown-elf/lib/libc.a(libc_a-fflush.o)
                0x0001a852                fflush
 .text._fgets_r
                0x0001a8a0       0xe2 /opt/tinyQV/riscv32-unknown-elf/lib/libc.a(libc_a-fgets.o)
                0x0001a8a0                _fgets_r
 .text.fgets    0x0001a982        0xe /opt/tinyQV/riscv32-unknown-elf/lib/libc.a(libc_a-fgets.o)
                0x0001a982                fgets
 .text.stdio_exit_handler
                0x0001a990       0x12 /opt/tinyQV/riscv32-unknown-elf/lib/libc.a(libc_a-findfp.o)
 .text.cleanup_stdio
                0x0001a9a2       0x4a /opt/tinyQV/riscv32-unknown-elf/lib/libc.a(libc_a-findfp.o)
 .text.global_stdio_init.part.0
                0x0001a9ec      0x13a /opt/tinyQV/riscv32-unknown-elf/lib/libc.a(libc_a-findfp.o)
 .text.__sfp    0x0001ab26       0xcc /opt/tinyQV/riscv32-unknown-elf/lib/libc.a(libc_a-findfp.o)
                0x0001ab26                __sfp
 .text.__sinit  0x0001abf2       0x16 /opt/tinyQV/riscv32-unknown-elf/lib/libc.a(libc_a-findfp.o)
                0x0001abf2                __sinit
 .text.__sfp_lock_acquire
                0x0001ac08        0x2 /opt/tinyQV/riscv32-unknown-elf/lib/libc.a(libc_a-findfp.o)
                0x0001ac08                __sfp_lock_acquire
 .text.__sfp_lock_release
                0x0001ac0a        0x2 /opt/tinyQV/riscv32-unknown-elf/lib/libc.a(libc_a-findfp.o)
                0x0001ac0a                __sfp_lock_release
 .text._fopen_r
                0x0001ac0c       0xa6 /opt/tinyQV/riscv32-unknown-elf/lib/libc.a(libc_a-fopen.o)
                0x0001ac0c                _fopen_r
 .text.fopen    0x0001acb2        0xc /opt/tinyQV/riscv32-unknown-elf/lib/libc.a(libc_a-fopen.o)
                0x0001acb2                fopen
 .text.fprintf  0x0001acbe       0x2a /opt/tinyQV/riscv32-unknown-elf/lib/libc.a(libc_a-fprintf.o)
                0x0001acbe                fprintf
 .text._fputs_r
                0x0001ace8       0x68 /opt/tinyQV/riscv32-unknown-elf/lib/libc.a(libc_a-fputs.o)
                0x0001ace8                _fputs_r
 .text.fputs    0x0001ad50        0xc /opt/tinyQV/riscv32-unknown-elf/lib/libc.a(libc_a-fputs.o)
                0x0001ad50                fputs
 .text._fread_r
                0x0001ad5c      0x1bc /opt/tinyQV/riscv32-unknown-elf/lib/libc.a(libc_a-fread.o)
                0x0001ad5c                _fread_r
 .text.fread    0x0001af18       0x10 /opt/tinyQV/riscv32-unknown-elf/lib/libc.a(libc_a-fread.o)
                0x0001af18                fread
 .text._fseek_r
                0x0001af28        0x4 /opt/tinyQV/riscv32-unknown-elf/lib/libc.a(libc_a-fseek.o)
                0x0001af28                _fseek_r
 .text.fseek    0x0001af2c       0x10 /opt/tinyQV/riscv32-unknown-elf/lib/libc.a(libc_a-fseek.o)
                0x0001af2c                fseek
 .text.ftell    0x0001af3c        0xa /opt/tinyQV/riscv32-unknown-elf/lib/libc.a(libc_a-ftell.o)
                0x0001af3c                ftell
 .text.__sfvwrite_r
                0x0001af46      0x3f2 /opt/tinyQV/riscv32-unknown-elf/lib/libc.a(libc_a-fvwrite.o)
                0x0001af46                __sfvwrite_r
 .text._fwalk_sglue
                0x0001b338       0x5e /opt/tinyQV/riscv32-unknown-elf/lib/libc.a(libc_a-fwalk.o)
                0x0001b338                _fwalk_sglue
 .text.fwrite   0x0001b396       0xa0 /opt/tinyQV/riscv32-unknown-elf/lib/libc.a(libc_a-fwrite.o)
                0x0001b396                fwrite
 .text.printf   0x0001b436       0x28 /opt/tinyQV/riscv32-unknown-elf/lib/libc.a(libc_a-printf.o)
                0x0001b436                printf
 .text.putchar  0x0001b45e        0xe /opt/tinyQV/riscv32-unknown-elf/lib/libc.a(libc_a-putchar.o)
                0x0001b45e                putchar
 .text.lflush   0x0001b46c       0x18 /opt/tinyQV/riscv32-unknown-elf/lib/libc.a(libc_a-refill.o)
 .text.__srefill_r
                0x0001b484      0x114 /opt/tinyQV/riscv32-unknown-elf/lib/libc.a(libc_a-refill.o)
                0x0001b484                __srefill_r
 .text.setvbuf  0x0001b598      0x19c /opt/tinyQV/riscv32-unknown-elf/lib/libc.a(libc_a-setvbuf.o)
                0x0001b598                setvbuf
 .text.snprintf
                0x0001b734       0x7a /opt/tinyQV/riscv32-unknown-elf/lib/libc.a(libc_a-snprintf.o)
                0x0001b734                snprintf
 .text.sprintf  0x0001b7ae       0x42 /opt/tinyQV/riscv32-unknown-elf/lib/libc.a(libc_a-sprintf.o)
                0x0001b7ae                sprintf
 .text.__sread  0x0001b7f0       0x38 /opt/tinyQV/riscv32-unknown-elf/lib/libc.a(libc_a-stdio.o)
                0x0001b7f0                __sread
 .text.__swrite
                0x0001b828       0x54 /opt/tinyQV/riscv32-unknown-elf/lib/libc.a(libc_a-stdio.o)
                0x0001b828                __swrite
 .text.__sseek  0x0001b87c       0x3e /opt/tinyQV/riscv32-unknown-elf/lib/libc.a(libc_a-stdio.o)
                0x0001b87c                __sseek
 .text.__sclose
                0x0001b8ba        0x8 /opt/tinyQV/riscv32-unknown-elf/lib/libc.a(libc_a-stdio.o)
                0x0001b8ba                __sclose
 .text.vsnprintf
                0x0001b8c2       0x70 /opt/tinyQV/riscv32-unknown-elf/lib/libc.a(libc_a-vsnprintf.o)
                0x0001b8c2                vsnprintf
 .text.__swsetup_r
                0x0001b932       0xee /opt/tinyQV/riscv32-unknown-elf/lib/libc.a(libc_a-wsetup.o)
                0x0001b932                __swsetup_r
 .text._fseeko_r
                0x0001ba20      0x36e /opt/tinyQV/riscv32-unknown-elf/lib/libc.a(libc_a-fseeko.o)
                0x0001ba20                _fseeko_r
 .text._ftello_r
                0x0001bd8e       0xb6 /opt/tinyQV/riscv32-unknown-elf/lib/libc.a(libc_a-ftello.o)
                0x0001bd8e                _ftello_r
 .text.memcmp   0x0001be44       0x38 /opt/tinyQV/riscv32-unknown-elf/lib/libc.a(libc_a-memcmp.o)
                0x0001be44                memcmp
 .text.strtok   0x0001be7c        0xc /opt/tinyQV/riscv32-unknown-elf/lib/libc.a(libc_a-strtok.o)
                0x0001be7c                strtok
 .text.__strtok_r
                0x0001be88       0x6a /opt/tinyQV/riscv32-unknown-elf/lib/libc.a(libc_a-strtok_r.o)
                0x0001be88                __strtok_r
 .text.strtok_r
                0x0001bef2        0x4 /opt/tinyQV/riscv32-unknown-elf/lib/libc.a(libc_a-strtok_r.o)
                0x0001bef2                strtok_r
 .text.critical_factorization
                0x0001bef6       0xcc /opt/tinyQV/riscv32-unknown-elf/lib/libc.a(libc_a-strstr.o)
 .text.two_way_long_needle
                0x0001bfc2      0x270 /opt/tinyQV/riscv32-unknown-elf/lib/libc.a(libc_a-strstr.o)
 .text.strstr   0x0001c232      0x1d2 /opt/tinyQV/riscv32-unknown-elf/lib/libc.a(libc_a-strstr.o)
                0x0001c232                strstr
 .text.critical_factorization
                0x0001c404      0x156 /opt/tinyQV/riscv32-unknown-elf/lib/libc.a(libc_a-strcasestr.o)
 .text.two_way_short_needle
                0x0001c55a      0x27a /opt/tinyQV/riscv32-unknown-elf/lib/libc.a(libc_a-strcasestr.o)
 .text.two_way_long_needle
                0x0001c7d4      0x33e /opt/tinyQV/riscv32-unknown-elf/lib/libc.a(libc_a-strcasestr.o)
 .text.strcasestr
                0x0001cb12       0xae /opt/tinyQV/riscv32-unknown-elf/lib/libc.a(libc_a-strcasestr.o)
                0x0001cb12                strcasestr
 .text._close_r
                0x0001cbc0       0x36 /opt/tinyQV/riscv32-unknown-elf/lib/libc.a(libc_a-closer.o)
                0x0001cbc0                _close_r
 .text._fstat_r
                0x0001cbf6       0x3a /opt/tinyQV/riscv32-unknown-elf/lib/libc.a(libc_a-fstatr.o)
                0x0001cbf6                _fstat_r
 .text._lseek_r
                0x0001cc30       0x3c /opt/tinyQV/riscv32-unknown-elf/lib/libc.a(libc_a-lseekr.o)
                0x0001cc30                _lseek_r
 .text._open_r  0x0001cc6c       0x3c /opt/tinyQV/riscv32-unknown-elf/lib/libc.a(libc_a-openr.o)
                0x0001cc6c                _open_r
 .text._read_r  0x0001cca8       0x3c /opt/tinyQV/riscv32-unknown-elf/lib/libc.a(libc_a-readr.o)
                0x0001cca8                _read_r
 .text._sbrk_r  0x0001cce4       0x36 /opt/tinyQV/riscv32-unknown-elf/lib/libc.a(libc_a-sbrkr.o)
                0x0001cce4                _sbrk_r
 .text._write_r
                0x0001cd1a       0x3c /opt/tinyQV/riscv32-unknown-elf/lib/libc.a(libc_a-writer.o)
                0x0001cd1a                _write_r
 .text.__errno  0x0001cd56        0x6 /opt/tinyQV/riscv32-unknown-elf/lib/libc.a(libc_a-errno.o)
                0x0001cd56                __errno
 .text.close    0x0001cd5c        0x8 /opt/tinyQV/riscv32-unknown-elf/lib/libc.a(libc_a-sysclose.o)
                0x0001cd5c                close
 .text.memmove  0x0001cd64      0x2b8 /opt/tinyQV/riscv32-unknown-elf/lib/libc.a(libc_a-memmove.o)
                0x0001cd64                memmove
 *fill*         0x0001d01c        0x0 
 .text          0x0001d01c      0x190 /opt/tinyQV/riscv32-unknown-elf/lib/libc.a(libc_a-memset.o)
                0x0001d01c                memset
 .text.memcpy   0x0001d1ac      0x16e /opt/tinyQV/riscv32-unknown-elf/lib/libc.a(libc_a-memcpy.o)
                0x0001d1ac                memcpy
 .text.memchr   0x0001d31a      0x176 /opt/tinyQV/riscv32-unknown-elf/lib/libc.a(libc_a-memchr.o)
                0x0001d31a                memchr
 .text.startup.register_fini
                0x0001d490       0x12 /opt/tinyQV/riscv32-unknown-elf/lib/libc.a(libc_a-__call_atexit.o)
 .text.__call_exitprocs
                0x0001d4a2       0xde /opt/tinyQV/riscv32-unknown-elf/lib/libc.a(libc_a-__call_atexit.o)
                0x0001d4a2                __call_exitprocs
 .text.atexit   0x0001d580        0xc /opt/tinyQV/riscv32-unknown-elf/lib/libc.a(libc_a-atexit.o)
                0x0001d580                atexit
 .text.__env_lock
                0x0001d58c        0x2 /opt/tinyQV/riscv32-unknown-elf/lib/libc.a(libc_a-envlock.o)
                0x0001d58c                __env_lock
 .text.__env_unlock
                0x0001d58e        0x2 /opt/tinyQV/riscv32-unknown-elf/lib/libc.a(libc_a-envlock.o)
                0x0001d58e                __env_unlock
 .text._malloc_trim_r
                0x0001d590       0xc8 /opt/tinyQV/riscv32-unknown-elf/lib/libc.a(libc_a-freer.o)
                0x0001d590                _malloc_trim_r
 .text._free_r  0x0001d658      0x21a /opt/tinyQV/riscv32-unknown-elf/lib/libc.a(libc_a-freer.o)
                0x0001d658                _free_r
 .text._svfprintf_r
                0x0001d872     0x2654 /opt/tinyQV/riscv32-unknown-elf/lib/libc.a(libc_a-svfprintf.o)
                0x0001d872                _svfprintf_r
 .text._vfprintf_r
                0x0001fec6     0x266c /opt/tinyQV/riscv32-unknown-elf/lib/libc.a(libc_a-vfprintf.o)
                0x0001fec6                _vfprintf_r
 .text.__sbprintf
                0x00022532       0x8e /opt/tinyQV/riscv32-unknown-elf/lib/libc.a(libc_a-vfprintf.o)
 .text.__sprint_r
                0x000225c0       0x26 /opt/tinyQV/riscv32-unknown-elf/lib/libc.a(libc_a-sprint_r.o)
                0x000225c0                __sprint_r
 .text.__ssprint_r
                0x000225e6       0x72 /opt/tinyQV/riscv32-unknown-elf/lib/libc.a(libc_a-ssprint_r.o)
                0x000225e6                __ssprint_r
 .text.__sflags
                0x00022658       0x98 /opt/tinyQV/riscv32-unknown-elf/lib/libc.a(libc_a-flags.o)
                0x00022658                __sflags
 .text.__smakebuf_r
                0x000226f0      0x110 /opt/tinyQV/riscv32-unknown-elf/lib/libc.a(libc_a-makebuf.o)
                0x000226f0                __smakebuf_r
 .text.__swhatbuf_r
                0x00022800       0x98 /opt/tinyQV/riscv32-unknown-elf/lib/libc.a(libc_a-makebuf.o)
                0x00022800                __swhatbuf_r
 .text._putc_r  0x00022898       0x98 /opt/tinyQV/riscv32-unknown-elf/lib/libc.a(libc_a-putc.o)
                0x00022898                _putc_r
 .text.__swbuf_r
                0x00022930       0xf4 /opt/tinyQV/riscv32-unknown-elf/lib/libc.a(libc_a-wbuf.o)
                0x00022930                __swbuf_r
 .text.strnlen  0x00022a24       0x1e /opt/tinyQV/riscv32-unknown-elf/lib/libc.a(libc_a-strnlen.o)
                0x00022a24                strnlen
 .text._localeconv_r
                0x00022a42        0x6 /opt/tinyQV/riscv32-unknown-elf/lib/libc.a(libc_a-localeconv.o)
                0x00022a42                _localeconv_r
 .text._isatty_r
                0x00022a48       0x36 /opt/tinyQV/riscv32-unknown-elf/lib/libc.a(libc_a-isattyr.o)
                0x00022a48                _isatty_r
 .text.__libc_fini_array
                0x00022a7e       0x30 /opt/tinyQV/riscv32-unknown-elf/lib/libc.a(libc_a-fini.o)
                0x00022a7e                __libc_fini_array
 .text.frexpl   0x00022aae      0x104 /opt/tinyQV/riscv32-unknown-elf/lib/libc.a(libm_a-frexpl.o)
                0x00022aae                frexpl
 .text.__register_exitproc
                0x00022bb2       0x6c /opt/tinyQV/riscv32-unknown-elf/lib/libc.a(libc_a-__atexit.o)
                0x00022bb2                __register_exitproc
 .text._ldtoa_r
                0x00022c1e      0x192 /opt/tinyQV/riscv32-unknown-elf/lib/libc.a(libc_a-gdtoa-ldtoa.o)
                0x00022c1e                _ldtoa_r
 .text._ldcheck
                0x00022db0       0x92 /opt/tinyQV/riscv32-unknown-elf/lib/libc.a(libc_a-gdtoa-ldtoa.o)
                0x00022db0                _ldcheck
 .text.__gdtoa  0x00022e42     0x1312 /opt/tinyQV/riscv32-unknown-elf/lib/libc.a(libc_a-gdtoa-gdtoa.o)
                0x00022e42                __gdtoa
 .text.__rv_alloc_D2A.part.0
                0x00024154       0x1e /opt/tinyQV/riscv32-unknown-elf/lib/libc.a(libc_a-gdtoa-dmisc.o)
 .text.__rv_alloc_D2A
                0x00024172       0x3e /opt/tinyQV/riscv32-unknown-elf/lib/libc.a(libc_a-gdtoa-dmisc.o)
                0x00024172                __rv_alloc_D2A
 .text.__nrv_alloc_D2A
                0x000241b0       0x64 /opt/tinyQV/riscv32-unknown-elf/lib/libc.a(libc_a-gdtoa-dmisc.o)
                0x000241b0                __nrv_alloc_D2A
 .text.__freedtoa
                0x00024214        0xe /opt/tinyQV/riscv32-unknown-elf/lib/libc.a(libc_a-gdtoa-dmisc.o)
                0x00024214                __freedtoa
 .text.__quorem_D2A
                0x00024222      0x1a0 /opt/tinyQV/riscv32-unknown-elf/lib/libc.a(libc_a-gdtoa-dmisc.o)
                0x00024222                __quorem_D2A
 .text.__rshift_D2A
                0x000243c2       0xc8 /opt/tinyQV/riscv32-unknown-elf/lib/libc.a(libc_a-gdtoa-gmisc.o)
                0x000243c2                __rshift_D2A
 .text.__trailz_D2A
                0x0002448a       0x3e /opt/tinyQV/riscv32-unknown-elf/lib/libc.a(libc_a-gdtoa-gmisc.o)
                0x0002448a                __trailz_D2A
 .text.__ascii_mbtowc
                0x000244c8       0x34 /opt/tinyQV/riscv32-unknown-elf/lib/libc.a(libc_a-mbtowc_r.o)
                0x000244c8                __ascii_mbtowc
 .text._Balloc  0x000244fc       0x72 /opt/tinyQV/riscv32-unknown-elf/lib/libc.a(libc_a-mprec.o)
                0x000244fc                _Balloc
 .text._Bfree   0x0002456e       0x12 /opt/tinyQV/riscv32-unknown-elf/lib/libc.a(libc_a-mprec.o)
                0x0002456e                _Bfree
 .text.__multadd
                0x00024580       0xe4 /opt/tinyQV/riscv32-unknown-elf/lib/libc.a(libc_a-mprec.o)
                0x00024580                __multadd
 .text.__hi0bits
                0x00024664       0x66 /opt/tinyQV/riscv32-unknown-elf/lib/libc.a(libc_a-mprec.o)
                0x00024664                __hi0bits
 .text.__lo0bits
                0x000246ca       0xa8 /opt/tinyQV/riscv32-unknown-elf/lib/libc.a(libc_a-mprec.o)
                0x000246ca                __lo0bits
 .text.__i2b    0x00024772       0x7e /opt/tinyQV/riscv32-unknown-elf/lib/libc.a(libc_a-mprec.o)
                0x00024772                __i2b
 .text.__multiply
                0x000247f0      0x204 /opt/tinyQV/riscv32-unknown-elf/lib/libc.a(libc_a-mprec.o)
                0x000247f0                __multiply
 .text.__pow5mult
                0x000249f4       0xca /opt/tinyQV/riscv32-unknown-elf/lib/libc.a(libc_a-mprec.o)
                0x000249f4                __pow5mult
 .text.__lshift
                0x00024abe      0x10c /opt/tinyQV/riscv32-unknown-elf/lib/libc.a(libc_a-mprec.o)
                0x00024abe                __lshift
 .text.__mcmp   0x00024bca       0x3e /opt/tinyQV/riscv32-unknown-elf/lib/libc.a(libc_a-mprec.o)
                0x00024bca                __mcmp
 .text.__mdiff  0x00024c08      0x1ac /opt/tinyQV/riscv32-unknown-elf/lib/libc.a(libc_a-mprec.o)
                0x00024c08                __mdiff
 .text.__b2d    0x00024db4       0xf4 /opt/tinyQV/riscv32-unknown-elf/lib/libc.a(libc_a-mprec.o)
                0x00024db4                __b2d
 .text.__ascii_wctomb
                0x00024ea8       0x1e /opt/tinyQV/riscv32-unknown-elf/lib/libc.a(libc_a-wctomb_r.o)
                0x00024ea8                __ascii_wctomb
 .text.__ssputs_r
                0x00024ec6      0x102 /opt/tinyQV/riscv32-unknown-elf/lib/libc.a(libc_a-ssputs_r.o)
                0x00024ec6                __ssputs_r
 .text.__assert_func
                0x00024fc8       0x3c /opt/tinyQV/riscv32-unknown-elf/lib/libc.a(libc_a-assert.o)
                0x00024fc8                __assert_func
 .text.fiprintf
                0x00025004       0x28 /opt/tinyQV/riscv32-unknown-elf/lib/libc.a(libc_a-fiprintf.o)
                0x00025004                fiprintf
 .text._vfiprintf_r
                0x0002502c      0xffe /opt/tinyQV/riscv32-unknown-elf/lib/libc.a(libc_a-vfiprintf.o)
                0x0002502c                _vfiprintf_r
 .text.__sbprintf
                0x0002602a       0x8e /opt/tinyQV/riscv32-unknown-elf/lib/libc.a(libc_a-vfiprintf.o)
 .text.abort    0x000260b8        0xe /opt/tinyQV/riscv32-unknown-elf/lib/libc.a(libc_a-abort.o)
                0x000260b8                abort
 .text.raise    0x000260c6       0x66 /opt/tinyQV/riscv32-unknown-elf/lib/libc.a(libc_a-signal.o)
                0x000260c6                raise
 .text._kill_r  0x0002612c       0x3a /opt/tinyQV/riscv32-unknown-elf/lib/libc.a(libc_a-signalr.o)
                0x0002612c                _kill_r
 .text._getpid_r
                0x00026166        0x4 /opt/tinyQV/riscv32-unknown-elf/lib/libc.a(libc_a-signalr.o)
                0x00026166                _getpid_r
 .text          0x0002616a      0x43e /opt/tinyQV/lib/gcc/riscv32-unknown-elf/16.1.0/libgcc.a(_udivdi3.o)
                0x0002616a                __udivdi3
 .text          0x000265a8      0x452 /opt/tinyQV/lib/gcc/riscv32-unknown-elf/16.1.0/libgcc.a(_umoddi3.o)
                0x000265a8                __umoddi3
 .text          0x000269fa      0x5ae /opt/tinyQV/lib/gcc/riscv32-unknown-elf/16.1.0/libgcc.a(adddf3.o)
                0x000269fa                __adddf3
 .text          0x00026fa8      0x632 /opt/tinyQV/lib/gcc/riscv32-unknown-elf/16.1.0/libgcc.a(divdf3.o)
                0x00026fa8                __divdf3
 .text          0x000275da       0x74 /opt/tinyQV/lib/gcc/riscv32-unknown-elf/16.1.0/libgcc.a(eqdf2.o)
                0x000275da                __eqdf2
                0x000275da                __nedf2
 .text          0x0002764e       0xd2 /opt/tinyQV/lib/gcc/riscv32-unknown-elf/16.1.0/libgcc.a(gedf2.o)
                0x0002764e                __gtdf2
                0x0002764e                __gedf2
 .text          0x00027720       0xd2 /opt/tinyQV/lib/gcc/riscv32-unknown-elf/16.1.0/libgcc.a(ledf2.o)
                0x00027720                __ltdf2
                0x00027720                __ledf2
 .text          0x000277f2      0x50c /opt/tinyQV/lib/gcc/riscv32-unknown-elf/16.1.0/libgcc.a(muldf3.o)
                0x000277f2                __muldf3
 .text          0x00027cfe      0x5bc /opt/tinyQV/lib/gcc/riscv32-unknown-elf/16.1.0/libgcc.a(subdf3.o)
                0x00027cfe                __subdf3
 .text          0x000282ba       0x64 /opt/tinyQV/lib/gcc/riscv32-unknown-elf/16.1.0/libgcc.a(fixdfsi.o)
                0x000282ba                __fixdfsi
 .text          0x0002831e       0x64 /opt/tinyQV/lib/gcc/riscv32-unknown-elf/16.1.0/libgcc.a(floatsidf.o)
                0x0002831e                __floatsidf
 .text          0x00028382       0xd6 /opt/tinyQV/lib/gcc/riscv32-unknown-elf/16.1.0/libgcc.a(eqtf2.o)
                0x00028382                __eqtf2
                0x00028382                __netf2
 .text          0x00028458      0x120 /opt/tinyQV/lib/gcc/riscv32-unknown-elf/16.1.0/libgcc.a(getf2.o)
                0x00028458                __getf2
                0x00028458                __gttf2
 .text          0x00028578      0x120 /opt/tinyQV/lib/gcc/riscv32-unknown-elf/16.1.0/libgcc.a(letf2.o)
                0x00028578                __letf2
                0x00028578                __lttf2
 .text          0x00028698      0xd92 /opt/tinyQV/lib/gcc/riscv32-unknown-elf/16.1.0/libgcc.a(multf3.o)
                0x00028698                __multf3
 .text          0x0002942a      0xeac /opt/tinyQV/lib/gcc/riscv32-unknown-elf/16.1.0/libgcc.a(subtf3.o)
                0x0002942a                __subtf3
 .text          0x0002a2d6       0x7e /opt/tinyQV/lib/gcc/riscv32-unknown-elf/16.1.0/libgcc.a(unordtf2.o)
                0x0002a2d6                __unordtf2
 .text          0x0002a354       0x9a /opt/tinyQV/lib/gcc/riscv32-unknown-elf/16.1.0/libgcc.a(fixtfsi.o)
                0x0002a354                __fixtfsi
 .text          0x0002a3ee       0xc4 /opt/tinyQV/lib/gcc/riscv32-unknown-elf/16.1.0/libgcc.a(floatsitf.o)
                0x0002a3ee                __floatsitf
 .text          0x0002a4b2      0x16e /opt/tinyQV/lib/gcc/riscv32-unknown-elf/16.1.0/libgcc.a(extenddftf2.o)
                0x0002a4b2                __extenddftf2
 *fill*         0x0002a620        0x0 
 .text          0x0002a620       0x7e /opt/tinyQV/lib/gcc/riscv32-unknown-elf/16.1.0/libgcc.a(div.o)
                0x0002a620                __divsi3
                0x0002a628                __hidden___udivsi3
                0x0002a628                __udivsi3
                0x0002a654                __umodsi3
                0x0002a678                __modsi3
 .text          0x0002a69e       0x3e /opt/tinyQV/lib/gcc/riscv32-unknown-elf/16.1.0/libgcc.a(_clzsi2.o)
                0x0002a69e                __clzsi2

.init_array     0x0002a6dc        0x4
                0x0002a6dc                        . = ALIGN (0x4)
                0x0002a6dc                        __init_array_start = .
 *(SORT_BY_INIT_PRIORITY(.init_array.*))
 .init_array.00000
                0x0002a6dc        0x4 /opt/tinyQV/riscv32-unknown-elf/lib/libc.a(libc_a-__call_atexit.o)
 *(.init_array)
                0x0002a6e0                        __init_array_end = .

.rodata         0x0002a6e0    0x25724
 *(.rodata*)
 .rodata.parse_u32.str1.4
                0x0002a6e0     0x4e7f obj/main.o
                                 0x12 (size before relaxing)
 .rodata.perc_hat.str1.4
                0x0002f55f        0x0 obj/main.o
                                  0x2 (size before relaxing)
 .rodata.perc_kick.str1.4
                0x0002f55f        0x0 obj/main.o
                                  0x2 (size before relaxing)
 .rodata.perc_snare.str1.4
                0x0002f55f        0x0 obj/main.o
                                  0x2 (size before relaxing)
 .rodata.arg_ch.constprop.0.str1.4
                0x0002f55f        0x0 obj/main.o
                                 0x29 (size before relaxing)
 .rodata.seq_quiet_arg.str1.4
                0x0002f55f        0x0 obj/main.o
                                  0xe (size before relaxing)
 .rodata.cli_readline.str1.4
                0x0002f55f        0x0 obj/main.o
                                  0x4 (size before relaxing)
 .rodata.note_name.str1.4
                0x0002f55f        0x0 obj/main.o
                                  0x5 (size before relaxing)
 .rodata.seq_play.str1.4
                0x0002f55f        0x0 obj/main.o
                                 0x41 (size before relaxing)
 *fill*         0x0002f55f        0x1 
 .rodata.seq_play
                0x0002f560       0x58 obj/main.o
 .rodata.cli_execute.str1.4
                0x0002f5b8        0x0 obj/main.o
                               0x19d3 (size before relaxing)
 .rodata.cli_execute
                0x0002f5b8       0x40 obj/main.o
 .rodata.main.str1.4
                0x0002f5f8        0x0 obj/main.o
                                 0xa2 (size before relaxing)
 .rodata.str1.4
                0x0002f5f8        0x0 obj/main.o
                                0x231 (size before relaxing)
 .rodata.names.4
                0x0002f5f8       0x30 obj/main.o
 .rodata.demo_adagio
                0x0002f628      0x168 obj/main.o
 .rodata.demo_timbres
                0x0002f790      0x192 obj/main.o